../Core/Src/dhcp.c:264:6:default_ip_assign	8	static
../Core/Src/dhcp.c:272:6:default_ip_update	8	static
../Core/Src/dhcp.c:282:6:default_ip_conflict	8	static
../Core/Src/dhcp.c:291:6:reg_dhcp_cbfunc	20	static
../Core/Src/dhcp.c:302:6:makeDHCPMSG	24	static
../Core/Src/dhcp.c:539:6:send_DHCP_DECLINE	24	static
../Core/Src/dhcp.c:599:8:parseDHCPMSG	80	static
../Core/Src/dhcp.c:883:9:DHCP_stop	8	static
../Core/Src/dhcp.c:942:8:check_DHCP_leasedIP	24	static
../Core/Src/dhcp.c:1012:6:reset_DHCP_timeout	0	static
../Core/Src/dhcp.c:977:6:DHCP_init	24	static
../Core/Src/dhcp.c:1019:6:DHCP_time_handler	0	static
../Core/Src/dhcp.c:1024:6:getIPfromDHCP	0	static
../Core/Src/dhcp.c:1032:6:getGWfromDHCP	0	static
../Core/Src/dhcp.c:1040:6:getZABBIXfromDHCP	0	static
../Core/Src/dhcp.c:1048:9:getControllerIDfromDHCP	0	static
../Core/Src/dhcp.c:1053:6:getHostNamefromDHCP	0	static
../Core/Src/dhcp.c:1066:6:getSNfromDHCP	0	static
../Core/Src/dhcp.c:1074:6:getDNSfromDHCP	0	static
../Core/Src/dhcp.c:1082:6:getTimeSrvfromDHCP	0	static
../Core/Src/dhcp.c:1090:10:getDHCPLeasetime	0	static
../Core/Src/dhcp.c:1095:6:NibbleToHex	0	static
../Core/Src/dhcp.c:361:6:send_DHCP_DISCOVER	48	static
../Core/Src/dhcp.c:437:6:send_DHCP_REQUEST	48	static
../Core/Src/dhcp.c:889:9:check_DHCP_timeout	16	static
../Core/Src/dhcp.c:753:9:DHCP_run	16	static
