../Core/Src/main.c:104:6:W5500_Select	0	static
../Core/Src/main.c:108:6:W5500_Unselect	0	static
../Core/Src/main.c:112:6:W5500_ReadBuff	0	static
../Core/Src/main.c:120:9:W5500_ReadByte	16	static
../Core/Src/main.c:116:6:W5500_WriteBuff	0	static
../Core/Src/main.c:126:6:W5500_WriteByte	16	static
../Core/Src/main.c:94:6:UART_Printf	272	static
../Core/Src/main.c:132:6:Callback_IPAssigned	8	static
../Core/Src/main.c:139:6:Callback_IPConflict	0	static
../Core/Src/main.c:166:9:sendToZabbix	280	static
../Core/Src/main.c:261:6:init_w5500	80	static
../Core/Src/main.c:336:10:sendWorld	24	static
../Core/Src/main.c:626:6:SystemClock_Config	88	static,ignoring_inline_asm
../Core/Src/main.c:356:5:main	160	static,ignoring_inline_asm
../Core/Src/main.c:1052:6:Error_Handler	0	static,ignoring_inline_asm
