../Core/Src/network_int.c:45:6:W5500_Select	0	static
../Core/Src/network_int.c:49:6:W5500_Unselect	0	static
../Core/Src/network_int.c:53:6:W5500_ReadBuff	0	static
../Core/Src/network_int.c:61:9:W5500_ReadByte	16	static
../Core/Src/network_int.c:57:6:W5500_WriteBuff	0	static
../Core/Src/network_int.c:67:6:W5500_WriteByte	16	static
../Core/Src/network_int.c:6:6:UART_Printf	272	static
../Core/Src/network_int.c:32:6:Callback_IPAssigned	8	static
../Core/Src/network_int.c:39:6:Callback_IPConflict	0	static
../Core/Src/network_int.c:71:6:send_tcp_data	32	static
../Core/Src/network_int.c:104:5:linsten_tcp_socket	96	static,ignoring_inline_asm
../Core/Src/network_int.c:352:6:init_w5500	88	static
../Core/Src/network_int.c:452:9:sendToZabbix	280	static
