../Core/Src/stm32g4xx_hal_msp.c:66:6:HAL_MspInit	8	static
../Core/Src/stm32g4xx_hal_msp.c:93:6:HAL_ADC_MspInit	128	static
../Core/Src/stm32g4xx_hal_msp.c:156:6:HAL_ADC_MspDeInit	8	static
../Core/Src/stm32g4xx_hal_msp.c:186:6:HAL_DAC_MspInit	48	static
../Core/Src/stm32g4xx_hal_msp.c:240:6:HAL_DAC_MspDeInit	0	static
../Core/Src/stm32g4xx_hal_msp.c:285:6:HAL_I2C_MspInit	120	static
../Core/Src/stm32g4xx_hal_msp.c:332:6:HAL_I2C_MspDeInit	8	static
../Core/Src/stm32g4xx_hal_msp.c:363:6:HAL_SPI_MspInit	40	static
../Core/Src/stm32g4xx_hal_msp.c:401:6:HAL_SPI_MspDeInit	0	static
../Core/Src/stm32g4xx_hal_msp.c:431:6:HAL_UART_MspInit	128	static
../Core/Src/stm32g4xx_hal_msp.c:497:6:HAL_UART_MspDeInit	8	static
