../Core/Src/main.c:83:10:sendWorld	24	static
../Core/Src/main.c:103:5:main	88	static
../Core/Src/main.c:311:6:SystemClock_Config	88	static
../Core/Src/main.c:359:13:MX_ADC1_Init	56	static
../Core/Src/main.c:427:13:MX_ADC3_Init	56	static
../Core/Src/main.c:495:13:MX_DAC1_Init	56	static
../Core/Src/main.c:542:13:MX_DAC2_Init	56	static
../Core/Src/main.c:589:13:MX_I2C2_Init	8	static
../Core/Src/main.c:637:13:MX_USART1_UART_Init	8	static
../Core/Src/main.c:683:13:MX_DMA_Init	16	static
../Core/Src/main.c:708:13:MX_GPIO_Init	40	static
../Core/Src/main.c:751:6:Error_Handler	4	static,ignoring_inline_asm
