Archive member included to satisfy reference by file (symbol)

/opt/st/stm32cubeide_1.17.0/plugins/com.st.stm32cube.ide.mcu.externaltools.gnu-tools-for-stm32.12.3.rel1.linux64_1.1.0.202410170702/tools/bin/../lib/gcc/arm-none-eabi/12.3.1/../../../../arm-none-eabi/lib/thumb/v7e-m+fp/hard/libm.a(libm_a-s_cos.o)
                              ./Core/Src/ssd1306.o (cos)
/opt/st/stm32cubeide_1.17.0/plugins/com.st.stm32cube.ide.mcu.externaltools.gnu-tools-for-stm32.12.3.rel1.linux64_1.1.0.202410170702/tools/bin/../lib/gcc/arm-none-eabi/12.3.1/../../../../arm-none-eabi/lib/thumb/v7e-m+fp/hard/libm.a(libm_a-s_sin.o)
                              ./Core/Src/ssd1306.o (sin)
/opt/st/stm32cubeide_1.17.0/plugins/com.st.stm32cube.ide.mcu.externaltools.gnu-tools-for-stm32.12.3.rel1.linux64_1.1.0.202410170702/tools/bin/../lib/gcc/arm-none-eabi/12.3.1/../../../../arm-none-eabi/lib/thumb/v7e-m+fp/hard/libm.a(libm_a-k_cos.o)
                              /opt/st/stm32cubeide_1.17.0/plugins/com.st.stm32cube.ide.mcu.externaltools.gnu-tools-for-stm32.12.3.rel1.linux64_1.1.0.202410170702/tools/bin/../lib/gcc/arm-none-eabi/12.3.1/../../../../arm-none-eabi/lib/thumb/v7e-m+fp/hard/libm.a(libm_a-s_cos.o) (__kernel_cos)
/opt/st/stm32cubeide_1.17.0/plugins/com.st.stm32cube.ide.mcu.externaltools.gnu-tools-for-stm32.12.3.rel1.linux64_1.1.0.202410170702/tools/bin/../lib/gcc/arm-none-eabi/12.3.1/../../../../arm-none-eabi/lib/thumb/v7e-m+fp/hard/libm.a(libm_a-k_sin.o)
                              /opt/st/stm32cubeide_1.17.0/plugins/com.st.stm32cube.ide.mcu.externaltools.gnu-tools-for-stm32.12.3.rel1.linux64_1.1.0.202410170702/tools/bin/../lib/gcc/arm-none-eabi/12.3.1/../../../../arm-none-eabi/lib/thumb/v7e-m+fp/hard/libm.a(libm_a-s_cos.o) (__kernel_sin)
/opt/st/stm32cubeide_1.17.0/plugins/com.st.stm32cube.ide.mcu.externaltools.gnu-tools-for-stm32.12.3.rel1.linux64_1.1.0.202410170702/tools/bin/../lib/gcc/arm-none-eabi/12.3.1/../../../../arm-none-eabi/lib/thumb/v7e-m+fp/hard/libm.a(libm_a-e_rem_pio2.o)
                              /opt/st/stm32cubeide_1.17.0/plugins/com.st.stm32cube.ide.mcu.externaltools.gnu-tools-for-stm32.12.3.rel1.linux64_1.1.0.202410170702/tools/bin/../lib/gcc/arm-none-eabi/12.3.1/../../../../arm-none-eabi/lib/thumb/v7e-m+fp/hard/libm.a(libm_a-s_cos.o) (__ieee754_rem_pio2)
/opt/st/stm32cubeide_1.17.0/plugins/com.st.stm32cube.ide.mcu.externaltools.gnu-tools-for-stm32.12.3.rel1.linux64_1.1.0.202410170702/tools/bin/../lib/gcc/arm-none-eabi/12.3.1/../../../../arm-none-eabi/lib/thumb/v7e-m+fp/hard/libm.a(libm_a-s_fabs.o)
                              /opt/st/stm32cubeide_1.17.0/plugins/com.st.stm32cube.ide.mcu.externaltools.gnu-tools-for-stm32.12.3.rel1.linux64_1.1.0.202410170702/tools/bin/../lib/gcc/arm-none-eabi/12.3.1/../../../../arm-none-eabi/lib/thumb/v7e-m+fp/hard/libm.a(libm_a-e_rem_pio2.o) (fabs)
/opt/st/stm32cubeide_1.17.0/plugins/com.st.stm32cube.ide.mcu.externaltools.gnu-tools-for-stm32.12.3.rel1.linux64_1.1.0.202410170702/tools/bin/../lib/gcc/arm-none-eabi/12.3.1/../../../../arm-none-eabi/lib/thumb/v7e-m+fp/hard/libm.a(libm_a-k_rem_pio2.o)
                              /opt/st/stm32cubeide_1.17.0/plugins/com.st.stm32cube.ide.mcu.externaltools.gnu-tools-for-stm32.12.3.rel1.linux64_1.1.0.202410170702/tools/bin/../lib/gcc/arm-none-eabi/12.3.1/../../../../arm-none-eabi/lib/thumb/v7e-m+fp/hard/libm.a(libm_a-e_rem_pio2.o) (__kernel_rem_pio2)
/opt/st/stm32cubeide_1.17.0/plugins/com.st.stm32cube.ide.mcu.externaltools.gnu-tools-for-stm32.12.3.rel1.linux64_1.1.0.202410170702/tools/bin/../lib/gcc/arm-none-eabi/12.3.1/../../../../arm-none-eabi/lib/thumb/v7e-m+fp/hard/libm.a(libm_a-s_scalbn.o)
                              /opt/st/stm32cubeide_1.17.0/plugins/com.st.stm32cube.ide.mcu.externaltools.gnu-tools-for-stm32.12.3.rel1.linux64_1.1.0.202410170702/tools/bin/../lib/gcc/arm-none-eabi/12.3.1/../../../../arm-none-eabi/lib/thumb/v7e-m+fp/hard/libm.a(libm_a-k_rem_pio2.o) (scalbn)
/opt/st/stm32cubeide_1.17.0/plugins/com.st.stm32cube.ide.mcu.externaltools.gnu-tools-for-stm32.12.3.rel1.linux64_1.1.0.202410170702/tools/bin/../lib/gcc/arm-none-eabi/12.3.1/../../../../arm-none-eabi/lib/thumb/v7e-m+fp/hard/libm.a(libm_a-s_floor.o)
                              /opt/st/stm32cubeide_1.17.0/plugins/com.st.stm32cube.ide.mcu.externaltools.gnu-tools-for-stm32.12.3.rel1.linux64_1.1.0.202410170702/tools/bin/../lib/gcc/arm-none-eabi/12.3.1/../../../../arm-none-eabi/lib/thumb/v7e-m+fp/hard/libm.a(libm_a-k_rem_pio2.o) (floor)
/opt/st/stm32cubeide_1.17.0/plugins/com.st.stm32cube.ide.mcu.externaltools.gnu-tools-for-stm32.12.3.rel1.linux64_1.1.0.202410170702/tools/bin/../lib/gcc/arm-none-eabi/12.3.1/../../../../arm-none-eabi/lib/thumb/v7e-m+fp/hard/libc_nano.a(libc_a-atoi.o)
                              ./Core/Src/network_int.o (atoi)
[...]
Memory Configuration

Name             Origin             Length             Attributes
RAM              0x20000000         0x00020000         xrw
FLASH            0x08000000         0x00080000         xr
*default*        0x00000000         0xffffffff

Linker script and memory map

LOAD /opt/st/stm32cubeide_1.17.0/plugins/com.st.stm32cube.ide.mcu.externaltools.gnu-tools-for-stm32.12.3.rel1.linux64_1.1.0.202410170702/tools/bin/../lib/gcc/arm-none-eabi/12.3.1/thumb/v7e-m+fp/hard/crti.o
LOAD /opt/st/stm32cubeide_1.17.0/plugins/com.st.stm32cube.ide.mcu.externaltools.gnu-tools-for-stm32.12.3.rel1.linux64_1.1.0.202410170702/tools/bin/../lib/gcc/arm-none-eabi/12.3.1/thumb/v7e-m+fp/hard/crtbegin.o
LOAD /opt/st/stm32cubeide_1.17.0/plugins/com.st.stm32cube.ide.mcu.externaltools.gnu-tools-for-stm32.12.3.rel1.linux64_1.1.0.202410170702/tools/bin/../lib/gcc/arm-none-eabi/12.3.1/../../../../arm-none-eabi/lib/thumb/v7e-m+fp/hard/crt0.o
LOAD ./Core/Src/AD5245.o
LOAD ./Core/Src/dhcp.o
LOAD ./Core/Src/main.o
LOAD ./Core/Src/network_int.o
LOAD ./Core/Src/socket.o
LOAD ./Core/Src/ssd1306.o
LOAD ./Core/Src/ssd1306_fonts.o
LOAD ./Core/Src/stm32g4xx_hal_msp.o
LOAD ./Core/Src/stm32g4xx_it.o
LOAD ./Core/Src/syscalls.o
LOAD ./Core/Src/sysmem.o
LOAD ./Core/Src/system_stm32g4xx.o
LOAD ./Core/Src/w5500.o
LOAD ./Core/Src/webpages.o
LOAD ./Core/Src/wizchip_conf.o
LOAD ./Core/Startup/startup_stm32g473cetx.o
LOAD ./Drivers/STM32G4xx_HAL_Driver/Src/stm32g4xx_hal.o
LOAD ./Drivers/STM32G4xx_HAL_Driver/Src/stm32g4xx_hal_adc.o
LOAD ./Drivers/STM32G4xx_HAL_Driver/Src/stm32g4xx_hal_adc_ex.o
LOAD ./Drivers/STM32G4xx_HAL_Driver/Src/stm32g4xx_hal_cortex.o
LOAD ./Drivers/STM32G4xx_HAL_Driver/Src/stm32g4xx_hal_dac.o
LOAD ./Drivers/STM32G4xx_HAL_Driver/Src/stm32g4xx_hal_dac_ex.o
LOAD ./Drivers/STM32G4xx_HAL_Driver/Src/stm32g4xx_hal_dma.o
LOAD ./Drivers/STM32G4xx_HAL_Driver/Src/stm32g4xx_hal_dma_ex.o
LOAD ./Drivers/STM32G4xx_HAL_Driver/Src/stm32g4xx_hal_exti.o
LOAD ./Drivers/STM32G4xx_HAL_Driver/Src/stm32g4xx_hal_flash.o
LOAD ./Drivers/STM32G4xx_HAL_Driver/Src/stm32g4xx_hal_flash_ex.o
LOAD ./Drivers/STM32G4xx_HAL_Driver/Src/stm32g4xx_hal_flash_ramfunc.o
LOAD ./Drivers/STM32G4xx_HAL_Driver/Src/stm32g4xx_hal_gpio.o
LOAD ./Drivers/STM32G4xx_HAL_Driver/Src/stm32g4xx_hal_i2c.o
LOAD ./Drivers/STM32G4xx_HAL_Driver/Src/stm32g4xx_hal_i2c_ex.o
LOAD ./Drivers/STM32G4xx_HAL_Driver/Src/stm32g4xx_hal_pwr.o
LOAD ./Drivers/STM32G4xx_HAL_Driver/Src/stm32g4xx_hal_pwr_ex.o
LOAD ./Drivers/STM32G4xx_HAL_Driver/Src/stm32g4xx_hal_rcc.o
LOAD ./Drivers/STM32G4xx_HAL_Driver/Src/stm32g4xx_hal_rcc_ex.o
LOAD ./Drivers/STM32G4xx_HAL_Driver/Src/stm32g4xx_hal_spi.o
LOAD ./Drivers/STM32G4xx_HAL_Driver/Src/stm32g4xx_hal_spi_ex.o
LOAD ./Drivers/STM32G4xx_HAL_Driver/Src/stm32g4xx_hal_uart.o
LOAD ./Drivers/STM32G4xx_HAL_Driver/Src/stm32g4xx_hal_uart_ex.o
LOAD ./Drivers/STM32G4xx_HAL_Driver/Src/stm32g4xx_ll_adc.o
START GROUP
LOAD /opt/st/stm32cubeide_1.17.0/plugins/com.st.stm32cube.ide.mcu.externaltools.gnu-tools-for-stm32.12.3.rel1.linux64_1.1.0.202410170702/tools/bin/../lib/gcc/arm-none-eabi/12.3.1/../../../../arm-none-eabi/lib/thumb/v7e-m+fp/hard/libstdc++_nano.a
LOAD /opt/st/stm32cubeide_1.17.0/plugins/com.st.stm32cube.ide.mcu.externaltools.gnu-tools-for-stm32.12.3.rel1.linux64_1.1.0.202410170702/tools/bin/../lib/gcc/arm-none-eabi/12.3.1/../../../../arm-none-eabi/lib/thumb/v7e-m+fp/hard/libsupc++_nano.a
END GROUP
LOAD /opt/st/stm32cubeide_1.17.0/plugins/com.st.stm32cube.ide.mcu.externaltools.gnu-tools-for-stm32.12.3.rel1.linux64_1.1.0.202410170702/tools/bin/../lib/gcc/arm-none-eabi/12.3.1/../../../../arm-none-eabi/lib/thumb/v7e-m+fp/hard/libstdc++_nano.a
LOAD /opt/st/stm32cubeide_1.17.0/plugins/com.st.stm32cube.ide.mcu.externaltools.gnu-tools-for-stm32.12.3.rel1.linux64_1.1.0.202410170702/tools/bin/../lib/gcc/arm-none-eabi/12.3.1/../../../../arm-none-eabi/lib/thumb/v7e-m+fp/hard/libm.a
LOAD /opt/st/stm32cubeide_1.17.0/plugins/com.st.stm32cube.ide.mcu.externaltools.gnu-tools-for-stm32.12.3.rel1.linux64_1.1.0.202410170702/tools/bin/../lib/gcc/arm-none-eabi/12.3.1/../../../../arm-none-eabi/lib/thumb/v7e-m+fp/hard/libc_nano.a
START GROUP
LOAD /opt/st/stm32cubeide_1.17.0/plugins/com.st.stm32cube.ide.mcu.externaltools.gnu-tools-for-stm32.12.3.rel1.linux64_1.1.0.202410170702/tools/bin/../lib/gcc/arm-none-eabi/12.3.1/thumb/v7e-m+fp/hard/libgcc.a
LOAD /opt/st/stm32cubeide_1.17.0/plugins/com.st.stm32cube.ide.mcu.externaltools.gnu-tools-for-stm32.12.3.rel1.linux64_1.1.0.202410170702/tools/bin/../lib/gcc/arm-none-eabi/12.3.1/../../../../arm-none-eabi/lib/thumb/v7e-m+fp/hard/libc_nano.a
END GROUP
START GROUP
LOAD /opt/st/stm32cubeide_1.17.0/plugins/com.st.stm32cube.ide.mcu.externaltools.gnu-tools-for-stm32.12.3.rel1.linux64_1.1.0.202410170702/tools/bin/../lib/gcc/arm-none-eabi/12.3.1/thumb/v7e-m+fp/hard/libgcc.a
LOAD /opt/st/stm32cubeide_1.17.0/plugins/com.st.stm32cube.ide.mcu.externaltools.gnu-tools-for-stm32.12.3.rel1.linux64_1.1.0.202410170702/tools/bin/../lib/gcc/arm-none-eabi/12.3.1/../../../../arm-none-eabi/lib/thumb/v7e-m+fp/hard/libc_nano.a
LOAD /opt/st/stm32cubeide_1.17.0/plugins/com.st.stm32cube.ide.mcu.externaltools.gnu-tools-for-stm32.12.3.rel1.linux64_1.1.0.202410170702/tools/bin/../lib/gcc/arm-none-eabi/12.3.1/../../../../arm-none-eabi/lib/thumb/v7e-m+fp/hard/libnosys.a
END GROUP
START GROUP
LOAD /opt/st/stm32cubeide_1.17.0/plugins/com.st.stm32cube.ide.mcu.externaltools.gnu-tools-for-stm32.12.3.rel1.linux64_1.1.0.202410170702/tools/bin/../lib/gcc/arm-none-eabi/12.3.1/thumb/v7e-m+fp/hard/libgcc.a
LOAD /opt/st/stm32cubeide_1.17.0/plugins/com.st.stm32cube.ide.mcu.externaltools.gnu-tools-for-stm32.12.3.rel1.linux64_1.1.0.202410170702/tools/bin/../lib/gcc/arm-none-eabi/12.3.1/../../../../arm-none-eabi/lib/thumb/v7e-m+fp/hard/libc_nano.a
LOAD /opt/st/stm32cubeide_1.17.0/plugins/com.st.stm32cube.ide.mcu.externaltools.gnu-tools-for-stm32.12.3.rel1.linux64_1.1.0.202410170702/tools/bin/../lib/gcc/arm-none-eabi/12.3.1/../../../../arm-none-eabi/lib/thumb/v7e-m+fp/hard/libnosys.a
END GROUP
LOAD /opt/st/stm32cubeide_1.17.0/plugins/com.st.stm32cube.ide.mcu.externaltools.gnu-tools-for-stm32.12.3.rel1.linux64_1.1.0.202410170702/tools/bin/../lib/gcc/arm-none-eabi/12.3.1/thumb/v7e-m+fp/hard/crtend.o
LOAD /opt/st/stm32cubeide_1.17.0/plugins/com.st.stm32cube.ide.mcu.externaltools.gnu-tools-for-stm32.12.3.rel1.linux64_1.1.0.202410170702/tools/bin/../lib/gcc/arm-none-eabi/12.3.1/thumb/v7e-m+fp/hard/crtn.o
                0x20020000                        _estack = (ORIGIN (RAM) + LENGTH (RAM))
                0x00000200                        _Min_Heap_Size = 0x200
                0x00000400                        _Min_Stack_Size = 0x400

.isr_vector     0x08000000      0x1d8
                0x08000000                        . = ALIGN (0x4)
 *(.isr_vector)
 .isr_vector    0x08000000      0x1d8 ./Core/Startup/startup_stm32g473cetx.o
                0x08000000                g_pfnVectors
                0x080001d8                        . = ALIGN (0x4)

.text           0x080001e0     0xa5dc
                0x080001e0                        . = ALIGN (0x4)
 *(.text)
 .text          0x080001e0       0x40 /opt/st/stm32cubeide_1.17.0/plugins/com.st.stm32cube.ide.mcu.externaltools.gnu-tools-for-stm32.12.3.rel1.linux64_1.1.0.202410170702/tools/bin/../lib/gcc/arm-none-eabi/12.3.1/thumb/v7e-m+fp/hard/crtbegin.o
 .text          0x08000220       0x14 /opt/st/stm32cubeide_1.17.0/plugins/com.st.stm32cube.ide.mcu.externaltools.gnu-tools-for-stm32.12.3.rel1.linux64_1.1.0.202410170702/tools/bin/../lib/gcc/arm-none-eabi/12.3.1/../../../../arm-none-eabi/lib/thumb/v7e-m+fp/hard/libc_nano.a(libc_a-strcmp.o)
                0x08000220                strcmp
 *fill*         0x08000234        0xc 
 .text          0x08000240       0xa0 /opt/st/stm32cubeide_1.17.0/plugins/com.st.stm32cube.ide.mcu.externaltools.gnu-tools-for-stm32.12.3.rel1.linux64_1.1.0.202410170702/tools/bin/../lib/gcc/arm-none-eabi/12.3.1/../../../../arm-none-eabi/lib/thumb/v7e-m+fp/hard/libc_nano.a(libc_a-memchr.o)
                0x08000240                memchr
 .text          0x080002e0       0x10 /opt/st/stm32cubeide_1.17.0/plugins/com.st.stm32cube.ide.mcu.externaltools.gnu-tools-for-stm32.12.3.rel1.linux64_1.1.0.202410170702/tools/bin/../lib/gcc/arm-none-eabi/12.3.1/../../../../arm-none-eabi/lib/thumb/v7e-m+fp/hard/libc_nano.a(libc_a-strlen.o)
                0x080002e0                strlen
 .text          0x080002f0      0x378 /opt/st/stm32cubeide_1.17.0/plugins/com.st.stm32cube.ide.mcu.externaltools.gnu-tools-for-stm32.12.3.rel1.linux64_1.1.0.202410170702/tools/bin/../lib/gcc/arm-none-eabi/12.3.1/thumb/v7e-m+fp/hard/libgcc.a(_arm_addsubdf3.o)
                0x080002f0                __aeabi_drsub
                0x080002f8                __aeabi_dsub
                0x080002f8                __subdf3
                0x080002fc                __adddf3
                0x080002fc                __aeabi_dadd
                0x08000574                __aeabi_ui2d
                0x08000574                __floatunsidf
                0x08000594                __floatsidf
                0x08000594                __aeabi_i2d
                0x080005b8                __extendsfdf2
                0x080005b8                __aeabi_f2d
                0x080005fc                __aeabi_ul2d
                0x080005fc                __floatundidf
                0x0800060c                __floatdidf
                0x0800060c                __aeabi_l2d
 .text          0x08000668      0x424 /opt/st/stm32cubeide_1.17.0/plugins/com.st.stm32cube.ide.mcu.externaltools.gnu-tools-for-stm32.12.3.rel1.linux64_1.1.0.202410170702/tools/bin/../lib/gcc/arm-none-eabi/12.3.1/thumb/v7e-m+fp/hard/libgcc.a(_arm_muldivdf3.o)
                0x08000668                __aeabi_dmul
                0x08000668                __muldf3
                0x080008bc                __aeabi_ddiv
                0x080008bc                __divdf3
 .text          0x08000a8c      0x110 /opt/st/stm32cubeide_1.17.0/plugins/com.st.stm32cube.ide.mcu.externaltools.gnu-tools-for-stm32.12.3.rel1.linux64_1.1.0.202410170702/tools/bin/../lib/gcc/arm-none-eabi/12.3.1/thumb/v7e-m+fp/hard/libgcc.a(_arm_cmpdf2.o)
                0x08000a8c                __gtdf2
                0x08000a8c                __gedf2
                0x08000a94                __ltdf2
                0x08000a94                __ledf2
                0x08000a9c                __cmpdf2
                0x08000a9c                __eqdf2
                0x08000a9c                __nedf2
                0x08000b18                __aeabi_cdrcmple
                0x08000b28                __aeabi_cdcmple
                0x08000b28                __aeabi_cdcmpeq
                0x08000b38                __aeabi_dcmpeq
                0x08000b4c                __aeabi_dcmplt
                0x08000b60                __aeabi_dcmple
                0x08000b74                __aeabi_dcmpge
                0x08000b88                __aeabi_dcmpgt
 .text          0x08000b9c       0x2c /opt/st/stm32cubeide_1.17.0/plugins/com.st.stm32cube.ide.mcu.externaltools.gnu-tools-for-stm32.12.3.rel1.linux64_1.1.0.202410170702/tools/bin/../lib/gcc/arm-none-eabi/12.3.1/thumb/v7e-m+fp/hard/libgcc.a(_arm_unorddf2.o)
                0x08000b9c                __aeabi_dcmpun
                0x08000b9c                __unorddf2
 .text          0x08000bc8       0x50 /opt/st/stm32cubeide_1.17.0/plugins/com.st.stm32cube.ide.mcu.externaltools.gnu-tools-for-stm32.12.3.rel1.linux64_1.1.0.202410170702/tools/bin/../lib/gcc/arm-none-eabi/12.3.1/thumb/v7e-m+fp/hard/libgcc.a(_arm_fixdfsi.o)
                0x08000bc8                __fixdfsi
                0x08000bc8                __aeabi_d2iz
 .text          0x08000c18       0x30 /opt/st/stm32cubeide_1.17.0/plugins/com.st.stm32cube.ide.mcu.externaltools.gnu-tools-for-stm32.12.3.rel1.linux64_1.1.0.202410170702/tools/bin/../lib/gcc/arm-none-eabi/12.3.1/thumb/v7e-m+fp/hard/libgcc.a(_aeabi_uldivmod.o)
                0x08000c18                __aeabi_uldivmod
 .text          0x08000c48      0x2bc /opt/st/stm32cubeide_1.17.0/plugins/com.st.stm32cube.ide.mcu.externaltools.gnu-tools-for-stm32.12.3.rel1.linux64_1.1.0.202410170702/tools/bin/../lib/gcc/arm-none-eabi/12.3.1/thumb/v7e-m+fp/hard/libgcc.a(_udivmoddi4.o)
                0x08000c48                __udivmoddi4
 .text          0x08000f04        0x4 /opt/st/stm32cubeide_1.17.0/plugins/com.st.stm32cube.ide.mcu.externaltools.gnu-tools-for-stm32.12.3.rel1.linux64_1.1.0.202410170702/tools/bin/../lib/gcc/arm-none-eabi/12.3.1/thumb/v7e-m+fp/hard/libgcc.a(_dvmd_tls.o)
                0x08000f04                __aeabi_ldiv0
                0x08000f04                __aeabi_idiv0
 *(.text*)
 .text.AD5245level
                0x08000f08       0x28 ./Core/Src/AD5245.o
                0x08000f08                AD5245level
 .text.default_ip_assign
                0x08000f30       0x38 ./Core/Src/dhcp.o
                0x08000f30                default_ip_assign
 .text.default_ip_update
                0x08000f68       0x28 ./Core/Src/dhcp.o
                0x08000f68                default_ip_update
 .text.default_ip_conflict
                0x08000f90       0x24 ./Core/Src/dhcp.o
                0x08000f90                default_ip_conflict
 .text.reg_dhcp_cbfunc
                0x08000fb4       0x40 ./Core/Src/dhcp.o
                0x08000fb4                reg_dhcp_cbfunc
 .text.makeDHCPMSG
                0x08000ff4       0x98 ./Core/Src/dhcp.o
                0x08000ff4                makeDHCPMSG
 .text.send_DHCP_DECLINE
                0x0800108c       0xd0 ./Core/Src/dhcp.o
                0x0800108c                send_DHCP_DECLINE
 .text.parseDHCPMSG
                0x0800115c      0x304 ./Core/Src/dhcp.o
                0x0800115c                parseDHCPMSG
 .text.check_DHCP_leasedIP
                0x08001460       0x64 ./Core/Src/dhcp.o
                0x08001460                check_DHCP_leasedIP
 .text.reset_DHCP_timeout
                0x080014c4       0x20 ./Core/Src/dhcp.o
                0x080014c4                reset_DHCP_timeout
 .text.DHCP_init
                0x080014e4       0xb0 ./Core/Src/dhcp.o
                0x080014e4                DHCP_init
 .text.DHCP_time_handler
                0x08001594       0x10 ./Core/Src/dhcp.o
                0x08001594                DHCP_time_handler
 .text.getIPfromDHCP
                0x080015a4       0x18 ./Core/Src/dhcp.o
                0x080015a4                getIPfromDHCP
 .text.getGWfromDHCP
                0x080015bc       0x18 ./Core/Src/dhcp.o
                0x080015bc                getGWfromDHCP
 .text.getSNfromDHCP
                0x080015d4       0x18 ./Core/Src/dhcp.o
                0x080015d4                getSNfromDHCP
 .text.getDNSfromDHCP
                0x080015ec       0x18 ./Core/Src/dhcp.o
                0x080015ec                getDNSfromDHCP
 .text.getDHCPLeasetime
                0x08001604        0xc ./Core/Src/dhcp.o
                0x08001604                getDHCPLeasetime
 .text.NibbleToHex
                0x08001610        0xe ./Core/Src/dhcp.o
                0x08001610                NibbleToHex
 *fill*         0x0800161e        0x2 
 .text.send_DHCP_DISCOVER
                0x08001620      0x1e8 ./Core/Src/dhcp.o
                0x08001620                send_DHCP_DISCOVER
 .text.send_DHCP_REQUEST
                0x08001808      0x290 ./Core/Src/dhcp.o
                0x08001808                send_DHCP_REQUEST
 .text.check_DHCP_timeout
                0x08001a98       0x84 ./Core/Src/dhcp.o
                0x08001a98                check_DHCP_timeout
 .text.DHCP_run
                0x08001b1c      0x17c ./Core/Src/dhcp.o
                0x08001b1c                DHCP_run
 .text.sendWorld
                0x08001c98       0x74 ./Core/Src/main.o
                0x08001c98                sendWorld
 .text.SystemClock_Config
                0x08001d0c       0x72 ./Core/Src/main.o
                0x08001d0c                SystemClock_Config
 *fill*         0x08001d7e        0x2 
 .text.startup.main
                0x08001d80      0xa84 ./Core/Src/main.o
                0x08001d80                main
 .text.Error_Handler
                0x08002804        0x4 ./Core/Src/main.o
                0x08002804                Error_Handler
 .text.W5500_Select
                0x08002808       0x10 ./Core/Src/network_int.o
                0x08002808                W5500_Select
 .text.W5500_Unselect
                0x08002818       0x10 ./Core/Src/network_int.o
                0x08002818                W5500_Unselect
 .text.W5500_ReadBuff
                0x08002828       0x14 ./Core/Src/network_int.o
                0x08002828                W5500_ReadBuff
 .text.W5500_ReadByte
                0x0800283c       0x16 ./Core/Src/network_int.o
                0x0800283c                W5500_ReadByte
 *fill*         0x08002852        0x2 
 .text.W5500_WriteBuff
                0x08002854       0x14 ./Core/Src/network_int.o
                0x08002854                W5500_WriteBuff
 .text.W5500_WriteByte
                0x08002868       0x16 ./Core/Src/network_int.o
                0x08002868                W5500_WriteByte
 *fill*         0x0800287e        0x2 
 .text.UART_Printf
                0x08002880       0x3c ./Core/Src/network_int.o
                0x08002880                UART_Printf
 .text.Callback_IPAssigned
                0x080028bc       0x20 ./Core/Src/network_int.o
                0x080028bc                Callback_IPAssigned
 .text.Callback_IPConflict
                0x080028dc        0xc ./Core/Src/network_int.o
                0x080028dc                Callback_IPConflict
 .text.send_tcp_data
                0x080028e8       0x5a ./Core/Src/network_int.o
                0x080028e8                send_tcp_data
 *fill*         0x08002942        0x2 
 .text.linsten_tcp_socket
                0x08002944      0x474 ./Core/Src/network_int.o
                0x08002944                linsten_tcp_socket
 .text.init_w5500
                0x08002db8      0x18c ./Core/Src/network_int.o
                0x08002db8                init_w5500
 .text.close    0x08002f44       0x7c ./Core/Src/socket.o
                0x08002f44                close
 .text.socket   0x08002fc0      0x124 ./Core/Src/socket.o
                0x08002fc0                socket
 .text.listen   0x080030e4       0x6a ./Core/Src/socket.o
                0x080030e4                listen
 *fill*         0x0800314e        0x2 
 .text.disconnect
                0x08003150       0x88 ./Core/Src/socket.o
                0x08003150                disconnect
 .text.send     0x080031d8      0x114 ./Core/Src/socket.o
                0x080031d8                send
 .text.recv     0x080032ec       0xe4 ./Core/Src/socket.o
                0x080032ec                recv
 .text.sendto   0x080033d0      0x150 ./Core/Src/socket.o
                0x080033d0                sendto
 .text.recvfrom
                0x08003520      0x1fc ./Core/Src/socket.o
                0x08003520                recvfrom
 .text.ctlsocket
                0x0800371c       0xb8 ./Core/Src/socket.o
                0x0800371c                ctlsocket
 .text.ssd1306_WriteCommand
                0x080037d4       0x2c ./Core/Src/ssd1306.o
                0x080037d4                ssd1306_WriteCommand
 .text.ssd1306_WriteData
                0x08003800       0x24 ./Core/Src/ssd1306.o
                0x08003800                ssd1306_WriteData
 .text.ssd1306_Fill
                0x08003824       0x20 ./Core/Src/ssd1306.o
                0x08003824                ssd1306_Fill
 .text.ssd1306_UpdateScreen
                0x08003844       0x2c ./Core/Src/ssd1306.o
                0x08003844                ssd1306_UpdateScreen
 .text.ssd1306_Init
                0x08003870       0x6c ./Core/Src/ssd1306.o
                0x08003870                ssd1306_Init
 .text.ssd1306_DrawPixel
                0x080038dc       0x30 ./Core/Src/ssd1306.o
                0x080038dc                ssd1306_DrawPixel
 .text.ssd1306_WriteChar
                0x0800390c       0xac ./Core/Src/ssd1306.o
                0x0800390c                ssd1306_WriteChar
 .text.ssd1306_WriteString
                0x080039b8       0x28 ./Core/Src/ssd1306.o
                0x080039b8                ssd1306_WriteString
 .text.ssd1306_SetCursor
                0x080039e0        0xc ./Core/Src/ssd1306.o
                0x080039e0                ssd1306_SetCursor
 .text.HAL_MspInit
                0x080039ec       0x34 ./Core/Src/stm32g4xx_hal_msp.o
                0x080039ec                HAL_MspInit
 .text.HAL_ADC_MspInit
                0x08003a20       0xbc ./Core/Src/stm32g4xx_hal_msp.o
                0x08003a20                HAL_ADC_MspInit
 .text.HAL_DAC_MspInit
                0x08003adc       0x94 ./Core/Src/stm32g4xx_hal_msp.o
                0x08003adc                HAL_DAC_MspInit
 .text.HAL_I2C_MspInit
                0x08003b70       0x8c ./Core/Src/stm32g4xx_hal_msp.o
                0x08003b70                HAL_I2C_MspInit
 .text.HAL_SPI_MspInit
                0x08003bfc       0x68 ./Core/Src/stm32g4xx_hal_msp.o
                0x08003bfc                HAL_SPI_MspInit
 .text.HAL_UART_MspInit
                0x08003c64       0xbc ./Core/Src/stm32g4xx_hal_msp.o
                0x08003c64                HAL_UART_MspInit
 .text.NMI_Handler
                0x08003d20        0x2 ./Core/Src/stm32g4xx_it.o
                0x08003d20                NMI_Handler
 .text.HardFault_Handler
                0x08003d22        0x2 ./Core/Src/stm32g4xx_it.o
                0x08003d22                HardFault_Handler
 .text.MemManage_Handler
                0x08003d24        0x2 ./Core/Src/stm32g4xx_it.o
                0x08003d24                MemManage_Handler
 .text.BusFault_Handler
                0x08003d26        0x2 ./Core/Src/stm32g4xx_it.o
                0x08003d26                BusFault_Handler
 .text.UsageFault_Handler
                0x08003d28        0x2 ./Core/Src/stm32g4xx_it.o
                0x08003d28                UsageFault_Handler
 .text.SVC_Handler
                0x08003d2a        0x2 ./Core/Src/stm32g4xx_it.o
                0x08003d2a                SVC_Handler
 .text.DebugMon_Handler
                0x08003d2c        0x2 ./Core/Src/stm32g4xx_it.o
                0x08003d2c                DebugMon_Handler
 .text.PendSV_Handler
                0x08003d2e        0x2 ./Core/Src/stm32g4xx_it.o
                0x08003d2e                PendSV_Handler
 .text.SysTick_Handler
                0x08003d30       0x28 ./Core/Src/stm32g4xx_it.o
                0x08003d30                SysTick_Handler
 .text.DMA1_Channel1_IRQHandler
                0x08003d58       0x38 ./Core/Src/stm32g4xx_it.o
                0x08003d58                DMA1_Channel1_IRQHandler
 .text.DMA1_Channel2_IRQHandler
                0x08003d90       0x18 ./Core/Src/stm32g4xx_it.o
                0x08003d90                DMA1_Channel2_IRQHandler
 .text._getpid  0x08003da8        0x4 ./Core/Src/syscalls.o
                0x08003da8                _getpid
 .text._kill    0x08003dac       0x10 ./Core/Src/syscalls.o
                0x08003dac                _kill
 .text._exit    0x08003dbc        0xc ./Core/Src/syscalls.o
                0x08003dbc                _exit
 .text._read    0x08003dc8       0x1c ./Core/Src/syscalls.o
                0x08003dc8                _read
 .text._write   0x08003de4       0x1c ./Core/Src/syscalls.o
                0x08003de4                _write
 .text._close   0x08003e00        0x6 ./Core/Src/syscalls.o
                0x08003e00                _close
 .text._fstat   0x08003e06        0xa ./Core/Src/syscalls.o
                0x08003e06                _fstat
 .text._isatty  0x08003e10        0x4 ./Core/Src/syscalls.o
                0x08003e10                _isatty
 .text._lseek   0x08003e14        0x4 ./Core/Src/syscalls.o
                0x08003e14                _lseek
 .text._sbrk    0x08003e18       0x40 ./Core/Src/sysmem.o
                0x08003e18                _sbrk
 .text.SystemInit
                0x08003e58       0x14 ./Core/Src/system_stm32g4xx.o
                0x08003e58                SystemInit
 .text.WIZCHIP_READ
                0x08003e6c       0x5c ./Core/Src/w5500.o
                0x08003e6c                WIZCHIP_READ
 .text.WIZCHIP_WRITE
                0x08003ec8       0x64 ./Core/Src/w5500.o
                0x08003ec8                WIZCHIP_WRITE
 .text.WIZCHIP_READ_BUF
                0x08003f2c       0x74 ./Core/Src/w5500.o
                0x08003f2c                WIZCHIP_READ_BUF
 .text.WIZCHIP_WRITE_BUF
                0x08003fa0       0x74 ./Core/Src/w5500.o
                0x08003fa0                WIZCHIP_WRITE_BUF
 .text.getSn_TX_FSR
                0x08004014       0x42 ./Core/Src/w5500.o
                0x08004014                getSn_TX_FSR
 .text.getSn_RX_RSR
                0x08004056       0x42 ./Core/Src/w5500.o
                0x08004056                getSn_RX_RSR
 .text.wiz_send_data
                0x08004098       0x5a ./Core/Src/w5500.o
                0x08004098                wiz_send_data
 .text.wiz_recv_data
                0x080040f2       0x5a ./Core/Src/w5500.o
                0x080040f2                wiz_recv_data
 .text.wiz_recv_ignore
                0x0800414c       0x3c ./Core/Src/w5500.o
                0x0800414c                wiz_recv_ignore
 .text.wizchip_cris_enter
                0x08004188        0x2 ./Core/Src/wizchip_conf.o
                0x08004188                wizchip_cris_enter
 .text.wizchip_bus_readdata
                0x0800418a        0x4 ./Core/Src/wizchip_conf.o
                0x0800418a                wizchip_bus_readdata
 .text.wizchip_bus_writedata
                0x0800418e        0x4 ./Core/Src/wizchip_conf.o
                0x0800418e                wizchip_bus_writedata
 .text.wizchip_spi_readbyte
                0x08004192        0x4 ./Core/Src/wizchip_conf.o
                0x08004192                wizchip_spi_readbyte
 .text.wizchip_spi_writebyte
                0x08004196        0x2 ./Core/Src/wizchip_conf.o
                0x08004196                wizchip_spi_writebyte
 .text.wizchip_spi_readburst
                0x08004198        0x2 ./Core/Src/wizchip_conf.o
                0x08004198                wizchip_spi_readburst
 .text.wizchip_spi_writeburst
                0x0800419a        0x2 ./Core/Src/wizchip_conf.o
                0x0800419a                wizchip_spi_writeburst
 .text.wizchip_cris_exit
                0x0800419c        0x2 ./Core/Src/wizchip_conf.o
                0x0800419c                wizchip_cris_exit
 .text.wizchip_cs_select
                0x0800419e        0x2 ./Core/Src/wizchip_conf.o
                0x0800419e                wizchip_cs_select
 .text.wizchip_cs_deselect
                0x080041a0        0x2 ./Core/Src/wizchip_conf.o
                0x080041a0                wizchip_cs_deselect
 *fill*         0x080041a2        0x2 
 .text.reg_wizchip_cs_cbfunc
                0x080041a4       0x1c ./Core/Src/wizchip_conf.o
                0x080041a4                reg_wizchip_cs_cbfunc
 .text.reg_wizchip_spi_cbfunc
                0x080041c0       0x24 ./Core/Src/wizchip_conf.o
                0x080041c0                reg_wizchip_spi_cbfunc
 .text.reg_wizchip_spiburst_cbfunc
                0x080041e4       0x24 ./Core/Src/wizchip_conf.o
                0x080041e4                reg_wizchip_spiburst_cbfunc
 .text.wizchip_sw_reset
                0x08004208       0x7a ./Core/Src/wizchip_conf.o
                0x08004208                wizchip_sw_reset
 .text.wizchip_init
                0x08004282       0x88 ./Core/Src/wizchip_conf.o
                0x08004282                wizchip_init
 *fill*         0x0800430a        0x2 
 .text.wizchip_setnetinfo
                0x0800430c       0x5c ./Core/Src/wizchip_conf.o
                0x0800430c                wizchip_setnetinfo
 .text.wizchip_getnetinfo
                0x08004368       0x5c ./Core/Src/wizchip_conf.o
                0x08004368                wizchip_getnetinfo
 .text.wizchip_setnetmode
                0x080043c4       0x26 ./Core/Src/wizchip_conf.o
                0x080043c4                wizchip_setnetmode
 .text.wizchip_getnetmode
                0x080043ea        0x6 ./Core/Src/wizchip_conf.o
                0x080043ea                wizchip_getnetmode
 .text.wizchip_settimeout
                0x080043f0       0x28 ./Core/Src/wizchip_conf.o
                0x080043f0                wizchip_settimeout
 .text.wizchip_gettimeout
                0x08004418       0x28 ./Core/Src/wizchip_conf.o
                0x08004418                wizchip_gettimeout
 .text.ctlnetwork
                0x08004440       0x4c ./Core/Src/wizchip_conf.o
                0x08004440                ctlnetwork
 .text.Reset_Handler
                0x0800448c       0x50 ./Core/Startup/startup_stm32g473cetx.o
                0x0800448c                Reset_Handler
 .text.Default_Handler
                0x080044dc        0x2 ./Core/Startup/startup_stm32g473cetx.o
                0x080044dc                RTC_Alarm_IRQHandler
                0x080044dc                EXTI2_IRQHandler
                0x080044dc                TIM8_TRG_COM_IRQHandler
                0x080044dc                TIM8_CC_IRQHandler
                0x080044dc                SPI4_IRQHandler
                0x080044dc                FDCAN3_IT0_IRQHandler
                0x080044dc                TIM1_CC_IRQHandler
                0x080044dc                USB_HP_IRQHandler
                0x080044dc                CORDIC_IRQHandler
                0x080044dc                DMA2_Channel8_IRQHandler
                0x080044dc                EXTI3_IRQHandler
                0x080044dc                I2C3_ER_IRQHandler
                0x080044dc                EXTI0_IRQHandler
                0x080044dc                I2C2_EV_IRQHandler
                0x080044dc                FPU_IRQHandler
                0x080044dc                FDCAN1_IT1_IRQHandler
                0x080044dc                TIM1_UP_TIM16_IRQHandler
                0x080044dc                ADC1_2_IRQHandler
                0x080044dc                SPI1_IRQHandler
                0x080044dc                TIM6_DAC_IRQHandler
                0x080044dc                TIM8_UP_IRQHandler
                0x080044dc                DMA2_Channel2_IRQHandler
                0x080044dc                DMA1_Channel4_IRQHandler
                0x080044dc                TIM20_TRG_COM_IRQHandler
                0x080044dc                USART3_IRQHandler
                0x080044dc                DMA1_Channel7_IRQHandler
                0x080044dc                UART5_IRQHandler
                0x080044dc                ADC3_IRQHandler
                0x080044dc                TIM4_IRQHandler
                0x080044dc                DMA2_Channel1_IRQHandler
                0x080044dc                QUADSPI_IRQHandler
                0x080044dc                I2C1_EV_IRQHandler
                0x080044dc                DMA1_Channel6_IRQHandler
                0x080044dc                UART4_IRQHandler
                0x080044dc                DMA2_Channel4_IRQHandler
                0x080044dc                TIM3_IRQHandler
                0x080044dc                RCC_IRQHandler
                0x080044dc                TIM20_UP_IRQHandler
                0x080044dc                Default_Handler
                0x080044dc                DMA2_Channel7_IRQHandler
                0x080044dc                RTC_TAMP_LSECSS_IRQHandler
                0x080044dc                FMAC_IRQHandler
                0x080044dc                EXTI15_10_IRQHandler
                0x080044dc                DMA1_Channel8_IRQHandler
                0x080044dc                TIM7_DAC_IRQHandler
                0x080044dc                FDCAN3_IT1_IRQHandler
                0x080044dc                TIM5_IRQHandler
                0x080044dc                UCPD1_IRQHandler
                0x080044dc                I2C3_EV_IRQHandler
                0x080044dc                EXTI9_5_IRQHandler
                0x080044dc                RTC_WKUP_IRQHandler
                0x080044dc                PVD_PVM_IRQHandler
                0x080044dc                SPI2_IRQHandler
                0x080044dc                ADC5_IRQHandler
                0x080044dc                DMA2_Channel5_IRQHandler
                0x080044dc                CRS_IRQHandler
                0x080044dc                DMA1_Channel5_IRQHandler
                0x080044dc                USB_LP_IRQHandler
                0x080044dc                EXTI4_IRQHandler
                0x080044dc                RNG_IRQHandler
                0x080044dc                TIM1_TRG_COM_TIM17_IRQHandler
                0x080044dc                FDCAN2_IT1_IRQHandler
                0x080044dc                DMA1_Channel3_IRQHandler
                0x080044dc                ADC4_IRQHandler
                0x080044dc                WWDG_IRQHandler
                0x080044dc                I2C4_EV_IRQHandler
                0x080044dc                FDCAN2_IT0_IRQHandler
                0x080044dc                LPUART1_IRQHandler
                0x080044dc                DMA2_Channel6_IRQHandler
                0x080044dc                FDCAN1_IT0_IRQHandler
                0x080044dc                TIM2_IRQHandler
                0x080044dc                COMP7_IRQHandler
                0x080044dc                COMP1_2_3_IRQHandler
                0x080044dc                EXTI1_IRQHandler
                0x080044dc                USART2_IRQHandler
                0x080044dc                COMP4_5_6_IRQHandler
                0x080044dc                TIM20_BRK_IRQHandler
                0x080044dc                I2C2_ER_IRQHandler
                0x080044dc                TIM8_BRK_IRQHandler
                0x080044dc                FLASH_IRQHandler
                0x080044dc                TIM20_CC_IRQHandler
                0x080044dc                USART1_IRQHandler
                0x080044dc                SPI3_IRQHandler
                0x080044dc                I2C1_ER_IRQHandler
                0x080044dc                FMC_IRQHandler
                0x080044dc                LPTIM1_IRQHandler
                0x080044dc                DMAMUX_OVR_IRQHandler
                0x080044dc                I2C4_ER_IRQHandler
                0x080044dc                USBWakeUp_IRQHandler
                0x080044dc                SAI1_IRQHandler
                0x080044dc                DMA2_Channel3_IRQHandler
                0x080044dc                TIM1_BRK_TIM15_IRQHandler
 *fill*         0x080044de        0x2 
 .text.HAL_InitTick
                0x080044e0       0x4c ./Drivers/STM32G4xx_HAL_Driver/Src/stm32g4xx_hal.o
                0x080044e0                HAL_InitTick
 .text.HAL_Init
                0x0800452c       0x1e ./Drivers/STM32G4xx_HAL_Driver/Src/stm32g4xx_hal.o
                0x0800452c                HAL_Init
 *fill*         0x0800454a        0x2 
 .text.HAL_IncTick
                0x0800454c       0x18 ./Drivers/STM32G4xx_HAL_Driver/Src/stm32g4xx_hal.o
                0x0800454c                HAL_IncTick
 .text.HAL_GetTick
                0x08004564        0xc ./Drivers/STM32G4xx_HAL_Driver/Src/stm32g4xx_hal.o
                0x08004564                HAL_GetTick
 .text.HAL_Delay
                0x08004570       0x28 ./Drivers/STM32G4xx_HAL_Driver/Src/stm32g4xx_hal.o
                0x08004570                HAL_Delay
 .text.LL_ADC_SetChannelSamplingTime
                0x08004598       0x20 ./Drivers/STM32G4xx_HAL_Driver/Src/stm32g4xx_hal_adc.o
 .text.LL_ADC_IsEnabled
                0x080045b8        0x8 ./Drivers/STM32G4xx_HAL_Driver/Src/stm32g4xx_hal_adc.o
 .text.LL_ADC_REG_IsConversionOngoing
                0x080045c0        0x8 ./Drivers/STM32G4xx_HAL_Driver/Src/stm32g4xx_hal_adc.o
 .text.HAL_ADC_Init
                0x080045c8      0x230 ./Drivers/STM32G4xx_HAL_Driver/Src/stm32g4xx_hal_adc.o
                0x080045c8                HAL_ADC_Init
 .text.HAL_ADC_ConvCpltCallback
                0x080047f8        0x2 ./Drivers/STM32G4xx_HAL_Driver/Src/stm32g4xx_hal_adc.o
                0x080047f8                HAL_ADC_ConvCpltCallback
 .text.HAL_ADC_ConvHalfCpltCallback
                0x080047fa        0x2 ./Drivers/STM32G4xx_HAL_Driver/Src/stm32g4xx_hal_adc.o
                0x080047fa                HAL_ADC_ConvHalfCpltCallback
 .text.ADC_DMAHalfConvCplt
                0x080047fc        0xa ./Drivers/STM32G4xx_HAL_Driver/Src/stm32g4xx_hal_adc.o
                0x080047fc                ADC_DMAHalfConvCplt
 .text.HAL_ADC_ErrorCallback
                0x08004806        0x2 ./Drivers/STM32G4xx_HAL_Driver/Src/stm32g4xx_hal_adc.o
                0x08004806                HAL_ADC_ErrorCallback
 .text.ADC_DMAConvCplt
                0x08004808       0x68 ./Drivers/STM32G4xx_HAL_Driver/Src/stm32g4xx_hal_adc.o
                0x08004808                ADC_DMAConvCplt
 .text.ADC_DMAError
                0x08004870       0x1a ./Drivers/STM32G4xx_HAL_Driver/Src/stm32g4xx_hal_adc.o
                0x08004870                ADC_DMAError
 *fill*         0x0800488a        0x2 
 .text.HAL_ADC_ConfigChannel
                0x0800488c      0x3f0 ./Drivers/STM32G4xx_HAL_Driver/Src/stm32g4xx_hal_adc.o
                0x0800488c                HAL_ADC_ConfigChannel
 .text.ADC_Enable
                0x08004c7c       0xd0 ./Drivers/STM32G4xx_HAL_Driver/Src/stm32g4xx_hal_adc.o
                0x08004c7c                ADC_Enable
 .text.HAL_ADC_Start_DMA
                0x08004d4c      0x100 ./Drivers/STM32G4xx_HAL_Driver/Src/stm32g4xx_hal_adc.o
                0x08004d4c                HAL_ADC_Start_DMA
 .text.ADC_Disable
                0x08004e4c       0x6a ./Drivers/STM32G4xx_HAL_Driver/Src/stm32g4xx_hal_adc.o
                0x08004e4c                ADC_Disable
 .text.LL_ADC_IsEnabled
                0x08004eb6        0x8 ./Drivers/STM32G4xx_HAL_Driver/Src/stm32g4xx_hal_adc_ex.o
 .text.LL_ADC_REG_IsConversionOngoing
                0x08004ebe        0x8 ./Drivers/STM32G4xx_HAL_Driver/Src/stm32g4xx_hal_adc_ex.o
 *fill*         0x08004ec6        0x2 
 .text.HAL_ADCEx_Calibration_Start
                0x08004ec8       0x98 ./Drivers/STM32G4xx_HAL_Driver/Src/stm32g4xx_hal_adc_ex.o
                0x08004ec8                HAL_ADCEx_Calibration_Start
 .text.HAL_ADCEx_MultiModeConfigChannel
                0x08004f60      0x14c ./Drivers/STM32G4xx_HAL_Driver/Src/stm32g4xx_hal_adc_ex.o
                0x08004f60                HAL_ADCEx_MultiModeConfigChannel
 .text.HAL_NVIC_SetPriorityGrouping
                0x080050ac       0x24 ./Drivers/STM32G4xx_HAL_Driver/Src/stm32g4xx_hal_cortex.o
                0x080050ac                HAL_NVIC_SetPriorityGrouping
 .text.HAL_NVIC_SetPriority
                0x080050d0       0x64 ./Drivers/STM32G4xx_HAL_Driver/Src/stm32g4xx_hal_cortex.o
                0x080050d0                HAL_NVIC_SetPriority
 .text.HAL_NVIC_EnableIRQ
                0x08005134       0x1c ./Drivers/STM32G4xx_HAL_Driver/Src/stm32g4xx_hal_cortex.o
                0x08005134                HAL_NVIC_EnableIRQ
 .text.HAL_SYSTICK_Config
                0x08005150       0x28 ./Drivers/STM32G4xx_HAL_Driver/Src/stm32g4xx_hal_cortex.o
                0x08005150                HAL_SYSTICK_Config
 .text.HAL_DAC_Init
                0x08005178       0x26 ./Drivers/STM32G4xx_HAL_Driver/Src/stm32g4xx_hal_dac.o
                0x08005178                HAL_DAC_Init
 *fill*         0x0800519e        0x2 
 .text.HAL_DAC_Start
                0x080051a0       0x80 ./Drivers/STM32G4xx_HAL_Driver/Src/stm32g4xx_hal_dac.o
                0x080051a0                HAL_DAC_Start
 .text.HAL_DAC_SetValue
                0x08005220       0x2c ./Drivers/STM32G4xx_HAL_Driver/Src/stm32g4xx_hal_dac.o
                0x08005220                HAL_DAC_SetValue
 .text.HAL_DAC_ConfigChannel
                0x0800524c      0x1d0 ./Drivers/STM32G4xx_HAL_Driver/Src/stm32g4xx_hal_dac.o
                0x0800524c                HAL_DAC_ConfigChannel
 .text.DMA_SetConfig
                0x0800541c       0x34 ./Drivers/STM32G4xx_HAL_Driver/Src/stm32g4xx_hal_dma.o
 .text.DMA_CalcDMAMUXChannelBaseAndMask
                0x08005450       0x48 ./Drivers/STM32G4xx_HAL_Driver/Src/stm32g4xx_hal_dma.o
 .text.HAL_DMA_Init
                0x08005498       0xe0 ./Drivers/STM32G4xx_HAL_Driver/Src/stm32g4xx_hal_dma.o
                0x08005498                HAL_DMA_Init
 .text.HAL_DMA_Start_IT
                0x08005578       0x80 ./Drivers/STM32G4xx_HAL_Driver/Src/stm32g4xx_hal_dma.o
                0x08005578                HAL_DMA_Start_IT
 .text.HAL_DMA_IRQHandler
                0x080055f8       0x94 ./Drivers/STM32G4xx_HAL_Driver/Src/stm32g4xx_hal_dma.o
                0x080055f8                HAL_DMA_IRQHandler
 .text.HAL_GPIO_Init
                0x0800568c      0x194 ./Drivers/STM32G4xx_HAL_Driver/Src/stm32g4xx_hal_gpio.o
                0x0800568c                HAL_GPIO_Init
 .text.HAL_GPIO_WritePin
                0x08005820        0xa ./Drivers/STM32G4xx_HAL_Driver/Src/stm32g4xx_hal_gpio.o
                0x08005820                HAL_GPIO_WritePin
 .text.HAL_GPIO_TogglePin
                0x0800582a       0x12 ./Drivers/STM32G4xx_HAL_Driver/Src/stm32g4xx_hal_gpio.o
                0x0800582a                HAL_GPIO_TogglePin
 .text.I2C_Flush_TXDR
                0x0800583c       0x1c ./Drivers/STM32G4xx_HAL_Driver/Src/stm32g4xx_hal_i2c.o
 .text.I2C_TransferConfig
                0x08005858       0x2c ./Drivers/STM32G4xx_HAL_Driver/Src/stm32g4xx_hal_i2c.o
 .text.I2C_IsErrorOccurred
                0x08005884      0x100 ./Drivers/STM32G4xx_HAL_Driver/Src/stm32g4xx_hal_i2c.o
 .text.I2C_WaitOnTXISFlagUntilTimeout
                0x08005984       0x56 ./Drivers/STM32G4xx_HAL_Driver/Src/stm32g4xx_hal_i2c.o
 .text.I2C_WaitOnFlagUntilTimeout
                0x080059da       0x76 ./Drivers/STM32G4xx_HAL_Driver/Src/stm32g4xx_hal_i2c.o
 .text.I2C_WaitOnSTOPFlagUntilTimeout
                0x08005a50       0x52 ./Drivers/STM32G4xx_HAL_Driver/Src/stm32g4xx_hal_i2c.o
 .text.HAL_I2C_Init
                0x08005aa2       0xaa ./Drivers/STM32G4xx_HAL_Driver/Src/stm32g4xx_hal_i2c.o
                0x08005aa2                HAL_I2C_Init
 .text.HAL_I2C_Mem_Write
                0x08005b4c      0x1b4 ./Drivers/STM32G4xx_HAL_Driver/Src/stm32g4xx_hal_i2c.o
                0x08005b4c                HAL_I2C_Mem_Write
 .text.HAL_I2CEx_ConfigAnalogFilter
                0x08005d00       0x4c ./Drivers/STM32G4xx_HAL_Driver/Src/stm32g4xx_hal_i2c_ex.o
                0x08005d00                HAL_I2CEx_ConfigAnalogFilter
 .text.HAL_I2CEx_ConfigDigitalFilter
                0x08005d4c       0x4a ./Drivers/STM32G4xx_HAL_Driver/Src/stm32g4xx_hal_i2c_ex.o
                0x08005d4c                HAL_I2CEx_ConfigDigitalFilter
 *fill*         0x08005d96        0x2 
 .text.HAL_PWREx_ControlVoltageScaling
                0x08005d98       0xb0 ./Drivers/STM32G4xx_HAL_Driver/Src/stm32g4xx_hal_pwr_ex.o
                0x08005d98                HAL_PWREx_ControlVoltageScaling
 .text.HAL_PWREx_DisableUCPDDeadBattery
                0x08005e48       0x10 ./Drivers/STM32G4xx_HAL_Driver/Src/stm32g4xx_hal_pwr_ex.o
                0x08005e48                HAL_PWREx_DisableUCPDDeadBattery
 .text.HAL_RCC_OscConfig
                0x08005e58      0x418 ./Drivers/STM32G4xx_HAL_Driver/Src/stm32g4xx_hal_rcc.o
                0x08005e58                HAL_RCC_OscConfig
 .text.HAL_RCC_GetSysClockFreq
                0x08006270       0x58 ./Drivers/STM32G4xx_HAL_Driver/Src/stm32g4xx_hal_rcc.o
                0x08006270                HAL_RCC_GetSysClockFreq
 .text.HAL_RCC_ClockConfig
                0x080062c8      0x1d8 ./Drivers/STM32G4xx_HAL_Driver/Src/stm32g4xx_hal_rcc.o
                0x080062c8                HAL_RCC_ClockConfig
 .text.HAL_RCC_GetHCLKFreq
                0x080064a0        0xc ./Drivers/STM32G4xx_HAL_Driver/Src/stm32g4xx_hal_rcc.o
                0x080064a0                HAL_RCC_GetHCLKFreq
 .text.HAL_RCC_GetPCLK1Freq
                0x080064ac       0x24 ./Drivers/STM32G4xx_HAL_Driver/Src/stm32g4xx_hal_rcc.o
                0x080064ac                HAL_RCC_GetPCLK1Freq
 .text.HAL_RCC_GetPCLK2Freq
                0x080064d0       0x24 ./Drivers/STM32G4xx_HAL_Driver/Src/stm32g4xx_hal_rcc.o
                0x080064d0                HAL_RCC_GetPCLK2Freq
 .text.HAL_RCCEx_PeriphCLKConfig
                0x080064f4      0x2f0 ./Drivers/STM32G4xx_HAL_Driver/Src/stm32g4xx_hal_rcc_ex.o
                0x080064f4                HAL_RCCEx_PeriphCLKConfig
 .text.SPI_WaitFlagStateUntilTimeout.constprop.0
                0x080067e4       0xa4 ./Drivers/STM32G4xx_HAL_Driver/Src/stm32g4xx_hal_spi.o
 .text.SPI_WaitFifoStateUntilTimeout.constprop.0
                0x08006888       0xc8 ./Drivers/STM32G4xx_HAL_Driver/Src/stm32g4xx_hal_spi.o
 .text.SPI_EndRxTransaction
                0x08006950       0x6e ./Drivers/STM32G4xx_HAL_Driver/Src/stm32g4xx_hal_spi.o
 .text.SPI_EndRxTxTransaction
                0x080069be       0x44 ./Drivers/STM32G4xx_HAL_Driver/Src/stm32g4xx_hal_spi.o
 .text.HAL_SPI_Init
                0x08006a02       0xdc ./Drivers/STM32G4xx_HAL_Driver/Src/stm32g4xx_hal_spi.o
                0x08006a02                HAL_SPI_Init
 .text.HAL_SPI_Transmit
                0x08006ade      0x18c ./Drivers/STM32G4xx_HAL_Driver/Src/stm32g4xx_hal_spi.o
                0x08006ade                HAL_SPI_Transmit
 .text.HAL_SPI_TransmitReceive
                0x08006c6a      0x266 ./Drivers/STM32G4xx_HAL_Driver/Src/stm32g4xx_hal_spi.o
                0x08006c6a                HAL_SPI_TransmitReceive
 .text.HAL_SPI_Receive
                0x08006ed0      0x16a ./Drivers/STM32G4xx_HAL_Driver/Src/stm32g4xx_hal_spi.o
                0x08006ed0                HAL_SPI_Receive
 .text.UART_EndTxTransfer
                0x0800703a       0x34 ./Drivers/STM32G4xx_HAL_Driver/Src/stm32g4xx_hal_uart.o
 *fill*         0x0800706e        0x2 
 .text.UART_EndRxTransfer
                0x08007070       0x58 ./Drivers/STM32G4xx_HAL_Driver/Src/stm32g4xx_hal_uart.o
 .text.HAL_UART_RxCpltCallback
                0x080070c8        0x2 ./Drivers/STM32G4xx_HAL_Driver/Src/stm32g4xx_hal_uart.o
                0x080070c8                HAL_UART_RxCpltCallback
 .text.HAL_UART_RxHalfCpltCallback
                0x080070ca        0x2 ./Drivers/STM32G4xx_HAL_Driver/Src/stm32g4xx_hal_uart.o
                0x080070ca                HAL_UART_RxHalfCpltCallback
 .text.HAL_UART_ErrorCallback
                0x080070cc        0x2 ./Drivers/STM32G4xx_HAL_Driver/Src/stm32g4xx_hal_uart.o
                0x080070cc                HAL_UART_ErrorCallback
 .text.UART_DMAError
                0x080070ce       0x48 ./Drivers/STM32G4xx_HAL_Driver/Src/stm32g4xx_hal_uart.o
 .text.HAL_UARTEx_RxEventCallback
                0x08007116        0x2 ./Drivers/STM32G4xx_HAL_Driver/Src/stm32g4xx_hal_uart.o
                0x08007116                HAL_UARTEx_RxEventCallback
 .text.UART_DMARxHalfCplt
                0x08007118       0x20 ./Drivers/STM32G4xx_HAL_Driver/Src/stm32g4xx_hal_uart.o
 .text.UART_DMAReceiveCplt
                0x08007138       0x8e ./Drivers/STM32G4xx_HAL_Driver/Src/stm32g4xx_hal_uart.o
 *fill*         0x080071c6        0x2 
 .text.UART_SetConfig
                0x080071c8      0x280 ./Drivers/STM32G4xx_HAL_Driver/Src/stm32g4xx_hal_uart.o
                0x080071c8                UART_SetConfig
 .text.UART_AdvFeatureConfig
                0x08007448       0xa8 ./Drivers/STM32G4xx_HAL_Driver/Src/stm32g4xx_hal_uart.o
                0x08007448                UART_AdvFeatureConfig
 .text.UART_WaitOnFlagUntilTimeout
                0x080074f0       0x90 ./Drivers/STM32G4xx_HAL_Driver/Src/stm32g4xx_hal_uart.o
                0x080074f0                UART_WaitOnFlagUntilTimeout
 .text.HAL_UART_Transmit
                0x08007580       0xaa ./Drivers/STM32G4xx_HAL_Driver/Src/stm32g4xx_hal_uart.o
                0x08007580                HAL_UART_Transmit
 .text.UART_CheckIdleState
                0x0800762a       0xb6 ./Drivers/STM32G4xx_HAL_Driver/Src/stm32g4xx_hal_uart.o
                0x0800762a                UART_CheckIdleState
 .text.HAL_UART_Init
                0x080076e0       0x60 ./Drivers/STM32G4xx_HAL_Driver/Src/stm32g4xx_hal_uart.o
                0x080076e0                HAL_UART_Init
 .text.UART_Start_Receive_DMA
                0x08007740       0xa0 ./Drivers/STM32G4xx_HAL_Driver/Src/stm32g4xx_hal_uart.o
                0x08007740                UART_Start_Receive_DMA
 .text.HAL_UART_Receive_DMA
                0x080077e0       0x44 ./Drivers/STM32G4xx_HAL_Driver/Src/stm32g4xx_hal_uart.o
                0x080077e0                HAL_UART_Receive_DMA
 .text.UARTEx_SetNbDataToProcess
                0x08007824       0x44 ./Drivers/STM32G4xx_HAL_Driver/Src/stm32g4xx_hal_uart_ex.o
 .text.HAL_UARTEx_DisableFifoMode
                0x08007868       0x36 ./Drivers/STM32G4xx_HAL_Driver/Src/stm32g4xx_hal_uart_ex.o
                0x08007868                HAL_UARTEx_DisableFifoMode
 .text.HAL_UARTEx_SetTxFifoThreshold
                0x0800789e       0x40 ./Drivers/STM32G4xx_HAL_Driver/Src/stm32g4xx_hal_uart_ex.o
                0x0800789e                HAL_UARTEx_SetTxFifoThreshold
 .text.HAL_UARTEx_SetRxFifoThreshold
                0x080078de       0x40 ./Drivers/STM32G4xx_HAL_Driver/Src/stm32g4xx_hal_uart_ex.o
                0x080078de                HAL_UARTEx_SetRxFifoThreshold
 .text.atoi     0x0800791e        0x8 /opt/st/stm32cubeide_1.17.0/plugins/com.st.stm32cube.ide.mcu.externaltools.gnu-tools-for-stm32.12.3.rel1.linux64_1.1.0.202410170702/tools/bin/../lib/gcc/arm-none-eabi/12.3.1/../../../../arm-none-eabi/lib/thumb/v7e-m+fp/hard/libc_nano.a(libc_a-atoi.o)
                0x0800791e                atoi
 *fill*         0x08007926        0x2 
 .text._strtol_l.constprop.0
                0x08007928       0xf4 /opt/st/stm32cubeide_1.17.0/plugins/com.st.stm32cube.ide.mcu.externaltools.gnu-tools-for-stm32.12.3.rel1.linux64_1.1.0.202410170702/tools/bin/../lib/gcc/arm-none-eabi/12.3.1/../../../../arm-none-eabi/lib/thumb/v7e-m+fp/hard/libc_nano.a(libc_a-strtol.o)
 .text.strtol   0x08007a1c       0x14 /opt/st/stm32cubeide_1.17.0/plugins/com.st.stm32cube.ide.mcu.externaltools.gnu-tools-for-stm32.12.3.rel1.linux64_1.1.0.202410170702/tools/bin/../lib/gcc/arm-none-eabi/12.3.1/../../../../arm-none-eabi/lib/thumb/v7e-m+fp/hard/libc_nano.a(libc_a-strtol.o)
                0x08007a1c                strtol
 .text.__cvt    0x08007a30       0xca /opt/st/stm32cubeide_1.17.0/plugins/com.st.stm32cube.ide.mcu.externaltools.gnu-tools-for-stm32.12.3.rel1.linux64_1.1.0.202410170702/tools/bin/../lib/gcc/arm-none-eabi/12.3.1/../../../../arm-none-eabi/lib/thumb/v7e-m+fp/hard/libc_nano.a(libc_a-nano-vfprintf_float.o)
                0x08007a30                __cvt
 .text.__exponent
                0x08007afa       0x74 /opt/st/stm32cubeide_1.17.0/plugins/com.st.stm32cube.ide.mcu.externaltools.gnu-tools-for-stm32.12.3.rel1.linux64_1.1.0.202410170702/tools/bin/../lib/gcc/arm-none-eabi/12.3.1/../../../../arm-none-eabi/lib/thumb/v7e-m+fp/hard/libc_nano.a(libc_a-nano-vfprintf_float.o)
                0x08007afa                __exponent
 *fill*         0x08007b6e        0x2 
 .text._printf_float
                0x08007b70      0x454 /opt/st/stm32cubeide_1.17.0/plugins/com.st.stm32cube.ide.mcu.externaltools.gnu-tools-for-stm32.12.3.rel1.linux64_1.1.0.202410170702/tools/bin/../lib/gcc/arm-none-eabi/12.3.1/../../../../arm-none-eabi/lib/thumb/v7e-m+fp/hard/libc_nano.a(libc_a-nano-vfprintf_float.o)
                0x08007b70                _printf_float
 .text._printf_common
                0x08007fc4       0xda /opt/st/stm32cubeide_1.17.0/plugins/com.st.stm32cube.ide.mcu.externaltools.gnu-tools-for-stm32.12.3.rel1.linux64_1.1.0.202410170702/tools/bin/../lib/gcc/arm-none-eabi/12.3.1/../../../../arm-none-eabi/lib/thumb/v7e-m+fp/hard/libc_nano.a(libc_a-nano-vfprintf_i.o)
                0x08007fc4                _printf_common
 *fill*         0x0800809e        0x2 
 .text._printf_i
                0x080080a0      0x240 /opt/st/stm32cubeide_1.17.0/plugins/com.st.stm32cube.ide.mcu.externaltools.gnu-tools-for-stm32.12.3.rel1.linux64_1.1.0.202410170702/tools/bin/../lib/gcc/arm-none-eabi/12.3.1/../../../../arm-none-eabi/lib/thumb/v7e-m+fp/hard/libc_nano.a(libc_a-nano-vfprintf_i.o)
                0x080080a0                _printf_i
 .text.std      0x080082e0       0x6c /opt/st/stm32cubeide_1.17.0/plugins/com.st.stm32cube.ide.mcu.externaltools.gnu-tools-for-stm32.12.3.rel1.linux64_1.1.0.202410170702/tools/bin/../lib/gcc/arm-none-eabi/12.3.1/../../../../arm-none-eabi/lib/thumb/v7e-m+fp/hard/libc_nano.a(libc_a-findfp.o)
 .text.stdio_exit_handler
                0x0800834c       0x18 /opt/st/stm32cubeide_1.17.0/plugins/com.st.stm32cube.ide.mcu.externaltools.gnu-tools-for-stm32.12.3.rel1.linux64_1.1.0.202410170702/tools/bin/../lib/gcc/arm-none-eabi/12.3.1/../../../../arm-none-eabi/lib/thumb/v7e-m+fp/hard/libc_nano.a(libc_a-findfp.o)
 .text.cleanup_stdio
                0x08008364       0x40 /opt/st/stm32cubeide_1.17.0/plugins/com.st.stm32cube.ide.mcu.externaltools.gnu-tools-for-stm32.12.3.rel1.linux64_1.1.0.202410170702/tools/bin/../lib/gcc/arm-none-eabi/12.3.1/../../../../arm-none-eabi/lib/thumb/v7e-m+fp/hard/libc_nano.a(libc_a-findfp.o)
 .text.global_stdio_init.part.0
                0x080083a4       0x3c /opt/st/stm32cubeide_1.17.0/plugins/com.st.stm32cube.ide.mcu.externaltools.gnu-tools-for-stm32.12.3.rel1.linux64_1.1.0.202410170702/tools/bin/../lib/gcc/arm-none-eabi/12.3.1/../../../../arm-none-eabi/lib/thumb/v7e-m+fp/hard/libc_nano.a(libc_a-findfp.o)
 .text.__sfp_lock_acquire
                0x080083e0        0xc /opt/st/stm32cubeide_1.17.0/plugins/com.st.stm32cube.ide.mcu.externaltools.gnu-tools-for-stm32.12.3.rel1.linux64_1.1.0.202410170702/tools/bin/../lib/gcc/arm-none-eabi/12.3.1/../../../../arm-none-eabi/lib/thumb/v7e-m+fp/hard/libc_nano.a(libc_a-findfp.o)
                0x080083e0                __sfp_lock_acquire
 .text.__sfp_lock_release
                0x080083ec        0xc /opt/st/stm32cubeide_1.17.0/plugins/com.st.stm32cube.ide.mcu.externaltools.gnu-tools-for-stm32.12.3.rel1.linux64_1.1.0.202410170702/tools/bin/../lib/gcc/arm-none-eabi/12.3.1/../../../../arm-none-eabi/lib/thumb/v7e-m+fp/hard/libc_nano.a(libc_a-findfp.o)
                0x080083ec                __sfp_lock_release
 .text.__sinit  0x080083f8       0x30 /opt/st/stm32cubeide_1.17.0/plugins/com.st.stm32cube.ide.mcu.externaltools.gnu-tools-for-stm32.12.3.rel1.linux64_1.1.0.202410170702/tools/bin/../lib/gcc/arm-none-eabi/12.3.1/../../../../arm-none-eabi/lib/thumb/v7e-m+fp/hard/libc_nano.a(libc_a-findfp.o)
                0x080083f8                __sinit
 .text._fwalk_sglue
                0x08008428       0x3c /opt/st/stm32cubeide_1.17.0/plugins/com.st.stm32cube.ide.mcu.externaltools.gnu-tools-for-stm32.12.3.rel1.linux64_1.1.0.202410170702/tools/bin/../lib/gcc/arm-none-eabi/12.3.1/../../../../arm-none-eabi/lib/thumb/v7e-m+fp/hard/libc_nano.a(libc_a-fwalk.o)
                0x08008428                _fwalk_sglue
 .text.sprintf  0x08008464       0x40 /opt/st/stm32cubeide_1.17.0/plugins/com.st.stm32cube.ide.mcu.externaltools.gnu-tools-for-stm32.12.3.rel1.linux64_1.1.0.202410170702/tools/bin/../lib/gcc/arm-none-eabi/12.3.1/../../../../arm-none-eabi/lib/thumb/v7e-m+fp/hard/libc_nano.a(libc_a-sprintf.o)
                0x08008464                sprintf
                0x08008464                siprintf
 .text.__sread  0x080084a4       0x22 /opt/st/stm32cubeide_1.17.0/plugins/com.st.stm32cube.ide.mcu.externaltools.gnu-tools-for-stm32.12.3.rel1.linux64_1.1.0.202410170702/tools/bin/../lib/gcc/arm-none-eabi/12.3.1/../../../../arm-none-eabi/lib/thumb/v7e-m+fp/hard/libc_nano.a(libc_a-stdio.o)
                0x080084a4                __sread
 .text.__swrite
                0x080084c6       0x38 /opt/st/stm32cubeide_1.17.0/plugins/com.st.stm32cube.ide.mcu.externaltools.gnu-tools-for-stm32.12.3.rel1.linux64_1.1.0.202410170702/tools/bin/../lib/gcc/arm-none-eabi/12.3.1/../../../../arm-none-eabi/lib/thumb/v7e-m+fp/hard/libc_nano.a(libc_a-stdio.o)
                0x080084c6                __swrite
 .text.__sseek  0x080084fe       0x24 /opt/st/stm32cubeide_1.17.0/plugins/com.st.stm32cube.ide.mcu.externaltools.gnu-tools-for-stm32.12.3.rel1.linux64_1.1.0.202410170702/tools/bin/../lib/gcc/arm-none-eabi/12.3.1/../../../../arm-none-eabi/lib/thumb/v7e-m+fp/hard/libc_nano.a(libc_a-stdio.o)
                0x080084fe                __sseek
 .text.__sclose
                0x08008522        0x8 /opt/st/stm32cubeide_1.17.0/plugins/com.st.stm32cube.ide.mcu.externaltools.gnu-tools-for-stm32.12.3.rel1.linux64_1.1.0.202410170702/tools/bin/../lib/gcc/arm-none-eabi/12.3.1/../../../../arm-none-eabi/lib/thumb/v7e-m+fp/hard/libc_nano.a(libc_a-stdio.o)
                0x08008522                __sclose
 .text._vsnprintf_r
                0x0800852a       0x56 /opt/st/stm32cubeide_1.17.0/plugins/com.st.stm32cube.ide.mcu.externaltools.gnu-tools-for-stm32.12.3.rel1.linux64_1.1.0.202410170702/tools/bin/../lib/gcc/arm-none-eabi/12.3.1/../../../../arm-none-eabi/lib/thumb/v7e-m+fp/hard/libc_nano.a(libc_a-vsnprintf.o)
                0x0800852a                _vsnprintf_r
                0x0800852a                _vsniprintf_r
 .text.vsnprintf
                0x08008580       0x1c /opt/st/stm32cubeide_1.17.0/plugins/com.st.stm32cube.ide.mcu.externaltools.gnu-tools-for-stm32.12.3.rel1.linux64_1.1.0.202410170702/tools/bin/../lib/gcc/arm-none-eabi/12.3.1/../../../../arm-none-eabi/lib/thumb/v7e-m+fp/hard/libc_nano.a(libc_a-vsnprintf.o)
                0x08008580                vsnprintf
                0x08008580                vsniprintf
 .text.memset   0x0800859c       0x10 /opt/st/stm32cubeide_1.17.0/plugins/com.st.stm32cube.ide.mcu.externaltools.gnu-tools-for-stm32.12.3.rel1.linux64_1.1.0.202410170702/tools/bin/../lib/gcc/arm-none-eabi/12.3.1/../../../../arm-none-eabi/lib/thumb/v7e-m+fp/hard/libc_nano.a(libc_a-memset.o)
                0x0800859c                memset
 .text.strchr   0x080085ac       0x1a /opt/st/stm32cubeide_1.17.0/plugins/com.st.stm32cube.ide.mcu.externaltools.gnu-tools-for-stm32.12.3.rel1.linux64_1.1.0.202410170702/tools/bin/../lib/gcc/arm-none-eabi/12.3.1/../../../../arm-none-eabi/lib/thumb/v7e-m+fp/hard/libc_nano.a(libc_a-strchr.o)
                0x080085ac                strchr
 .text.strncmp  0x080085c6       0x24 /opt/st/stm32cubeide_1.17.0/plugins/com.st.stm32cube.ide.mcu.externaltools.gnu-tools-for-stm32.12.3.rel1.linux64_1.1.0.202410170702/tools/bin/../lib/gcc/arm-none-eabi/12.3.1/../../../../arm-none-eabi/lib/thumb/v7e-m+fp/hard/libc_nano.a(libc_a-strncmp.o)
                0x080085c6                strncmp
 .text.strncpy  0x080085ea       0x26 /opt/st/stm32cubeide_1.17.0/plugins/com.st.stm32cube.ide.mcu.externaltools.gnu-tools-for-stm32.12.3.rel1.linux64_1.1.0.202410170702/tools/bin/../lib/gcc/arm-none-eabi/12.3.1/../../../../arm-none-eabi/lib/thumb/v7e-m+fp/hard/libc_nano.a(libc_a-strncpy.o)
                0x080085ea                strncpy
 .text._localeconv_r
                0x08008610        0x8 /opt/st/stm32cubeide_1.17.0/plugins/com.st.stm32cube.ide.mcu.externaltools.gnu-tools-for-stm32.12.3.rel1.linux64_1.1.0.202410170702/tools/bin/../lib/gcc/arm-none-eabi/12.3.1/../../../../arm-none-eabi/lib/thumb/v7e-m+fp/hard/libc_nano.a(libc_a-localeconv.o)
                0x08008610                _localeconv_r
 .text._close_r
                0x08008618       0x20 /opt/st/stm32cubeide_1.17.0/plugins/com.st.stm32cube.ide.mcu.externaltools.gnu-tools-for-stm32.12.3.rel1.linux64_1.1.0.202410170702/tools/bin/../lib/gcc/arm-none-eabi/12.3.1/../../../../arm-none-eabi/lib/thumb/v7e-m+fp/hard/libc_nano.a(libc_a-closer.o)
                0x08008618                _close_r
 .text._lseek_r
                0x08008638       0x24 /opt/st/stm32cubeide_1.17.0/plugins/com.st.stm32cube.ide.mcu.externaltools.gnu-tools-for-stm32.12.3.rel1.linux64_1.1.0.202410170702/tools/bin/../lib/gcc/arm-none-eabi/12.3.1/../../../../arm-none-eabi/lib/thumb/v7e-m+fp/hard/libc_nano.a(libc_a-lseekr.o)
                0x08008638                _lseek_r
 .text._read_r  0x0800865c       0x24 /opt/st/stm32cubeide_1.17.0/plugins/com.st.stm32cube.ide.mcu.externaltools.gnu-tools-for-stm32.12.3.rel1.linux64_1.1.0.202410170702/tools/bin/../lib/gcc/arm-none-eabi/12.3.1/../../../../arm-none-eabi/lib/thumb/v7e-m+fp/hard/libc_nano.a(libc_a-readr.o)
                0x0800865c                _read_r
 .text._write_r
                0x08008680       0x24 /opt/st/stm32cubeide_1.17.0/plugins/com.st.stm32cube.ide.mcu.externaltools.gnu-tools-for-stm32.12.3.rel1.linux64_1.1.0.202410170702/tools/bin/../lib/gcc/arm-none-eabi/12.3.1/../../../../arm-none-eabi/lib/thumb/v7e-m+fp/hard/libc_nano.a(libc_a-writer.o)
                0x08008680                _write_r
 .text.__errno  0x080086a4        0xc /opt/st/stm32cubeide_1.17.0/plugins/com.st.stm32cube.ide.mcu.externaltools.gnu-tools-for-stm32.12.3.rel1.linux64_1.1.0.202410170702/tools/bin/../lib/gcc/arm-none-eabi/12.3.1/../../../../arm-none-eabi/lib/thumb/v7e-m+fp/hard/libc_nano.a(libc_a-errno.o)
                0x080086a4                __errno
 .text.__libc_init_array
                0x080086b0       0x48 /opt/st/stm32cubeide_1.17.0/plugins/com.st.stm32cube.ide.mcu.externaltools.gnu-tools-for-stm32.12.3.rel1.linux64_1.1.0.202410170702/tools/bin/../lib/gcc/arm-none-eabi/12.3.1/../../../../arm-none-eabi/lib/thumb/v7e-m+fp/hard/libc_nano.a(libc_a-init.o)
                0x080086b0                __libc_init_array
 .text.__retarget_lock_init_recursive
                0x080086f8        0x2 /opt/st/stm32cubeide_1.17.0/plugins/com.st.stm32cube.ide.mcu.externaltools.gnu-tools-for-stm32.12.3.rel1.linux64_1.1.0.202410170702/tools/bin/../lib/gcc/arm-none-eabi/12.3.1/../../../../arm-none-eabi/lib/thumb/v7e-m+fp/hard/libc_nano.a(libc_a-lock.o)
                0x080086f8                __retarget_lock_init_recursive
 .text.__retarget_lock_acquire_recursive
                0x080086fa        0x2 /opt/st/stm32cubeide_1.17.0/plugins/com.st.stm32cube.ide.mcu.externaltools.gnu-tools-for-stm32.12.3.rel1.linux64_1.1.0.202410170702/tools/bin/../lib/gcc/arm-none-eabi/12.3.1/../../../../arm-none-eabi/lib/thumb/v7e-m+fp/hard/libc_nano.a(libc_a-lock.o)
                0x080086fa                __retarget_lock_acquire_recursive
 .text.__retarget_lock_release_recursive
                0x080086fc        0x2 /opt/st/stm32cubeide_1.17.0/plugins/com.st.stm32cube.ide.mcu.externaltools.gnu-tools-for-stm32.12.3.rel1.linux64_1.1.0.202410170702/tools/bin/../lib/gcc/arm-none-eabi/12.3.1/../../../../arm-none-eabi/lib/thumb/v7e-m+fp/hard/libc_nano.a(libc_a-lock.o)
                0x080086fc                __retarget_lock_release_recursive
 .text.strcpy   0x080086fe       0x10 /opt/st/stm32cubeide_1.17.0/plugins/com.st.stm32cube.ide.mcu.externaltools.gnu-tools-for-stm32.12.3.rel1.linux64_1.1.0.202410170702/tools/bin/../lib/gcc/arm-none-eabi/12.3.1/../../../../arm-none-eabi/lib/thumb/v7e-m+fp/hard/libc_nano.a(libc_a-strcpy.o)
                0x080086fe                strcpy
 .text.memcpy   0x0800870e       0x1c /opt/st/stm32cubeide_1.17.0/plugins/com.st.stm32cube.ide.mcu.externaltools.gnu-tools-for-stm32.12.3.rel1.linux64_1.1.0.202410170702/tools/bin/../lib/gcc/arm-none-eabi/12.3.1/../../../../arm-none-eabi/lib/thumb/v7e-m+fp/hard/libc_nano.a(libc_a-memcpy-stub.o)
                0x0800870e                memcpy
 .text.quorem   0x0800872a      0x110 /opt/st/stm32cubeide_1.17.0/plugins/com.st.stm32cube.ide.mcu.externaltools.gnu-tools-for-stm32.12.3.rel1.linux64_1.1.0.202410170702/tools/bin/../lib/gcc/arm-none-eabi/12.3.1/../../../../arm-none-eabi/lib/thumb/v7e-m+fp/hard/libc_nano.a(libc_a-dtoa.o)
 *fill*         0x0800883a        0x6 
 .text._dtoa_r  0x08008840      0xb88 /opt/st/stm32cubeide_1.17.0/plugins/com.st.stm32cube.ide.mcu.externaltools.gnu-tools-for-stm32.12.3.rel1.linux64_1.1.0.202410170702/tools/bin/../lib/gcc/arm-none-eabi/12.3.1/../../../../arm-none-eabi/lib/thumb/v7e-m+fp/hard/libc_nano.a(libc_a-dtoa.o)
                0x08008840                _dtoa_r
 .text._free_r  0x080093c8       0x94 /opt/st/stm32cubeide_1.17.0/plugins/com.st.stm32cube.ide.mcu.externaltools.gnu-tools-for-stm32.12.3.rel1.linux64_1.1.0.202410170702/tools/bin/../lib/gcc/arm-none-eabi/12.3.1/../../../../arm-none-eabi/lib/thumb/v7e-m+fp/hard/libc_nano.a(libc_a-freer.o)
                0x080093c8                _free_r
 .text.malloc   0x0800945c       0x10 /opt/st/stm32cubeide_1.17.0/plugins/com.st.stm32cube.ide.mcu.externaltools.gnu-tools-for-stm32.12.3.rel1.linux64_1.1.0.202410170702/tools/bin/../lib/gcc/arm-none-eabi/12.3.1/../../../../arm-none-eabi/lib/thumb/v7e-m+fp/hard/libc_nano.a(libc_a-malloc.o)
                0x0800945c                malloc
 .text.sbrk_aligned
                0x0800946c       0x44 /opt/st/stm32cubeide_1.17.0/plugins/com.st.stm32cube.ide.mcu.externaltools.gnu-tools-for-stm32.12.3.rel1.linux64_1.1.0.202410170702/tools/bin/../lib/gcc/arm-none-eabi/12.3.1/../../../../arm-none-eabi/lib/thumb/v7e-m+fp/hard/libc_nano.a(libc_a-mallocr.o)
 .text._malloc_r
                0x080094b0      0x100 /opt/st/stm32cubeide_1.17.0/plugins/com.st.stm32cube.ide.mcu.externaltools.gnu-tools-for-stm32.12.3.rel1.linux64_1.1.0.202410170702/tools/bin/../lib/gcc/arm-none-eabi/12.3.1/../../../../arm-none-eabi/lib/thumb/v7e-m+fp/hard/libc_nano.a(libc_a-mallocr.o)
                0x080094b0                _malloc_r
 .text.__malloc_lock
                0x080095b0        0xc /opt/st/stm32cubeide_1.17.0/plugins/com.st.stm32cube.ide.mcu.externaltools.gnu-tools-for-stm32.12.3.rel1.linux64_1.1.0.202410170702/tools/bin/../lib/gcc/arm-none-eabi/12.3.1/../../../../arm-none-eabi/lib/thumb/v7e-m+fp/hard/libc_nano.a(libc_a-mlock.o)
                0x080095b0                __malloc_lock
 .text.__malloc_unlock
                0x080095bc        0xc /opt/st/stm32cubeide_1.17.0/plugins/com.st.stm32cube.ide.mcu.externaltools.gnu-tools-for-stm32.12.3.rel1.linux64_1.1.0.202410170702/tools/bin/../lib/gcc/arm-none-eabi/12.3.1/../../../../arm-none-eabi/lib/thumb/v7e-m+fp/hard/libc_nano.a(libc_a-mlock.o)
                0x080095bc                __malloc_unlock
 .text._Balloc  0x080095c8       0x80 /opt/st/stm32cubeide_1.17.0/plugins/com.st.stm32cube.ide.mcu.externaltools.gnu-tools-for-stm32.12.3.rel1.linux64_1.1.0.202410170702/tools/bin/../lib/gcc/arm-none-eabi/12.3.1/../../../../arm-none-eabi/lib/thumb/v7e-m+fp/hard/libc_nano.a(libc_a-mprec.o)
                0x080095c8                _Balloc
 .text._Bfree   0x08009648       0x44 /opt/st/stm32cubeide_1.17.0/plugins/com.st.stm32cube.ide.mcu.externaltools.gnu-tools-for-stm32.12.3.rel1.linux64_1.1.0.202410170702/tools/bin/../lib/gcc/arm-none-eabi/12.3.1/../../../../arm-none-eabi/lib/thumb/v7e-m+fp/hard/libc_nano.a(libc_a-mprec.o)
                0x08009648                _Bfree
 .text.__multadd
                0x0800968c       0x8c /opt/st/stm32cubeide_1.17.0/plugins/com.st.stm32cube.ide.mcu.externaltools.gnu-tools-for-stm32.12.3.rel1.linux64_1.1.0.202410170702/tools/bin/../lib/gcc/arm-none-eabi/12.3.1/../../../../arm-none-eabi/lib/thumb/v7e-m+fp/hard/libc_nano.a(libc_a-mprec.o)
                0x0800968c                __multadd
 .text.__hi0bits
                0x08009718       0x3e /opt/st/stm32cubeide_1.17.0/plugins/com.st.stm32cube.ide.mcu.externaltools.gnu-tools-for-stm32.12.3.rel1.linux64_1.1.0.202410170702/tools/bin/../lib/gcc/arm-none-eabi/12.3.1/../../../../arm-none-eabi/lib/thumb/v7e-m+fp/hard/libc_nano.a(libc_a-mprec.o)
                0x08009718                __hi0bits
 .text.__lo0bits
                0x08009756       0x5a /opt/st/stm32cubeide_1.17.0/plugins/com.st.stm32cube.ide.mcu.externaltools.gnu-tools-for-stm32.12.3.rel1.linux64_1.1.0.202410170702/tools/bin/../lib/gcc/arm-none-eabi/12.3.1/../../../../arm-none-eabi/lib/thumb/v7e-m+fp/hard/libc_nano.a(libc_a-mprec.o)
                0x08009756                __lo0bits
 .text.__i2b    0x080097b0       0x2c /opt/st/stm32cubeide_1.17.0/plugins/com.st.stm32cube.ide.mcu.externaltools.gnu-tools-for-stm32.12.3.rel1.linux64_1.1.0.202410170702/tools/bin/../lib/gcc/arm-none-eabi/12.3.1/../../../../arm-none-eabi/lib/thumb/v7e-m+fp/hard/libc_nano.a(libc_a-mprec.o)
                0x080097b0                __i2b
 .text.__multiply
                0x080097dc      0x154 /opt/st/stm32cubeide_1.17.0/plugins/com.st.stm32cube.ide.mcu.externaltools.gnu-tools-for-stm32.12.3.rel1.linux64_1.1.0.202410170702/tools/bin/../lib/gcc/arm-none-eabi/12.3.1/../../../../arm-none-eabi/lib/thumb/v7e-m+fp/hard/libc_nano.a(libc_a-mprec.o)
                0x080097dc                __multiply
 .text.__pow5mult
                0x08009930       0xb4 /opt/st/stm32cubeide_1.17.0/plugins/com.st.stm32cube.ide.mcu.externaltools.gnu-tools-for-stm32.12.3.rel1.linux64_1.1.0.202410170702/tools/bin/../lib/gcc/arm-none-eabi/12.3.1/../../../../arm-none-eabi/lib/thumb/v7e-m+fp/hard/libc_nano.a(libc_a-mprec.o)
                0x08009930                __pow5mult
 .text.__lshift
                0x080099e4       0xd8 /opt/st/stm32cubeide_1.17.0/plugins/com.st.stm32cube.ide.mcu.externaltools.gnu-tools-for-stm32.12.3.rel1.linux64_1.1.0.202410170702/tools/bin/../lib/gcc/arm-none-eabi/12.3.1/../../../../arm-none-eabi/lib/thumb/v7e-m+fp/hard/libc_nano.a(libc_a-mprec.o)
                0x080099e4                __lshift
 .text.__mcmp   0x08009abc       0x36 /opt/st/stm32cubeide_1.17.0/plugins/com.st.stm32cube.ide.mcu.externaltools.gnu-tools-for-stm32.12.3.rel1.linux64_1.1.0.202410170702/tools/bin/../lib/gcc/arm-none-eabi/12.3.1/../../../../arm-none-eabi/lib/thumb/v7e-m+fp/hard/libc_nano.a(libc_a-mprec.o)
                0x08009abc                __mcmp
 *fill*         0x08009af2        0x2 
 .text.__mdiff  0x08009af4      0x128 /opt/st/stm32cubeide_1.17.0/plugins/com.st.stm32cube.ide.mcu.externaltools.gnu-tools-for-stm32.12.3.rel1.linux64_1.1.0.202410170702/tools/bin/../lib/gcc/arm-none-eabi/12.3.1/../../../../arm-none-eabi/lib/thumb/v7e-m+fp/hard/libc_nano.a(libc_a-mprec.o)
                0x08009af4                __mdiff
 .text.__d2b    0x08009c1c       0xb0 /opt/st/stm32cubeide_1.17.0/plugins/com.st.stm32cube.ide.mcu.externaltools.gnu-tools-for-stm32.12.3.rel1.linux64_1.1.0.202410170702/tools/bin/../lib/gcc/arm-none-eabi/12.3.1/../../../../arm-none-eabi/lib/thumb/v7e-m+fp/hard/libc_nano.a(libc_a-mprec.o)
                0x08009c1c                __d2b
 .text.__ssputs_r
                0x08009ccc       0xb6 /opt/st/stm32cubeide_1.17.0/plugins/com.st.stm32cube.ide.mcu.externaltools.gnu-tools-for-stm32.12.3.rel1.linux64_1.1.0.202410170702/tools/bin/../lib/gcc/arm-none-eabi/12.3.1/../../../../arm-none-eabi/lib/thumb/v7e-m+fp/hard/libc_nano.a(libc_a-nano-svfprintf.o)
                0x08009ccc                __ssputs_r
 *fill*         0x08009d82        0x2 
 .text._svfprintf_r
                0x08009d84      0x1f8 /opt/st/stm32cubeide_1.17.0/plugins/com.st.stm32cube.ide.mcu.externaltools.gnu-tools-for-stm32.12.3.rel1.linux64_1.1.0.202410170702/tools/bin/../lib/gcc/arm-none-eabi/12.3.1/../../../../arm-none-eabi/lib/thumb/v7e-m+fp/hard/libc_nano.a(libc_a-nano-svfprintf.o)
                0x08009d84                _svfprintf_r
                0x08009d84                _svfiprintf_r
 .text.__sflush_r
                0x08009f7c      0x108 /opt/st/stm32cubeide_1.17.0/plugins/com.st.stm32cube.ide.mcu.externaltools.gnu-tools-for-stm32.12.3.rel1.linux64_1.1.0.202410170702/tools/bin/../lib/gcc/arm-none-eabi/12.3.1/../../../../arm-none-eabi/lib/thumb/v7e-m+fp/hard/libc_nano.a(libc_a-fflush.o)
                0x08009f7c                __sflush_r
 .text._fflush_r
                0x0800a084       0x50 /opt/st/stm32cubeide_1.17.0/plugins/com.st.stm32cube.ide.mcu.externaltools.gnu-tools-for-stm32.12.3.rel1.linux64_1.1.0.202410170702/tools/bin/../lib/gcc/arm-none-eabi/12.3.1/../../../../arm-none-eabi/lib/thumb/v7e-m+fp/hard/libc_nano.a(libc_a-fflush.o)
                0x0800a084                _fflush_r
 .text.memmove  0x0800a0d4       0x34 /opt/st/stm32cubeide_1.17.0/plugins/com.st.stm32cube.ide.mcu.externaltools.gnu-tools-for-stm32.12.3.rel1.linux64_1.1.0.202410170702/tools/bin/../lib/gcc/arm-none-eabi/12.3.1/../../../../arm-none-eabi/lib/thumb/v7e-m+fp/hard/libc_nano.a(libc_a-memmove.o)
                0x0800a0d4                memmove
 .text._sbrk_r  0x0800a108       0x20 /opt/st/stm32cubeide_1.17.0/plugins/com.st.stm32cube.ide.mcu.externaltools.gnu-tools-for-stm32.12.3.rel1.linux64_1.1.0.202410170702/tools/bin/../lib/gcc/arm-none-eabi/12.3.1/../../../../arm-none-eabi/lib/thumb/v7e-m+fp/hard/libc_nano.a(libc_a-sbrkr.o)
                0x0800a108                _sbrk_r
 .text.__assert_func
                0x0800a128       0x3c /opt/st/stm32cubeide_1.17.0/plugins/com.st.stm32cube.ide.mcu.externaltools.gnu-tools-for-stm32.12.3.rel1.linux64_1.1.0.202410170702/tools/bin/../lib/gcc/arm-none-eabi/12.3.1/../../../../arm-none-eabi/lib/thumb/v7e-m+fp/hard/libc_nano.a(libc_a-assert.o)
                0x0800a128                __assert_func
 .text._calloc_r
                0x0800a164       0x28 /opt/st/stm32cubeide_1.17.0/plugins/com.st.stm32cube.ide.mcu.externaltools.gnu-tools-for-stm32.12.3.rel1.linux64_1.1.0.202410170702/tools/bin/../lib/gcc/arm-none-eabi/12.3.1/../../../../arm-none-eabi/lib/thumb/v7e-m+fp/hard/libc_nano.a(libc_a-callocr.o)
                0x0800a164                _calloc_r
 .text.__ascii_mbtowc
                0x0800a18c       0x24 /opt/st/stm32cubeide_1.17.0/plugins/com.st.stm32cube.ide.mcu.externaltools.gnu-tools-for-stm32.12.3.rel1.linux64_1.1.0.202410170702/tools/bin/../lib/gcc/arm-none-eabi/12.3.1/../../../../arm-none-eabi/lib/thumb/v7e-m+fp/hard/libc_nano.a(libc_a-mbtowc_r.o)
                0x0800a18c                __ascii_mbtowc
 .text._realloc_r
                0x0800a1b0       0x5c /opt/st/stm32cubeide_1.17.0/plugins/com.st.stm32cube.ide.mcu.externaltools.gnu-tools-for-stm32.12.3.rel1.linux64_1.1.0.202410170702/tools/bin/../lib/gcc/arm-none-eabi/12.3.1/../../../../arm-none-eabi/lib/thumb/v7e-m+fp/hard/libc_nano.a(libc_a-reallocr.o)
                0x0800a1b0                _realloc_r
 .text.__ascii_wctomb
                0x0800a20c       0x1a /opt/st/stm32cubeide_1.17.0/plugins/com.st.stm32cube.ide.mcu.externaltools.gnu-tools-for-stm32.12.3.rel1.linux64_1.1.0.202410170702/tools/bin/../lib/gcc/arm-none-eabi/12.3.1/../../../../arm-none-eabi/lib/thumb/v7e-m+fp/hard/libc_nano.a(libc_a-wctomb_r.o)
                0x0800a20c                __ascii_wctomb
 *fill*         0x0800a226        0x2 
 .text.fprintf  0x0800a228       0x24 /opt/st/stm32cubeide_1.17.0/plugins/com.st.stm32cube.ide.mcu.externaltools.gnu-tools-for-stm32.12.3.rel1.linux64_1.1.0.202410170702/tools/bin/../lib/gcc/arm-none-eabi/12.3.1/../../../../arm-none-eabi/lib/thumb/v7e-m+fp/hard/libc_nano.a(libc_a-fprintf.o)
                0x0800a228                fprintf
                0x0800a228                fiprintf
 .text.abort    0x0800a24c        0xe /opt/st/stm32cubeide_1.17.0/plugins/com.st.stm32cube.ide.mcu.externaltools.gnu-tools-for-stm32.12.3.rel1.linux64_1.1.0.202410170702/tools/bin/../lib/gcc/arm-none-eabi/12.3.1/../../../../arm-none-eabi/lib/thumb/v7e-m+fp/hard/libc_nano.a(libc_a-abort.o)
                0x0800a24c                abort
 .text._malloc_usable_size_r
                0x0800a25a       0x10 /opt/st/stm32cubeide_1.17.0/plugins/com.st.stm32cube.ide.mcu.externaltools.gnu-tools-for-stm32.12.3.rel1.linux64_1.1.0.202410170702/tools/bin/../lib/gcc/arm-none-eabi/12.3.1/../../../../arm-none-eabi/lib/thumb/v7e-m+fp/hard/libc_nano.a(libc_a-msizer.o)
                0x0800a25a                _malloc_usable_size_r
 .text.__sfputc_r
                0x0800a26a       0x2e /opt/st/stm32cubeide_1.17.0/plugins/com.st.stm32cube.ide.mcu.externaltools.gnu-tools-for-stm32.12.3.rel1.linux64_1.1.0.202410170702/tools/bin/../lib/gcc/arm-none-eabi/12.3.1/../../../../arm-none-eabi/lib/thumb/v7e-m+fp/hard/libc_nano.a(libc_a-nano-vfprintf.o)
 .text.__sfputs_r
                0x0800a298       0x24 /opt/st/stm32cubeide_1.17.0/plugins/com.st.stm32cube.ide.mcu.externaltools.gnu-tools-for-stm32.12.3.rel1.linux64_1.1.0.202410170702/tools/bin/../lib/gcc/arm-none-eabi/12.3.1/../../../../arm-none-eabi/lib/thumb/v7e-m+fp/hard/libc_nano.a(libc_a-nano-vfprintf.o)
                0x0800a298                __sfputs_r
 .text._vfprintf_r
                0x0800a2bc      0x230 /opt/st/stm32cubeide_1.17.0/plugins/com.st.stm32cube.ide.mcu.externaltools.gnu-tools-for-stm32.12.3.rel1.linux64_1.1.0.202410170702/tools/bin/../lib/gcc/arm-none-eabi/12.3.1/../../../../arm-none-eabi/lib/thumb/v7e-m+fp/hard/libc_nano.a(libc_a-nano-vfprintf.o)
                0x0800a2bc                _vfiprintf_r
                0x0800a2bc                _vfprintf_r
 .text.__swbuf_r
                0x0800a4ec       0x7c /opt/st/stm32cubeide_1.17.0/plugins/com.st.stm32cube.ide.mcu.externaltools.gnu-tools-for-stm32.12.3.rel1.linux64_1.1.0.202410170702/tools/bin/../lib/gcc/arm-none-eabi/12.3.1/../../../../arm-none-eabi/lib/thumb/v7e-m+fp/hard/libc_nano.a(libc_a-wbuf.o)
                0x0800a4ec                __swbuf_r
 .text.__swsetup_r
                0x0800a568       0xac /opt/st/stm32cubeide_1.17.0/plugins/com.st.stm32cube.ide.mcu.externaltools.gnu-tools-for-stm32.12.3.rel1.linux64_1.1.0.202410170702/tools/bin/../lib/gcc/arm-none-eabi/12.3.1/../../../../arm-none-eabi/lib/thumb/v7e-m+fp/hard/libc_nano.a(libc_a-wsetup.o)
                0x0800a568                __swsetup_r
 .text._raise_r
                0x0800a614       0x50 /opt/st/stm32cubeide_1.17.0/plugins/com.st.stm32cube.ide.mcu.externaltools.gnu-tools-for-stm32.12.3.rel1.linux64_1.1.0.202410170702/tools/bin/../lib/gcc/arm-none-eabi/12.3.1/../../../../arm-none-eabi/lib/thumb/v7e-m+fp/hard/libc_nano.a(libc_a-signal.o)
                0x0800a614                _raise_r
 .text.raise    0x0800a664       0x10 /opt/st/stm32cubeide_1.17.0/plugins/com.st.stm32cube.ide.mcu.externaltools.gnu-tools-for-stm32.12.3.rel1.linux64_1.1.0.202410170702/tools/bin/../lib/gcc/arm-none-eabi/12.3.1/../../../../arm-none-eabi/lib/thumb/v7e-m+fp/hard/libc_nano.a(libc_a-signal.o)
                0x0800a664                raise
 .text._kill_r  0x0800a674       0x24 /opt/st/stm32cubeide_1.17.0/plugins/com.st.stm32cube.ide.mcu.externaltools.gnu-tools-for-stm32.12.3.rel1.linux64_1.1.0.202410170702/tools/bin/../lib/gcc/arm-none-eabi/12.3.1/../../../../arm-none-eabi/lib/thumb/v7e-m+fp/hard/libc_nano.a(libc_a-signalr.o)
                0x0800a674                _kill_r
 .text._getpid_r
                0x0800a698        0x4 /opt/st/stm32cubeide_1.17.0/plugins/com.st.stm32cube.ide.mcu.externaltools.gnu-tools-for-stm32.12.3.rel1.linux64_1.1.0.202410170702/tools/bin/../lib/gcc/arm-none-eabi/12.3.1/../../../../arm-none-eabi/lib/thumb/v7e-m+fp/hard/libc_nano.a(libc_a-signalr.o)
                0x0800a698                _getpid_r
 .text.__swhatbuf_r
                0x0800a69c       0x4c /opt/st/stm32cubeide_1.17.0/plugins/com.st.stm32cube.ide.mcu.externaltools.gnu-tools-for-stm32.12.3.rel1.linux64_1.1.0.202410170702/tools/bin/../lib/gcc/arm-none-eabi/12.3.1/../../../../arm-none-eabi/lib/thumb/v7e-m+fp/hard/libc_nano.a(libc_a-makebuf.o)
                0x0800a69c                __swhatbuf_r
 .text.__smakebuf_r
                0x0800a6e8       0x78 /opt/st/stm32cubeide_1.17.0/plugins/com.st.stm32cube.ide.mcu.externaltools.gnu-tools-for-stm32.12.3.rel1.linux64_1.1.0.202410170702/tools/bin/../lib/gcc/arm-none-eabi/12.3.1/../../../../arm-none-eabi/lib/thumb/v7e-m+fp/hard/libc_nano.a(libc_a-makebuf.o)
                0x0800a6e8                __smakebuf_r
 .text._fstat_r
                0x0800a760       0x24 /opt/st/stm32cubeide_1.17.0/plugins/com.st.stm32cube.ide.mcu.externaltools.gnu-tools-for-stm32.12.3.rel1.linux64_1.1.0.202410170702/tools/bin/../lib/gcc/arm-none-eabi/12.3.1/../../../../arm-none-eabi/lib/thumb/v7e-m+fp/hard/libc_nano.a(libc_a-fstatr.o)
                0x0800a760                _fstat_r
 .text._isatty_r
                0x0800a784       0x20 /opt/st/stm32cubeide_1.17.0/plugins/com.st.stm32cube.ide.mcu.externaltools.gnu-tools-for-stm32.12.3.rel1.linux64_1.1.0.202410170702/tools/bin/../lib/gcc/arm-none-eabi/12.3.1/../../../../arm-none-eabi/lib/thumb/v7e-m+fp/hard/libc_nano.a(libc_a-isattyr.o)
                0x0800a784                _isatty_r
 *(.glue_7)
 .glue_7        0x0800a7a4        0x0 linker stubs
 *(.glue_7t)
 .glue_7t       0x0800a7a4        0x0 linker stubs
 *(.eh_frame)
 .eh_frame      0x0800a7a4        0x0 /opt/st/stm32cubeide_1.17.0/plugins/com.st.stm32cube.ide.mcu.externaltools.gnu-tools-for-stm32.12.3.rel1.linux64_1.1.0.202410170702/tools/bin/../lib/gcc/arm-none-eabi/12.3.1/thumb/v7e-m+fp/hard/crtbegin.o
 *(.init)
 .init          0x0800a7a4        0x4 /opt/st/stm32cubeide_1.17.0/plugins/com.st.stm32cube.ide.mcu.externaltools.gnu-tools-for-stm32.12.3.rel1.linux64_1.1.0.202410170702/tools/bin/../lib/gcc/arm-none-eabi/12.3.1/thumb/v7e-m+fp/hard/crti.o
                0x0800a7a4                _init
 .init          0x0800a7a8        0x8 /opt/st/stm32cubeide_1.17.0/plugins/com.st.stm32cube.ide.mcu.externaltools.gnu-tools-for-stm32.12.3.rel1.linux64_1.1.0.202410170702/tools/bin/../lib/gcc/arm-none-eabi/12.3.1/thumb/v7e-m+fp/hard/crtn.o
 *(.fini)
 .fini          0x0800a7b0        0x4 /opt/st/stm32cubeide_1.17.0/plugins/com.st.stm32cube.ide.mcu.externaltools.gnu-tools-for-stm32.12.3.rel1.linux64_1.1.0.202410170702/tools/bin/../lib/gcc/arm-none-eabi/12.3.1/thumb/v7e-m+fp/hard/crti.o
                0x0800a7b0                _fini
 .fini          0x0800a7b4        0x8 /opt/st/stm32cubeide_1.17.0/plugins/com.st.stm32cube.ide.mcu.externaltools.gnu-tools-for-stm32.12.3.rel1.linux64_1.1.0.202410170702/tools/bin/../lib/gcc/arm-none-eabi/12.3.1/thumb/v7e-m+fp/hard/crtn.o
                0x0800a7bc                        . = ALIGN (0x4)
                0x0800a7bc                        _etext = .

.vfp11_veneer   0x0800a7bc        0x0
 .vfp11_veneer  0x0800a7bc        0x0 linker stubs

.v4_bx          0x0800a7bc        0x0
 .v4_bx         0x0800a7bc        0x0 linker stubs

.iplt           0x0800a7bc        0x0
 .iplt          0x0800a7bc        0x0 /opt/st/stm32cubeide_1.17.0/plugins/com.st.stm32cube.ide.mcu.externaltools.gnu-tools-for-stm32.12.3.rel1.linux64_1.1.0.202410170702/tools/bin/../lib/gcc/arm-none-eabi/12.3.1/thumb/v7e-m+fp/hard/crtbegin.o

.rodata         0x0800a7c0     0x4340
                0x0800a7c0                        . = ALIGN (0x4)
 *(.rodata)
 .rodata        0x0800a7c0        0x6 ./Core/Src/network_int.o
 .rodata        0x0800a7c6       0x17 ./Core/Src/ssd1306.o
 *(.rodata*)
 .rodata.check_DHCP_leasedIP.str1.1
                0x0800a7dd       0x12 ./Core/Src/dhcp.o
 .rodata.main.str1.1
                0x0800a7ef      0x1db ./Core/Src/main.o
                                0x1df (size before relaxing)
 .rodata.Callback_IPAssigned.str1.1
                0x0800a9ca       0x2d ./Core/Src/network_int.o
 .rodata.Callback_IPConflict.str1.1
                0x0800a9f7       0x19 ./Core/Src/network_int.o
 .rodata.linsten_tcp_socket.str1.1
                0x0800aa10     0x3602 ./Core/Src/network_int.o
                               0x3625 (size before relaxing)
 .rodata.init_w5500.str1.1
                0x0800e012      0x14a ./Core/Src/network_int.o
 .rodata.Font6x8
                0x0800e15c      0x5f0 ./Core/Src/ssd1306_fonts.o
 .rodata.APBPrescTable
                0x0800e74c        0x8 ./Core/Src/system_stm32g4xx.o
                0x0800e74c                APBPrescTable
 .rodata.AHBPrescTable
                0x0800e754       0x10 ./Core/Src/system_stm32g4xx.o
                0x0800e754                AHBPrescTable
 .rodata.UARTPrescTable
                0x0800e764       0x18 ./Drivers/STM32G4xx_HAL_Driver/Src/stm32g4xx_hal_uart.o
                0x0800e764                UARTPrescTable
 .rodata.denominator.0
                0x0800e77c        0x8 ./Drivers/STM32G4xx_HAL_Driver/Src/stm32g4xx_hal_uart_ex.o
 .rodata.numerator.1
                0x0800e784        0x8 ./Drivers/STM32G4xx_HAL_Driver/Src/stm32g4xx_hal_uart_ex.o
 .rodata._ctype_
                0x0800e78c      0x101 /opt/st/stm32cubeide_1.17.0/plugins/com.st.stm32cube.ide.mcu.externaltools.gnu-tools-for-stm32.12.3.rel1.linux64_1.1.0.202410170702/tools/bin/../lib/gcc/arm-none-eabi/12.3.1/../../../../arm-none-eabi/lib/thumb/v7e-m+fp/hard/libc_nano.a(libc_a-ctype_.o)
                0x0800e78c                _ctype_
 .rodata._printf_float.str1.1
                0x0800e88d       0x12 /opt/st/stm32cubeide_1.17.0/plugins/com.st.stm32cube.ide.mcu.externaltools.gnu-tools-for-stm32.12.3.rel1.linux64_1.1.0.202410170702/tools/bin/../lib/gcc/arm-none-eabi/12.3.1/../../../../arm-none-eabi/lib/thumb/v7e-m+fp/hard/libc_nano.a(libc_a-nano-vfprintf_float.o)
 .rodata._printf_i.str1.1
                0x0800e89f       0x22 /opt/st/stm32cubeide_1.17.0/plugins/com.st.stm32cube.ide.mcu.externaltools.gnu-tools-for-stm32.12.3.rel1.linux64_1.1.0.202410170702/tools/bin/../lib/gcc/arm-none-eabi/12.3.1/../../../../arm-none-eabi/lib/thumb/v7e-m+fp/hard/libc_nano.a(libc_a-nano-vfprintf_i.o)
 .rodata._dtoa_r.str1.1
                0x0800e8c1       0x8d /opt/st/stm32cubeide_1.17.0/plugins/com.st.stm32cube.ide.mcu.externaltools.gnu-tools-for-stm32.12.3.rel1.linux64_1.1.0.202410170702/tools/bin/../lib/gcc/arm-none-eabi/12.3.1/../../../../arm-none-eabi/lib/thumb/v7e-m+fp/hard/libc_nano.a(libc_a-dtoa.o)
                                 0x8f (size before relaxing)
 .rodata._Balloc.str1.1
                0x0800e94e       0x59 /opt/st/stm32cubeide_1.17.0/plugins/com.st.stm32cube.ide.mcu.externaltools.gnu-tools-for-stm32.12.3.rel1.linux64_1.1.0.202410170702/tools/bin/../lib/gcc/arm-none-eabi/12.3.1/../../../../arm-none-eabi/lib/thumb/v7e-m+fp/hard/libc_nano.a(libc_a-mprec.o)
                                 0x70 (size before relaxing)
 .rodata.__multadd.str1.1
                0x0800e9a7       0x11 /opt/st/stm32cubeide_1.17.0/plugins/com.st.stm32cube.ide.mcu.externaltools.gnu-tools-for-stm32.12.3.rel1.linux64_1.1.0.202410170702/tools/bin/../lib/gcc/arm-none-eabi/12.3.1/../../../../arm-none-eabi/lib/thumb/v7e-m+fp/hard/libc_nano.a(libc_a-mprec.o)
 *fill*         0x0800e9a7        0x1 
 .rodata.p05.0  0x0800e9a8        0xc /opt/st/stm32cubeide_1.17.0/plugins/com.st.stm32cube.ide.mcu.externaltools.gnu-tools-for-stm32.12.3.rel1.linux64_1.1.0.202410170702/tools/bin/../lib/gcc/arm-none-eabi/12.3.1/../../../../arm-none-eabi/lib/thumb/v7e-m+fp/hard/libc_nano.a(libc_a-mprec.o)
 *fill*         0x0800e9b4        0x4 
 .rodata.__mprec_bigtens
                0x0800e9b8       0x28 /opt/st/stm32cubeide_1.17.0/plugins/com.st.stm32cube.ide.mcu.externaltools.gnu-tools-for-stm32.12.3.rel1.linux64_1.1.0.202410170702/tools/bin/../lib/gcc/arm-none-eabi/12.3.1/../../../../arm-none-eabi/lib/thumb/v7e-m+fp/hard/libc_nano.a(libc_a-mprec.o)
                0x0800e9b8                __mprec_bigtens
 .rodata.__mprec_tens
                0x0800e9e0       0xc8 /opt/st/stm32cubeide_1.17.0/plugins/com.st.stm32cube.ide.mcu.externaltools.gnu-tools-for-stm32.12.3.rel1.linux64_1.1.0.202410170702/tools/bin/../lib/gcc/arm-none-eabi/12.3.1/../../../../arm-none-eabi/lib/thumb/v7e-m+fp/hard/libc_nano.a(libc_a-mprec.o)
                0x0800e9e0                __mprec_tens
 .rodata._svfprintf_r.str1.1
                0x0800eaa8       0x11 /opt/st/stm32cubeide_1.17.0/plugins/com.st.stm32cube.ide.mcu.externaltools.gnu-tools-for-stm32.12.3.rel1.linux64_1.1.0.202410170702/tools/bin/../lib/gcc/arm-none-eabi/12.3.1/../../../../arm-none-eabi/lib/thumb/v7e-m+fp/hard/libc_nano.a(libc_a-nano-svfprintf.o)
 .rodata._setlocale_r.str1.1
                0x0800eab9        0x8 /opt/st/stm32cubeide_1.17.0/plugins/com.st.stm32cube.ide.mcu.externaltools.gnu-tools-for-stm32.12.3.rel1.linux64_1.1.0.202410170702/tools/bin/../lib/gcc/arm-none-eabi/12.3.1/../../../../arm-none-eabi/lib/thumb/v7e-m+fp/hard/libc_nano.a(libc_a-locale.o)
                                  0x9 (size before relaxing)
 .rodata.str1.1
                0x0800eac1        0x8 /opt/st/stm32cubeide_1.17.0/plugins/com.st.stm32cube.ide.mcu.externaltools.gnu-tools-for-stm32.12.3.rel1.linux64_1.1.0.202410170702/tools/bin/../lib/gcc/arm-none-eabi/12.3.1/../../../../arm-none-eabi/lib/thumb/v7e-m+fp/hard/libc_nano.a(libc_a-locale.o)
                                  0x2 (size before relaxing)
 .rodata.__assert_func.str1.1
                0x0800eac1       0x3c /opt/st/stm32cubeide_1.17.0/plugins/com.st.stm32cube.ide.mcu.externaltools.gnu-tools-for-stm32.12.3.rel1.linux64_1.1.0.202410170702/tools/bin/../lib/gcc/arm-none-eabi/12.3.1/../../../../arm-none-eabi/lib/thumb/v7e-m+fp/hard/libc_nano.a(libc_a-assert.o)
                                 0x3d (size before relaxing)
 .rodata._vfprintf_r.str1.1
                0x0800eafd       0x11 /opt/st/stm32cubeide_1.17.0/plugins/com.st.stm32cube.ide.mcu.externaltools.gnu-tools-for-stm32.12.3.rel1.linux64_1.1.0.202410170702/tools/bin/../lib/gcc/arm-none-eabi/12.3.1/../../../../arm-none-eabi/lib/thumb/v7e-m+fp/hard/libc_nano.a(libc_a-nano-vfprintf.o)
                0x0800eb10                        . = ALIGN (0x4)
 *fill*         0x0800eafd        0x3 

.ARM.extab      0x0800eb00        0x0
                0x0800eb00                        . = ALIGN (0x4)
 *(.ARM.extab* .gnu.linkonce.armextab.*)
                0x0800eb00                        . = ALIGN (0x4)

.ARM            0x0800eb00        0x8
                0x0800eb00                        . = ALIGN (0x4)
                0x0800eb00                        __exidx_start = .
 *(.ARM.exidx*)
 .ARM.exidx     0x0800eb00        0x8 /opt/st/stm32cubeide_1.17.0/plugins/com.st.stm32cube.ide.mcu.externaltools.gnu-tools-for-stm32.12.3.rel1.linux64_1.1.0.202410170702/tools/bin/../lib/gcc/arm-none-eabi/12.3.1/../../../../arm-none-eabi/lib/thumb/v7e-m+fp/hard/libc_nano.a(libc_a-strcmp.o)
 .ARM.exidx     0x0800eb08        0x0 /opt/st/stm32cubeide_1.17.0/plugins/com.st.stm32cube.ide.mcu.externaltools.gnu-tools-for-stm32.12.3.rel1.linux64_1.1.0.202410170702/tools/bin/../lib/gcc/arm-none-eabi/12.3.1/../../../../arm-none-eabi/lib/thumb/v7e-m+fp/hard/libc_nano.a(libc_a-memchr.o)
                                  0x8 (size before relaxing)
 .ARM.exidx     0x0800eb08        0x0 /opt/st/stm32cubeide_1.17.0/plugins/com.st.stm32cube.ide.mcu.externaltools.gnu-tools-for-stm32.12.3.rel1.linux64_1.1.0.202410170702/tools/bin/../lib/gcc/arm-none-eabi/12.3.1/../../../../arm-none-eabi/lib/thumb/v7e-m+fp/hard/libc_nano.a(libc_a-strlen.o)
                                  0x8 (size before relaxing)
 .ARM.exidx     0x0800eb08        0x0 /opt/st/stm32cubeide_1.17.0/plugins/com.st.stm32cube.ide.mcu.externaltools.gnu-tools-for-stm32.12.3.rel1.linux64_1.1.0.202410170702/tools/bin/../lib/gcc/arm-none-eabi/12.3.1/thumb/v7e-m+fp/hard/libgcc.a(_udivmoddi4.o)
                                  0x8 (size before relaxing)
                0x0800eb08                        __exidx_end = .
                0x0800eb08                        . = ALIGN (0x4)

.preinit_array  0x0800eb08        0x0
                0x0800eb08                        . = ALIGN (0x4)
                0x0800eb08                        PROVIDE (__preinit_array_start = .)
 *(.preinit_array*)
                0x0800eb08                        PROVIDE (__preinit_array_end = .)
                0x0800eb08                        . = ALIGN (0x4)

.init_array     0x0800eb08        0x4
                0x0800eb08                        . = ALIGN (0x4)
                0x0800eb08                        PROVIDE (__init_array_start = .)
 *(SORT_BY_NAME(.init_array.*))
 *(.init_array*)
 .init_array    0x0800eb08        0x4 /opt/st/stm32cubeide_1.17.0/plugins/com.st.stm32cube.ide.mcu.externaltools.gnu-tools-for-stm32.12.3.rel1.linux64_1.1.0.202410170702/tools/bin/../lib/gcc/arm-none-eabi/12.3.1/thumb/v7e-m+fp/hard/crtbegin.o
                0x0800eb0c                        PROVIDE (__init_array_end = .)
                0x0800eb0c                        . = ALIGN (0x4)

.fini_array     0x0800eb0c        0x4
                0x0800eb0c                        . = ALIGN (0x4)
                [!provide]                        PROVIDE (__fini_array_start = .)
 *(SORT_BY_NAME(.fini_array.*))
 *(.fini_array*)
 .fini_array    0x0800eb0c        0x4 /opt/st/stm32cubeide_1.17.0/plugins/com.st.stm32cube.ide.mcu.externaltools.gnu-tools-for-stm32.12.3.rel1.linux64_1.1.0.202410170702/tools/bin/../lib/gcc/arm-none-eabi/12.3.1/thumb/v7e-m+fp/hard/crtbegin.o
                [!provide]                        PROVIDE (__fini_array_end = .)
                0x0800eb10                        . = ALIGN (0x4)
                0x0800eb10                        _sidata = LOADADDR (.data)

.rel.dyn        0x0800eb10        0x0
 .rel.iplt      0x0800eb10        0x0 /opt/st/stm32cubeide_1.17.0/plugins/com.st.stm32cube.ide.mcu.externaltools.gnu-tools-for-stm32.12.3.rel1.linux64_1.1.0.202410170702/tools/bin/../lib/gcc/arm-none-eabi/12.3.1/thumb/v7e-m+fp/hard/crtbegin.o

.data           0x20000000      0x350 load address 0x0800eb10
                0x20000000                        . = ALIGN (0x4)
                0x20000000                        _sdata = .
 *(.data)
 *(.data*)
 .data.dhcp_ip_conflict
                0x20000000        0x4 ./Core/Src/dhcp.o
                0x20000000                dhcp_ip_conflict
 .data.dhcp_ip_update
                0x20000004        0x4 ./Core/Src/dhcp.o
                0x20000004                dhcp_ip_update
 .data.dhcp_ip_assign
                0x20000008        0x4 ./Core/Src/dhcp.o
                0x20000008                dhcp_ip_assign
 .data.HOST_NAME
                0x2000000c        0x8 ./Core/Src/dhcp.o
                0x2000000c                HOST_NAME
 .data.dhcp_tick_next
                0x20000014        0x4 ./Core/Src/dhcp.o
                0x20000014                dhcp_tick_next
 .data.dhcp_lease_time
                0x20000018        0x4 ./Core/Src/dhcp.o
                0x20000018                dhcp_lease_time
 .data.ampLevel
                0x2000001c        0x1 ./Core/Src/main.o
                0x2000001c                ampLevel
 *fill*         0x2000001d        0x1 
 .data.COMPLevel
                0x2000001e        0x2 ./Core/Src/main.o
                0x2000001e                COMPLevel
 .data.HVLevel  0x20000020        0x2 ./Core/Src/main.o
                0x20000020                HVLevel
 .data.wait_connect_flag
                0x20000022        0x1 ./Core/Src/network_int.o
                0x20000022                wait_connect_flag