Archive member included to satisfy reference by file (symbol)

/opt/st/stm32cubeide_1.17.0/plugins/com.st.stm32cube.ide.mcu.externaltools.gnu-tools-for-stm32.12.3.rel1.linux64_1.1.0.202410170702/tools/bin/../lib/gcc/arm-none-eabi/12.3.1/../../../../arm-none-eabi/lib/thumb/v7e-m+fp/hard/libm.a(libm_a-s_cos.o)
                              ./Core/Src/ssd1306.o (cos)
/opt/st/stm32cubeide_1.17.0/plugins/com.st.stm32cube.ide.mcu.externaltools.gnu-tools-for-stm32.12.3.rel1.linux64_1.1.0.202410170702/tools/bin/../lib/gcc/arm-none-eabi/12.3.1/../../../../arm-none-eabi/lib/thumb/v7e-m+fp/hard/libm.a(libm_a-s_sin.o)
                              ./Core/Src/ssd1306.o (sin)
/opt/st/stm32cubeide_1.17.0/plugins/com.st.stm32cube.ide.mcu.externaltools.gnu-tools-for-stm32.12.3.rel1.linux64_1.1.0.202410170702/tools/bin/../lib/gcc/arm-none-eabi/12.3.1/../../../../arm-none-eabi/lib/thumb/v7e-m+fp/hard/libm.a(libm_a-k_cos.o)
                              /opt/st/stm32cubeide_1.17.0/plugins/com.st.stm32cube.ide.mcu.externaltools.gnu-tools-for-stm32.12.3.rel1.linux64_1.1.0.202410170702/tools/bin/../lib/gcc/arm-none-eabi/12.3.1/../../../../arm-none-eabi/lib/thumb/v7e-m+fp/hard/libm.a(libm_a-s_cos.o) (__kernel_cos)
/opt/st/stm32cubeide_1.17.0/plugins/com.st.stm32cube.ide.mcu.externaltools.gnu-tools-for-stm32.12.3.rel1.linux64_1.1.0.202410170702/tools/bin/../lib/gcc/arm-none-eabi/12.3.1/../../../../arm-none-eabi/lib/thumb/v7e-m+fp/hard/libm.a(libm_a-k_sin.o)
                              /opt/st/stm32cubeide_1.17.0/plugins/com.st.stm32cube.ide.mcu.externaltools.gnu-tools-for-stm32.12.3.rel1.linux64_1.1.0.202410170702/tools/bin/../lib/gcc/arm-none-eabi/12.3.1/../../../../arm-none-eabi/lib/thumb/v7e-m+fp/hard/libm.a(libm_a-s_cos.o) (__kernel_sin)
/opt/st/stm32cubeide_1.17.0/plugins/com.st.stm32cube.ide.mcu.externaltools.gnu-tools-for-stm32.12.3.rel1.linux64_1.1.0.202410170702/tools/bin/../lib/gcc/arm-none-eabi/12.3.1/../../../../arm-none-eabi/lib/thumb/v7e-m+fp/hard/libm.a(libm_a-e_rem_pio2.o)
                              /opt/st/stm32cubeide_1.17.0/plugins/com.st.stm32cube.ide.mcu.externaltools.gnu-tools-for-stm32.12.3.rel1.linux64_1.1.0.202410170702/tools/bin/../lib/gcc/arm-none-eabi/12.3.1/../../../../arm-none-eabi/lib/thumb/v7e-m+fp/hard/libm.a(libm_a-s_cos.o) (__ieee754_rem_pio2)
/opt/st/stm32cubeide_1.17.0/plugins/com.st.stm32cube.ide.mcu.externaltools.gnu-tools-for-stm32.12.3.rel1.linux64_1.1.0.202410170702/tools/bin/../lib/gcc/arm-none-eabi/12.3.1/../../../../arm-none-eabi/lib/thumb/v7e-m+fp/hard/libm.a(libm_a-s_fabs.o)
                              /opt/st/stm32cubeide_1.17.0/plugins/com.st.stm32cube.ide.mcu.externaltools.gnu-tools-for-stm32.12.3.rel1.linux64_1.1.0.202410170702/tools/bin/../lib/gcc/arm-none-eabi/12.3.1/../../../../arm-none-eabi/lib/thumb/v7e-m+fp/hard/libm.a(libm_a-e_rem_pio2.o) (fabs)
/opt/st/stm32cubeide_1.17.0/plugins/com.st.stm32cube.ide.mcu.externaltools.gnu-tools-for-stm32.12.3.rel1.linux64_1.1.0.202410170702/tools/bin/../lib/gcc/arm-none-eabi/12.3.1/../../../../arm-none-eabi/lib/thumb/v7e-m+fp/hard/libm.a(libm_a-k_rem_pio2.o)
                              /opt/st/stm32cubeide_1.17.0/plugins/com.st.stm32cube.ide.mcu.externaltools.gnu-tools-for-stm32.12.3.rel1.linux64_1.1.0.202410170702/tools/bin/../lib/gcc/arm-none-eabi/12.3.1/../../../../arm-none-eabi/lib/thumb/v7e-m+fp/hard/libm.a(libm_a-e_rem_pio2.o) (__kernel_rem_pio2)
/opt/st/stm32cubeide_1.17.0/plugins/com.st.stm32cube.ide.mcu.externaltools.gnu-tools-for-stm32.12.3.rel1.linux64_1.1.0.202410170702/tools/bin/../lib/gcc/arm-none-eabi/12.3.1/../../../../arm-none-eabi/lib/thumb/v7e-m+fp/hard/libm.a(libm_a-s_scalbn.o)
                              /opt/st/stm32cubeide_1.17.0/plugins/com.st.stm32cube.ide.mcu.externaltools.gnu-tools-for-stm32.12.3.rel1.linux64_1.1.0.202410170702/tools/bin/../lib/gcc/arm-none-eabi/12.3.1/../../../../arm-none-eabi/lib/thumb/v7e-m+fp/hard/libm.a(libm_a-k_rem_pio2.o) (scalbn)
/opt/st/stm32cubeide_1.17.0/plugins/com.st.stm32cube.ide.mcu.externaltools.gnu-tools-for-stm32.12.3.rel1.linux64_1.1.0.202410170702/tools/bin/../lib/gcc/arm-none-eabi/12.3.1/../../../../arm-none-eabi/lib/thumb/v7e-m+fp/hard/libm.a(libm_a-s_floor.o)
                              /opt/st/stm32cubeide_1.17.0/plugins/com.st.stm32cube.ide.mcu.externaltools.gnu-tools-for-stm32.12.3.rel1.linux64_1.1.0.202410170702/tools/bin/../lib/gcc/arm-none-eabi/12.3.1/../../../../arm-none-eabi/lib/thumb/v7e-m+fp/hard/libm.a(libm_a-k_rem_pio2.o) (floor)
/opt/st/stm32cubeide_1.17.0/plugins/com.st.stm32cube.ide.mcu.externaltools.gnu-tools-for-stm32.12.3.rel1.linux64_1.1.0.202410170702/tools/bin/../lib/gcc/arm-none-eabi/12.3.1/../../../../arm-none-eabi/lib/thumb/v7e-m+fp/hard/libc_nano.a(libc_a-atoi.o)
                              ./Core/Src/network_int.o (atoi)
[...]
Memory Configuration

Name             Origin             Length             Attributes
RAM              0x20000000         0x00020000         xrw
FLASH            0x08000000         0x00080000         xr
*default*        0x00000000         0xffffffff

Linker script and memory map

LOAD /opt/st/stm32cubeide_1.17.0/plugins/com.st.stm32cube.ide.mcu.externaltools.gnu-tools-for-stm32.12.3.rel1.linux64_1.1.0.202410170702/tools/bin/../lib/gcc/arm-none-eabi/12.3.1/thumb/v7e-m+fp/hard/crti.o
LOAD /opt/st/stm32cubeide_1.17.0/plugins/com.st.stm32cube.ide.mcu.externaltools.gnu-tools-for-stm32.12.3.rel1.linux64_1.1.0.202410170702/tools/bin/../lib/gcc/arm-none-eabi/12.3.1/thumb/v7e-m+fp/hard/crtbegin.o
LOAD /opt/st/stm32cubeide_1.17.0/plugins/com.st.stm32cube.ide.mcu.externaltools.gnu-tools-for-stm32.12.3.rel1.linux64_1.1.0.202410170702/tools/bin/../lib/gcc/arm-none-eabi/12.3.1/../../../../arm-none-eabi/lib/thumb/v7e-m+fp/hard/crt0.o
LOAD ./Core/Src/AD5245.o
LOAD ./Core/Src/dhcp.o
LOAD ./Core/Src/main.o
LOAD ./Core/Src/network_int.o
LOAD ./Core/Src/socket.o
LOAD ./Core/Src/ssd1306.o
LOAD ./Core/Src/ssd1306_fonts.o
LOAD ./Core/Src/stm32g4xx_hal_msp.o
LOAD ./Core/Src/stm32g4xx_it.o
LOAD ./Core/Src/syscalls.o
LOAD ./Core/Src/sysmem.o
LOAD ./Core/Src/system_stm32g4xx.o
LOAD ./Core/Src/w5500.o
LOAD ./Core/Src/webpages.o
LOAD ./Core/Src/wizchip_conf.o
LOAD ./Core/Startup/startup_stm32g473cetx.o
LOAD ./Drivers/STM32G4xx_HAL_Driver/Src/stm32g4xx_hal.o
LOAD ./Drivers/STM32G4xx_HAL_Driver/Src/stm32g4xx_hal_adc.o
LOAD ./Drivers/STM32G4xx_HAL_Driver/Src/stm32g4xx_hal_adc_ex.o
LOAD ./Drivers/STM32G4xx_HAL_Driver/Src/stm32g4xx_hal_cortex.o
LOAD ./Drivers/STM32G4xx_HAL_Driver/Src/stm32g4xx_hal_dac.o
LOAD ./Drivers/STM32G4xx_HAL_Driver/Src/stm32g4xx_hal_dac_ex.o
LOAD ./Drivers/STM32G4xx_HAL_Driver/Src/stm32g4xx_hal_dma.o
LOAD ./Drivers/STM32G4xx_HAL_Driver/Src/stm32g4xx_hal_dma_ex.o
LOAD ./Drivers/STM32G4xx_HAL_Driver/Src/stm32g4xx_hal_exti.o
LOAD ./Drivers/STM32G4xx_HAL_Driver/Src/stm32g4xx_hal_flash.o
LOAD ./Drivers/STM32G4xx_HAL_Driver/Src/stm32g4xx_hal_flash_ex.o
LOAD ./Drivers/STM32G4xx_HAL_Driver/Src/stm32g4xx_hal_flash_ramfunc.o
LOAD ./Drivers/STM32G4xx_HAL_Driver/Src/stm32g4xx_hal_gpio.o
LOAD ./Drivers/STM32G4xx_HAL_Driver/Src/stm32g4xx_hal_i2c.o
LOAD ./Drivers/STM32G4xx_HAL_Driver/Src/stm32g4xx_hal_i2c_ex.o
LOAD ./Drivers/STM32G4xx_HAL_Driver/Src/stm32g4xx_hal_pwr.o
LOAD ./Drivers/STM32G4xx_HAL_Driver/Src/stm32g4xx_hal_pwr_ex.o
LOAD ./Drivers/STM32G4xx_HAL_Driver/Src/stm32g4xx_hal_rcc.o
LOAD ./Drivers/STM32G4xx_HAL_Driver/Src/stm32g4xx_hal_rcc_ex.o
LOAD ./Drivers/STM32G4xx_HAL_Driver/Src/stm32g4xx_hal_spi.o
LOAD ./Drivers/STM32G4xx_HAL_Driver/Src/stm32g4xx_hal_spi_ex.o
LOAD ./Drivers/STM32G4xx_HAL_Driver/Src/stm32g4xx_hal_uart.o
LOAD ./Drivers/STM32G4xx_HAL_Driver/Src/stm32g4xx_hal_uart_ex.o
LOAD ./Drivers/STM32G4xx_HAL_Driver/Src/stm32g4xx_ll_adc.o
START GROUP
LOAD /opt/st/stm32cubeide_1.17.0/plugins/com.st.stm32cube.ide.mcu.externaltools.gnu-tools-for-stm32.12.3.rel1.linux64_1.1.0.202410170702/tools/bin/../lib/gcc/arm-none-eabi/12.3.1/../../../../arm-none-eabi/lib/thumb/v7e-m+fp/hard/libstdc++_nano.a
LOAD /opt/st/stm32cubeide_1.17.0/plugins/com.st.stm32cube.ide.mcu.externaltools.gnu-tools-for-stm32.12.3.rel1.linux64_1.1.0.202410170702/tools/bin/../lib/gcc/arm-none-eabi/12.3.1/../../../../arm-none-eabi/lib/thumb/v7e-m+fp/hard/libsupc++_nano.a
END GROUP
LOAD /opt/st/stm32cubeide_1.17.0/plugins/com.st.stm32cube.ide.mcu.externaltools.gnu-tools-for-stm32.12.3.rel1.linux64_1.1.0.202410170702/tools/bin/../lib/gcc/arm-none-eabi/12.3.1/../../../../arm-none-eabi/lib/thumb/v7e-m+fp/hard/libstdc++_nano.a
LOAD /opt/st/stm32cubeide_1.17.0/plugins/com.st.stm32cube.ide.mcu.externaltools.gnu-tools-for-stm32.12.3.rel1.linux64_1.1.0.202410170702/tools/bin/../lib/gcc/arm-none-eabi/12.3.1/../../../../arm-none-eabi/lib/thumb/v7e-m+fp/hard/libm.a
LOAD /opt/st/stm32cubeide_1.17.0/plugins/com.st.stm32cube.ide.mcu.externaltools.gnu-tools-for-stm32.12.3.rel1.linux64_1.1.0.202410170702/tools/bin/../lib/gcc/arm-none-eabi/12.3.1/../../../../arm-none-eabi/lib/thumb/v7e-m+fp/hard/libc_nano.a
START GROUP
LOAD /opt/st/stm32cubeide_1.17.0/plugins/com.st.stm32cube.ide.mcu.externaltools.gnu-tools-for-stm32.12.3.rel1.linux64_1.1.0.202410170702/tools/bin/../lib/gcc/arm-none-eabi/12.3.1/thumb/v7e-m+fp/hard/libgcc.a
LOAD /opt/st/stm32cubeide_1.17.0/plugins/com.st.stm32cube.ide.mcu.externaltools.gnu-tools-for-stm32.12.3.rel1.linux64_1.1.0.202410170702/tools/bin/../lib/gcc/arm-none-eabi/12.3.1/../../../../arm-none-eabi/lib/thumb/v7e-m+fp/hard/libc_nano.a
END GROUP
START GROUP
LOAD /opt/st/stm32cubeide_1.17.0/plugins/com.st.stm32cube.ide.mcu.externaltools.gnu-tools-for-stm32.12.3.rel1.linux64_1.1.0.202410170702/tools/bin/../lib/gcc/arm-none-eabi/12.3.1/thumb/v7e-m+fp/hard/libgcc.a
LOAD /opt/st/stm32cubeide_1.17.0/plugins/com.st.stm32cube.ide.mcu.externaltools.gnu-tools-for-stm32.12.3.rel1.linux64_1.1.0.202410170702/tools/bin/../lib/gcc/arm-none-eabi/12.3.1/../../../../arm-none-eabi/lib/thumb/v7e-m+fp/hard/libc_nano.a
LOAD /opt/st/stm32cubeide_1.17.0/plugins/com.st.stm32cube.ide.mcu.externaltools.gnu-tools-for-stm32.12.3.rel1.linux64_1.1.0.202410170702/tools/bin/../lib/gcc/arm-none-eabi/12.3.1/../../../../arm-none-eabi/lib/thumb/v7e-m+fp/hard/libnosys.a
END GROUP
START GROUP
LOAD /opt/st/stm32cubeide_1.17.0/plugins/com.st.stm32cube.ide.mcu.externaltools.gnu-tools-for-stm32.12.3.rel1.linux64_1.1.0.202410170702/tools/bin/../lib/gcc/arm-none-eabi/12.3.1/thumb/v7e-m+fp/hard/libgcc.a
LOAD /opt/st/stm32cubeide_1.17.0/plugins/com.st.stm32cube.ide.mcu.externaltools.gnu-tools-for-stm32.12.3.rel1.linux64_1.1.0.202410170702/tools/bin/../lib/gcc/arm-none-eabi/12.3.1/../../../../arm-none-eabi/lib/thumb/v7e-m+fp/hard/libc_nano.a
LOAD /opt/st/stm32cubeide_1.17.0/plugins/com.st.stm32cube.ide.mcu.externaltools.gnu-tools-for-stm32.12.3.rel1.linux64_1.1.0.202410170702/tools/bin/../lib/gcc/arm-none-eabi/12.3.1/../../../../arm-none-eabi/lib/thumb/v7e-m+fp/hard/libnosys.a
END GROUP
LOAD /opt/st/stm32cubeide_1.17.0/plugins/com.st.stm32cube.ide.mcu.externaltools.gnu-tools-for-stm32.12.3.rel1.linux64_1.1.0.202410170702/tools/bin/../lib/gcc/arm-none-eabi/12.3.1/thumb/v7e-m+fp/hard/crtend.o
LOAD /opt/st/stm32cubeide_1.17.0/plugins/com.st.stm32cube.ide.mcu.externaltools.gnu-tools-for-stm32.12.3.rel1.linux64_1.1.0.202410170702/tools/bin/../lib/gcc/arm-none-eabi/12.3.1/thumb/v7e-m+fp/hard/crtn.o
                0x20020000                        _estack = (ORIGIN (RAM) + LENGTH (RAM))
                0x00000200                        _Min_Heap_Size = 0x200
                0x00000400                        _Min_Stack_Size = 0x400

.isr_vector     0x08000000      0x1d8
                0x08000000                        . = ALIGN (0x4)
 *(.isr_vector)
 .isr_vector    0x08000000      0x1d8 ./Core/Startup/startup_stm32g473cetx.o
                0x08000000                g_pfnVectors
                0x080001d8                        . = ALIGN (0x4)

.text           0x080001e0     0xa504
                0x080001e0                        . = ALIGN (0x4)
 *(.text)
 .text          0x080001e0       0x40 /opt/st/stm32cubeide_1.17.0/plugins/com.st.stm32cube.ide.mcu.externaltools.gnu-tools-for-stm32.12.3.rel1.linux64_1.1.0.202410170702/tools/bin/../lib/gcc/arm-none-eabi/12.3.1/thumb/v7e-m+fp/hard/crtbegin.o
 .text          0x08000220       0x14 /opt/st/stm32cubeide_1.17.0/plugins/com.st.stm32cube.ide.mcu.externaltools.gnu-tools-for-stm32.12.3.rel1.linux64_1.1.0.202410170702/tools/bin/../lib/gcc/arm-none-eabi/12.3.1/../../../../arm-none-eabi/lib/thumb/v7e-m+fp/hard/libc_nano.a(libc_a-strcmp.o)
                0x08000220                strcmp
 *fill*         0x08000234        0xc 
 .text          0x08000240       0xa0 /opt/st/stm32cubeide_1.17.0/plugins/com.st.stm32cube.ide.mcu.externaltools.gnu-tools-for-stm32.12.3.rel1.linux64_1.1.0.202410170702/tools/bin/../lib/gcc/arm-none-eabi/12.3.1/../../../../arm-none-eabi/lib/thumb/v7e-m+fp/hard/libc_nano.a(libc_a-memchr.o)
                0x08000240                memchr
 .text          0x080002e0       0x10 /opt/st/stm32cubeide_1.17.0/plugins/com.st.stm32cube.ide.mcu.externaltools.gnu-tools-for-stm32.12.3.rel1.linux64_1.1.0.202410170702/tools/bin/../lib/gcc/arm-none-eabi/12.3.1/../../../../arm-none-eabi/lib/thumb/v7e-m+fp/hard/libc_nano.a(libc_a-strlen.o)
                0x080002e0                strlen
 .text          0x080002f0      0x378 /opt/st/stm32cubeide_1.17.0/plugins/com.st.stm32cube.ide.mcu.externaltools.gnu-tools-for-stm32.12.3.rel1.linux64_1.1.0.202410170702/tools/bin/../lib/gcc/arm-none-eabi/12.3.1/thumb/v7e-m+fp/hard/libgcc.a(_arm_addsubdf3.o)
                0x080002f0                __aeabi_drsub
                0x080002f8                __aeabi_dsub
                0x080002f8                __subdf3
                0x080002fc                __adddf3
                0x080002fc                __aeabi_dadd
                0x08000574                __aeabi_ui2d
                0x08000574                __floatunsidf
                0x08000594                __floatsidf
                0x08000594                __aeabi_i2d
                0x080005b8                __extendsfdf2
                0x080005b8                __aeabi_f2d
                0x080005fc                __aeabi_ul2d
                0x080005fc                __floatundidf
                0x0800060c                __floatdidf
                0x0800060c                __aeabi_l2d
 .text          0x08000668      0x424 /opt/st/stm32cubeide_1.17.0/plugins/com.st.stm32cube.ide.mcu.externaltools.gnu-tools-for-stm32.12.3.rel1.linux64_1.1.0.202410170702/tools/bin/../lib/gcc/arm-none-eabi/12.3.1/thumb/v7e-m+fp/hard/libgcc.a(_arm_muldivdf3.o)
                0x08000668                __aeabi_dmul
                0x08000668                __muldf3
                0x080008bc                __aeabi_ddiv
                0x080008bc                __divdf3
 .text          0x08000a8c      0x110 /opt/st/stm32cubeide_1.17.0/plugins/com.st.stm32cube.ide.mcu.externaltools.gnu-tools-for-stm32.12.3.rel1.linux64_1.1.0.202410170702/tools/bin/../lib/gcc/arm-none-eabi/12.3.1/thumb/v7e-m+fp/hard/libgcc.a(_arm_cmpdf2.o)
                0x08000a8c                __gtdf2
                0x08000a8c                __gedf2
                0x08000a94                __ltdf2
                0x08000a94                __ledf2
                0x08000a9c                __cmpdf2
                0x08000a9c                __eqdf2
                0x08000a9c                __nedf2
                0x08000b18                __aeabi_cdrcmple
                0x08000b28                __aeabi_cdcmple
                0x08000b28                __aeabi_cdcmpeq
                0x08000b38                __aeabi_dcmpeq
                0x08000b4c                __aeabi_dcmplt
                0x08000b60                __aeabi_dcmple
                0x08000b74                __aeabi_dcmpge
                0x08000b88                __aeabi_dcmpgt
 .text          0x08000b9c       0x2c /opt/st/stm32cubeide_1.17.0/plugins/com.st.stm32cube.ide.mcu.externaltools.gnu-tools-for-stm32.12.3.rel1.linux64_1.1.0.202410170702/tools/bin/../lib/gcc/arm-none-eabi/12.3.1/thumb/v7e-m+fp/hard/libgcc.a(_arm_unorddf2.o)
                0x08000b9c                __aeabi_dcmpun
                0x08000b9c                __unorddf2
 .text          0x08000bc8       0x50 /opt/st/stm32cubeide_1.17.0/plugins/com.st.stm32cube.ide.mcu.externaltools.gnu-tools-for-stm32.12.3.rel1.linux64_1.1.0.202410170702/tools/bin/../lib/gcc/arm-none-eabi/12.3.1/thumb/v7e-m+fp/hard/libgcc.a(_arm_fixdfsi.o)
                0x08000bc8                __fixdfsi
                0x08000bc8                __aeabi_d2iz
 .text          0x08000c18       0x30 /opt/st/stm32cubeide_1.17.0/plugins/com.st.stm32cube.ide.mcu.externaltools.gnu-tools-for-stm32.12.3.rel1.linux64_1.1.0.202410170702/tools/bin/../lib/gcc/arm-none-eabi/12.3.1/thumb/v7e-m+fp/hard/libgcc.a(_aeabi_uldivmod.o)
                0x08000c18                __aeabi_uldivmod
 .text          0x08000c48      0x2bc /opt/st/stm32cubeide_1.17.0/plugins/com.st.stm32cube.ide.mcu.externaltools.gnu-tools-for-stm32.12.3.rel1.linux64_1.1.0.202410170702/tools/bin/../lib/gcc/arm-none-eabi/12.3.1/thumb/v7e-m+fp/hard/libgcc.a(_udivmoddi4.o)
                0x08000c48                __udivmoddi4
 .text          0x08000f04        0x4 /opt/st/stm32cubeide_1.17.0/plugins/com.st.stm32cube.ide.mcu.externaltools.gnu-tools-for-stm32.12.3.rel1.linux64_1.1.0.202410170702/tools/bin/../lib/gcc/arm-none-eabi/12.3.1/thumb/v7e-m+fp/hard/libgcc.a(_dvmd_tls.o)
                0x08000f04                __aeabi_ldiv0
                0x08000f04                __aeabi_idiv0
 *(.text*)
 .text.AD5245level
                0x08000f08       0x28 ./Core/Src/AD5245.o
                0x08000f08                AD5245level
 .text.default_ip_assign
                0x08000f30       0x38 ./Core/Src/dhcp.o
                0x08000f30                default_ip_assign
 .text.default_ip_update
                0x08000f68       0x28 ./Core/Src/dhcp.o
                0x08000f68                default_ip_update
 .text.default_ip_conflict
                0x08000f90       0x24 ./Core/Src/dhcp.o
                0x08000f90                default_ip_conflict
 .text.reg_dhcp_cbfunc
                0x08000fb4       0x40 ./Core/Src/dhcp.o
                0x08000fb4                reg_dhcp_cbfunc
 .text.makeDHCPMSG
                0x08000ff4       0x98 ./Core/Src/dhcp.o
                0x08000ff4                makeDHCPMSG
 .text.send_DHCP_DECLINE
                0x0800108c       0xd0 ./Core/Src/dhcp.o
                0x0800108c                send_DHCP_DECLINE
 .text.parseDHCPMSG
                0x0800115c      0x304 ./Core/Src/dhcp.o
                0x0800115c                parseDHCPMSG
 .text.check_DHCP_leasedIP
                0x08001460       0x64 ./Core/Src/dhcp.o
                0x08001460                check_DHCP_leasedIP
 .text.reset_DHCP_timeout
                0x080014c4       0x20 ./Core/Src/dhcp.o
                0x080014c4                reset_DHCP_timeout
 .text.DHCP_init
                0x080014e4       0xb0 ./Core/Src/dhcp.o
                0x080014e4                DHCP_init
 .text.DHCP_time_handler
                0x08001594       0x10 ./Core/Src/dhcp.o
                0x08001594                DHCP_time_handler
 .text.getIPfromDHCP
                0x080015a4       0x18 ./Core/Src/dhcp.o
                0x080015a4                getIPfromDHCP
 .text.getGWfromDHCP
                0x080015bc       0x18 ./Core/Src/dhcp.o
                0x080015bc                getGWfromDHCP
 .text.getSNfromDHCP
                0x080015d4       0x18 ./Core/Src/dhcp.o
                0x080015d4                getSNfromDHCP
 .text.getDNSfromDHCP
                0x080015ec       0x18 ./Core/Src/dhcp.o
                0x080015ec                getDNSfromDHCP
 .text.getDHCPLeasetime
                0x08001604        0xc ./Core/Src/dhcp.o
                0x08001604                getDHCPLeasetime
 .text.NibbleToHex
                0x08001610        0xe ./Core/Src/dhcp.o
                0x08001610                NibbleToHex
 *fill*         0x0800161e        0x2 
 .text.send_DHCP_DISCOVER
                0x08001620      0x1e8 ./Core/Src/dhcp.o
                0x08001620                send_DHCP_DISCOVER
 .text.send_DHCP_REQUEST
                0x08001808      0x290 ./Core/Src/dhcp.o
                0x08001808                send_DHCP_REQUEST
 .text.check_DHCP_timeout
                0x08001a98       0x84 ./Core/Src/dhcp.o
                0x08001a98                check_DHCP_timeout
 .text.DHCP_run
                0x08001b1c      0x17c ./Core/Src/dhcp.o
                0x08001b1c                DHCP_run
 .text.sendWorld
                0x08001c98       0x74 ./Core/Src/main.o
                0x08001c98                sendWorld
 .text.SystemClock_Config
                0x08001d0c       0x72 ./Core/Src/main.o
                0x08001d0c                SystemClock_Config
 *fill*         0x08001d7e        0x2 
 .text.startup.main
                0x08001d80      0xa84 ./Core/Src/main.o
                0x08001d80                main
 .text.Error_Handler
                0x08002804        0x4 ./Core/Src/main.o
                0x08002804                Error_Handler
 .text.W5500_Select
                0x08002808       0x10 ./Core/Src/network_int.o
                0x08002808                W5500_Select
 .text.W5500_Unselect
                0x08002818       0x10 ./Core/Src/network_int.o
                0x08002818                W5500_Unselect
 .text.W5500_ReadBuff
                0x08002828       0x14 ./Core/Src/network_int.o
                0x08002828                W5500_ReadBuff
 .text.W5500_ReadByte
                0x0800283c       0x16 ./Core/Src/network_int.o
                0x0800283c                W5500_ReadByte
 *fill*         0x08002852        0x2 
 .text.W5500_WriteBuff
                0x08002854       0x14 ./Core/Src/network_int.o
                0x08002854                W5500_WriteBuff
 .text.W5500_WriteByte
                0x08002868       0x16 ./Core/Src/network_int.o
                0x08002868                W5500_WriteByte
 *fill*         0x0800287e        0x2 
 .text.UART_Printf
                0x08002880       0x3c ./Core/Src/network_int.o
                0x08002880                UART_Printf
 .text.Callback_IPAssigned
                0x080028bc       0x20 ./Core/Src/network_int.o
                0x080028bc                Callback_IPAssigned
 .text.Callback_IPConflict
                0x080028dc        0xc ./Core/Src/network_int.o
                0x080028dc                Callback_IPConflict
 .text.send_tcp_data
                0x080028e8       0x5a ./Core/Src/network_int.o
                0x080028e8                send_tcp_data
 *fill*         0x08002942        0x2 
 .text.linsten_tcp_socket
                0x08002944      0x3a0 ./Core/Src/network_int.o
                0x08002944                linsten_tcp_socket
 .text.init_w5500
                0x08002ce4      0x18c ./Core/Src/network_int.o
                0x08002ce4                init_w5500
 .text.close    0x08002e70       0x7c ./Core/Src/socket.o
                0x08002e70                close
 .text.socket   0x08002eec      0x124 ./Core/Src/socket.o
                0x08002eec                socket
 .text.listen   0x08003010       0x6a ./Core/Src/socket.o
                0x08003010                listen
 *fill*         0x0800307a        0x2 
 .text.disconnect
                0x0800307c       0x88 ./Core/Src/socket.o
                0x0800307c                disconnect
 .text.send     0x08003104      0x114 ./Core/Src/socket.o
                0x08003104                send
 .text.recv     0x08003218       0xe4 ./Core/Src/socket.o
                0x08003218                recv
 .text.sendto   0x080032fc      0x150 ./Core/Src/socket.o
                0x080032fc                sendto
 .text.recvfrom
                0x0800344c      0x1fc ./Core/Src/socket.o
                0x0800344c                recvfrom
 .text.ctlsocket
                0x08003648       0xb8 ./Core/Src/socket.o
                0x08003648                ctlsocket
 .text.ssd1306_WriteCommand
                0x08003700       0x2c ./Core/Src/ssd1306.o
                0x08003700                ssd1306_WriteCommand
 .text.ssd1306_WriteData
                0x0800372c       0x24 ./Core/Src/ssd1306.o
                0x0800372c                ssd1306_WriteData
 .text.ssd1306_Fill
                0x08003750       0x20 ./Core/Src/ssd1306.o
                0x08003750                ssd1306_Fill
 .text.ssd1306_UpdateScreen
                0x08003770       0x2c ./Core/Src/ssd1306.o
                0x08003770                ssd1306_UpdateScreen
 .text.ssd1306_Init
                0x0800379c       0x6c ./Core/Src/ssd1306.o
                0x0800379c                ssd1306_Init
 .text.ssd1306_DrawPixel
                0x08003808       0x30 ./Core/Src/ssd1306.o
                0x08003808                ssd1306_DrawPixel
 .text.ssd1306_WriteChar
                0x08003838       0xac ./Core/Src/ssd1306.o
                0x08003838                ssd1306_WriteChar
 .text.ssd1306_WriteString
                0x080038e4       0x28 ./Core/Src/ssd1306.o
                0x080038e4                ssd1306_WriteString
 .text.ssd1306_SetCursor
                0x0800390c        0xc ./Core/Src/ssd1306.o
                0x0800390c                ssd1306_SetCursor
 .text.HAL_MspInit
                0x08003918       0x34 ./Core/Src/stm32g4xx_hal_msp.o
                0x08003918                HAL_MspInit
 .text.HAL_ADC_MspInit
                0x0800394c       0xbc ./Core/Src/stm32g4xx_hal_msp.o
                0x0800394c                HAL_ADC_MspInit
 .text.HAL_DAC_MspInit
                0x08003a08       0x94 ./Core/Src/stm32g4xx_hal_msp.o
                0x08003a08                HAL_DAC_MspInit
 .text.HAL_I2C_MspInit
                0x08003a9c       0x8c ./Core/Src/stm32g4xx_hal_msp.o
                0x08003a9c                HAL_I2C_MspInit
 .text.HAL_SPI_MspInit
                0x08003b28       0x68 ./Core/Src/stm32g4xx_hal_msp.o
                0x08003b28                HAL_SPI_MspInit
 .text.HAL_UART_MspInit
                0x08003b90       0xbc ./Core/Src/stm32g4xx_hal_msp.o
                0x08003b90                HAL_UART_MspInit
 .text.NMI_Handler
                0x08003c4c        0x2 ./Core/Src/stm32g4xx_it.o
                0x08003c4c                NMI_Handler
 .text.HardFault_Handler
                0x08003c4e        0x2 ./Core/Src/stm32g4xx_it.o
                0x08003c4e                HardFault_Handler
 .text.MemManage_Handler
                0x08003c50        0x2 ./Core/Src/stm32g4xx_it.o
                0x08003c50                MemManage_Handler
 .text.BusFault_Handler
                0x08003c52        0x2 ./Core/Src/stm32g4xx_it.o
                0x08003c52                BusFault_Handler
 .text.UsageFault_Handler
                0x08003c54        0x2 ./Core/Src/stm32g4xx_it.o
                0x08003c54                UsageFault_Handler
 .text.SVC_Handler
                0x08003c56        0x2 ./Core/Src/stm32g4xx_it.o
                0x08003c56                SVC_Handler
 .text.DebugMon_Handler
                0x08003c58        0x2 ./Core/Src/stm32g4xx_it.o
                0x08003c58                DebugMon_Handler
 .text.PendSV_Handler
                0x08003c5a        0x2 ./Core/Src/stm32g4xx_it.o
                0x08003c5a                PendSV_Handler
 .text.SysTick_Handler
                0x08003c5c       0x28 ./Core/Src/stm32g4xx_it.o
                0x08003c5c                SysTick_Handler
 .text.DMA1_Channel1_IRQHandler
                0x08003c84       0x38 ./Core/Src/stm32g4xx_it.o
                0x08003c84                DMA1_Channel1_IRQHandler
 .text.DMA1_Channel2_IRQHandler
                0x08003cbc       0x18 ./Core/Src/stm32g4xx_it.o
                0x08003cbc                DMA1_Channel2_IRQHandler
 .text._getpid  0x08003cd4        0x4 ./Core/Src/syscalls.o
                0x08003cd4                _getpid
 .text._kill    0x08003cd8       0x10 ./Core/Src/syscalls.o
                0x08003cd8                _kill
 .text._exit    0x08003ce8        0xc ./Core/Src/syscalls.o
                0x08003ce8                _exit
 .text._read    0x08003cf4       0x1c ./Core/Src/syscalls.o
                0x08003cf4                _read
 .text._write   0x08003d10       0x1c ./Core/Src/syscalls.o
                0x08003d10                _write
 .text._close   0x08003d2c        0x6 ./Core/Src/syscalls.o
                0x08003d2c                _close
 .text._fstat   0x08003d32        0xa ./Core/Src/syscalls.o
                0x08003d32                _fstat
 .text._isatty  0x08003d3c        0x4 ./Core/Src/syscalls.o
                0x08003d3c                _isatty
 .text._lseek   0x08003d40        0x4 ./Core/Src/syscalls.o
                0x08003d40                _lseek
 .text._sbrk    0x08003d44       0x40 ./Core/Src/sysmem.o
                0x08003d44                _sbrk
 .text.SystemInit
                0x08003d84       0x14 ./Core/Src/system_stm32g4xx.o
                0x08003d84                SystemInit
 .text.WIZCHIP_READ
                0x08003d98       0x5c ./Core/Src/w5500.o
                0x08003d98                WIZCHIP_READ
 .text.WIZCHIP_WRITE
                0x08003df4       0x64 ./Core/Src/w5500.o
                0x08003df4                WIZCHIP_WRITE
 .text.WIZCHIP_READ_BUF
                0x08003e58       0x74 ./Core/Src/w5500.o
                0x08003e58                WIZCHIP_READ_BUF
 .text.WIZCHIP_WRITE_BUF
                0x08003ecc       0x74 ./Core/Src/w5500.o
                0x08003ecc                WIZCHIP_WRITE_BUF
 .text.getSn_TX_FSR
                0x08003f40       0x42 ./Core/Src/w5500.o
                0x08003f40                getSn_TX_FSR
 .text.getSn_RX_RSR
                0x08003f82       0x42 ./Core/Src/w5500.o
                0x08003f82                getSn_RX_RSR
 .text.wiz_send_data
                0x08003fc4       0x5a ./Core/Src/w5500.o
                0x08003fc4                wiz_send_data
 .text.wiz_recv_data
                0x0800401e       0x5a ./Core/Src/w5500.o
                0x0800401e                wiz_recv_data
 .text.wiz_recv_ignore
                0x08004078       0x3c ./Core/Src/w5500.o
                0x08004078                wiz_recv_ignore
 .text.wizchip_cris_enter
                0x080040b4        0x2 ./Core/Src/wizchip_conf.o
                0x080040b4                wizchip_cris_enter
 .text.wizchip_bus_readdata
                0x080040b6        0x4 ./Core/Src/wizchip_conf.o
                0x080040b6                wizchip_bus_readdata
 .text.wizchip_bus_writedata
                0x080040ba        0x4 ./Core/Src/wizchip_conf.o
                0x080040ba                wizchip_bus_writedata
 .text.wizchip_spi_readbyte
                0x080040be        0x4 ./Core/Src/wizchip_conf.o
                0x080040be                wizchip_spi_readbyte
 .text.wizchip_spi_writebyte
                0x080040c2        0x2 ./Core/Src/wizchip_conf.o
                0x080040c2                wizchip_spi_writebyte
 .text.wizchip_spi_readburst
                0x080040c4        0x2 ./Core/Src/wizchip_conf.o
                0x080040c4                wizchip_spi_readburst
 .text.wizchip_spi_writeburst
                0x080040c6        0x2 ./Core/Src/wizchip_conf.o
                0x080040c6                wizchip_spi_writeburst
 .text.wizchip_cris_exit
                0x080040c8        0x2 ./Core/Src/wizchip_conf.o
                0x080040c8                wizchip_cris_exit
 .text.wizchip_cs_select
                0x080040ca        0x2 ./Core/Src/wizchip_conf.o
                0x080040ca                wizchip_cs_select
 .text.wizchip_cs_deselect
                0x080040cc        0x2 ./Core/Src/wizchip_conf.o
                0x080040cc                wizchip_cs_deselect
 *fill*         0x080040ce        0x2 
 .text.reg_wizchip_cs_cbfunc
                0x080040d0       0x1c ./Core/Src/wizchip_conf.o
                0x080040d0                reg_wizchip_cs_cbfunc
 .text.reg_wizchip_spi_cbfunc
                0x080040ec       0x24 ./Core/Src/wizchip_conf.o
                0x080040ec                reg_wizchip_spi_cbfunc
 .text.reg_wizchip_spiburst_cbfunc
                0x08004110       0x24 ./Core/Src/wizchip_conf.o
                0x08004110                reg_wizchip_spiburst_cbfunc
 .text.wizchip_sw_reset
                0x08004134       0x7a ./Core/Src/wizchip_conf.o
                0x08004134                wizchip_sw_reset
 .text.wizchip_init
                0x080041ae       0x88 ./Core/Src/wizchip_conf.o
                0x080041ae                wizchip_init
 *fill*         0x08004236        0x2 
 .text.wizchip_setnetinfo
                0x08004238       0x5c ./Core/Src/wizchip_conf.o
                0x08004238                wizchip_setnetinfo
 .text.wizchip_getnetinfo
                0x08004294       0x5c ./Core/Src/wizchip_conf.o
                0x08004294                wizchip_getnetinfo
 .text.wizchip_setnetmode
                0x080042f0       0x26 ./Core/Src/wizchip_conf.o
                0x080042f0                wizchip_setnetmode
 .text.wizchip_getnetmode
                0x08004316        0x6 ./Core/Src/wizchip_conf.o
                0x08004316                wizchip_getnetmode
 .text.wizchip_settimeout
                0x0800431c       0x28 ./Core/Src/wizchip_conf.o
                0x0800431c                wizchip_settimeout
 .text.wizchip_gettimeout
                0x08004344       0x28 ./Core/Src/wizchip_conf.o
                0x08004344                wizchip_gettimeout
 .text.ctlnetwork
                0x0800436c       0x4c ./Core/Src/wizchip_conf.o
                0x0800436c                ctlnetwork
 .text.Reset_Handler
                0x080043b8       0x50 ./Core/Startup/startup_stm32g473cetx.o
                0x080043b8                Reset_Handler
 .text.Default_Handler
                0x08004408        0x2 ./Core/Startup/startup_stm32g473cetx.o
                0x08004408                RTC_Alarm_IRQHandler
                0x08004408                EXTI2_IRQHandler
                0x08004408                TIM8_TRG_COM_IRQHandler
                0x08004408                TIM8_CC_IRQHandler
                0x08004408                SPI4_IRQHandler
                0x08004408                FDCAN3_IT0_IRQHandler
                0x08004408                TIM1_CC_IRQHandler
                0x08004408                USB_HP_IRQHandler
                0x08004408                CORDIC_IRQHandler
                0x08004408                DMA2_Channel8_IRQHandler
                0x08004408                EXTI3_IRQHandler
                0x08004408                I2C3_ER_IRQHandler
                0x08004408                EXTI0_IRQHandler
                0x08004408                I2C2_EV_IRQHandler
                0x08004408                FPU_IRQHandler
                0x08004408                FDCAN1_IT1_IRQHandler
                0x08004408                TIM1_UP_TIM16_IRQHandler
                0x08004408                ADC1_2_IRQHandler
                0x08004408                SPI1_IRQHandler
                0x08004408                TIM6_DAC_IRQHandler
                0x08004408                TIM8_UP_IRQHandler
                0x08004408                DMA2_Channel2_IRQHandler
                0x08004408                DMA1_Channel4_IRQHandler
                0x08004408                TIM20_TRG_COM_IRQHandler
                0x08004408                USART3_IRQHandler
                0x08004408                DMA1_Channel7_IRQHandler
                0x08004408                UART5_IRQHandler
                0x08004408                ADC3_IRQHandler
                0x08004408                TIM4_IRQHandler
                0x08004408                DMA2_Channel1_IRQHandler
                0x08004408                QUADSPI_IRQHandler
                0x08004408                I2C1_EV_IRQHandler
                0x08004408                DMA1_Channel6_IRQHandler
                0x08004408                UART4_IRQHandler
                0x08004408                DMA2_Channel4_IRQHandler
                0x08004408                TIM3_IRQHandler
                0x08004408                RCC_IRQHandler
                0x08004408                TIM20_UP_IRQHandler
                0x08004408                Default_Handler
                0x08004408                DMA2_Channel7_IRQHandler
                0x08004408                RTC_TAMP_LSECSS_IRQHandler
                0x08004408                FMAC_IRQHandler
                0x08004408                EXTI15_10_IRQHandler
                0x08004408                DMA1_Channel8_IRQHandler
                0x08004408                TIM7_DAC_IRQHandler
                0x08004408                FDCAN3_IT1_IRQHandler
                0x08004408                TIM5_IRQHandler
                0x08004408                UCPD1_IRQHandler
                0x08004408                I2C3_EV_IRQHandler
                0x08004408                EXTI9_5_IRQHandler
                0x08004408                RTC_WKUP_IRQHandler
                0x08004408                PVD_PVM_IRQHandler
                0x08004408                SPI2_IRQHandler
                0x08004408                ADC5_IRQHandler
                0x08004408                DMA2_Channel5_IRQHandler
                0x08004408                CRS_IRQHandler
                0x08004408                DMA1_Channel5_IRQHandler
                0x08004408                USB_LP_IRQHandler
                0x08004408                EXTI4_IRQHandler
                0x08004408                RNG_IRQHandler
                0x08004408                TIM1_TRG_COM_TIM17_IRQHandler
                0x08004408                FDCAN2_IT1_IRQHandler
                0x08004408                DMA1_Channel3_IRQHandler
                0x08004408                ADC4_IRQHandler
                0x08004408                WWDG_IRQHandler
                0x08004408                I2C4_EV_IRQHandler
                0x08004408                FDCAN2_IT0_IRQHandler
                0x08004408                LPUART1_IRQHandler
                0x08004408                DMA2_Channel6_IRQHandler
                0x08004408                FDCAN1_IT0_IRQHandler
                0x08004408                TIM2_IRQHandler
                0x08004408                COMP7_IRQHandler
                0x08004408                COMP1_2_3_IRQHandler
                0x08004408                EXTI1_IRQHandler
                0x08004408                USART2_IRQHandler
                0x08004408                COMP4_5_6_IRQHandler
                0x08004408                TIM20_BRK_IRQHandler
                0x08004408                I2C2_ER_IRQHandler
                0x08004408                TIM8_BRK_IRQHandler
                0x08004408                FLASH_IRQHandler
                0x08004408                TIM20_CC_IRQHandler
                0x08004408                USART1_IRQHandler
                0x08004408                SPI3_IRQHandler
                0x08004408                I2C1_ER_IRQHandler
                0x08004408                FMC_IRQHandler
                0x08004408                LPTIM1_IRQHandler
                0x08004408                DMAMUX_OVR_IRQHandler
                0x08004408                I2C4_ER_IRQHandler
                0x08004408                USBWakeUp_IRQHandler
                0x08004408                SAI1_IRQHandler
                0x08004408                DMA2_Channel3_IRQHandler
                0x08004408                TIM1_BRK_TIM15_IRQHandler
 *fill*         0x0800440a        0x2 
 .text.HAL_InitTick
                0x0800440c       0x4c ./Drivers/STM32G4xx_HAL_Driver/Src/stm32g4xx_hal.o
                0x0800440c                HAL_InitTick
 .text.HAL_Init
                0x08004458       0x1e ./Drivers/STM32G4xx_HAL_Driver/Src/stm32g4xx_hal.o
                0x08004458                HAL_Init
 *fill*         0x08004476        0x2 
 .text.HAL_IncTick
                0x08004478       0x18 ./Drivers/STM32G4xx_HAL_Driver/Src/stm32g4xx_hal.o
                0x08004478                HAL_IncTick
 .text.HAL_GetTick
                0x08004490        0xc ./Drivers/STM32G4xx_HAL_Driver/Src/stm32g4xx_hal.o
                0x08004490                HAL_GetTick
 .text.HAL_Delay
                0x0800449c       0x28 ./Drivers/STM32G4xx_HAL_Driver/Src/stm32g4xx_hal.o
                0x0800449c                HAL_Delay
 .text.LL_ADC_SetChannelSamplingTime
                0x080044c4       0x20 ./Drivers/STM32G4xx_HAL_Driver/Src/stm32g4xx_hal_adc.o
 .text.LL_ADC_IsEnabled
                0x080044e4        0x8 ./Drivers/STM32G4xx_HAL_Driver/Src/stm32g4xx_hal_adc.o
 .text.LL_ADC_REG_IsConversionOngoing
                0x080044ec        0x8 ./Drivers/STM32G4xx_HAL_Driver/Src/stm32g4xx_hal_adc.o
 .text.HAL_ADC_Init
                0x080044f4      0x230 ./Drivers/STM32G4xx_HAL_Driver/Src/stm32g4xx_hal_adc.o
                0x080044f4                HAL_ADC_Init
 .text.HAL_ADC_ConvCpltCallback
                0x08004724        0x2 ./Drivers/STM32G4xx_HAL_Driver/Src/stm32g4xx_hal_adc.o
                0x08004724                HAL_ADC_ConvCpltCallback
 .text.HAL_ADC_ConvHalfCpltCallback
                0x08004726        0x2 ./Drivers/STM32G4xx_HAL_Driver/Src/stm32g4xx_hal_adc.o
                0x08004726                HAL_ADC_ConvHalfCpltCallback
 .text.ADC_DMAHalfConvCplt
                0x08004728        0xa ./Drivers/STM32G4xx_HAL_Driver/Src/stm32g4xx_hal_adc.o
                0x08004728                ADC_DMAHalfConvCplt
 .text.HAL_ADC_ErrorCallback
                0x08004732        0x2 ./Drivers/STM32G4xx_HAL_Driver/Src/stm32g4xx_hal_adc.o
                0x08004732                HAL_ADC_ErrorCallback
 .text.ADC_DMAConvCplt
                0x08004734       0x68 ./Drivers/STM32G4xx_HAL_Driver/Src/stm32g4xx_hal_adc.o
                0x08004734                ADC_DMAConvCplt
 .text.ADC_DMAError
                0x0800479c       0x1a ./Drivers/STM32G4xx_HAL_Driver/Src/stm32g4xx_hal_adc.o
                0x0800479c                ADC_DMAError
 *fill*         0x080047b6        0x2 
 .text.HAL_ADC_ConfigChannel
                0x080047b8      0x3f0 ./Drivers/STM32G4xx_HAL_Driver/Src/stm32g4xx_hal_adc.o
                0x080047b8                HAL_ADC_ConfigChannel
 .text.ADC_Enable
                0x08004ba8       0xd0 ./Drivers/STM32G4xx_HAL_Driver/Src/stm32g4xx_hal_adc.o
                0x08004ba8                ADC_Enable
 .text.HAL_ADC_Start_DMA
                0x08004c78      0x100 ./Drivers/STM32G4xx_HAL_Driver/Src/stm32g4xx_hal_adc.o
                0x08004c78                HAL_ADC_Start_DMA
 .text.ADC_Disable
                0x08004d78       0x6a ./Drivers/STM32G4xx_HAL_Driver/Src/stm32g4xx_hal_adc.o
                0x08004d78                ADC_Disable
 .text.LL_ADC_IsEnabled
                0x08004de2        0x8 ./Drivers/STM32G4xx_HAL_Driver/Src/stm32g4xx_hal_adc_ex.o
 .text.LL_ADC_REG_IsConversionOngoing
                0x08004dea        0x8 ./Drivers/STM32G4xx_HAL_Driver/Src/stm32g4xx_hal_adc_ex.o
 *fill*         0x08004df2        0x2 
 .text.HAL_ADCEx_Calibration_Start
                0x08004df4       0x98 ./Drivers/STM32G4xx_HAL_Driver/Src/stm32g4xx_hal_adc_ex.o
                0x08004df4                HAL_ADCEx_Calibration_Start
 .text.HAL_ADCEx_MultiModeConfigChannel
                0x08004e8c      0x14c ./Drivers/STM32G4xx_HAL_Driver/Src/stm32g4xx_hal_adc_ex.o
                0x08004e8c                HAL_ADCEx_MultiModeConfigChannel
 .text.HAL_NVIC_SetPriorityGrouping
                0x08004fd8       0x24 ./Drivers/STM32G4xx_HAL_Driver/Src/stm32g4xx_hal_cortex.o
                0x08004fd8                HAL_NVIC_SetPriorityGrouping
 .text.HAL_NVIC_SetPriority
                0x08004ffc       0x64 ./Drivers/STM32G4xx_HAL_Driver/Src/stm32g4xx_hal_cortex.o
                0x08004ffc                HAL_NVIC_SetPriority
 .text.HAL_NVIC_EnableIRQ
                0x08005060       0x1c ./Drivers/STM32G4xx_HAL_Driver/Src/stm32g4xx_hal_cortex.o
                0x08005060                HAL_NVIC_EnableIRQ
 .text.HAL_SYSTICK_Config
                0x0800507c       0x28 ./Drivers/STM32G4xx_HAL_Driver/Src/stm32g4xx_hal_cortex.o
                0x0800507c                HAL_SYSTICK_Config
 .text.HAL_DAC_Init
                0x080050a4       0x26 ./Drivers/STM32G4xx_HAL_Driver/Src/stm32g4xx_hal_dac.o
                0x080050a4                HAL_DAC_Init
 *fill*         0x080050ca        0x2 
 .text.HAL_DAC_Start
                0x080050cc       0x80 ./Drivers/STM32G4xx_HAL_Driver/Src/stm32g4xx_hal_dac.o
                0x080050cc                HAL_DAC_Start
 .text.HAL_DAC_SetValue
                0x0800514c       0x2c ./Drivers/STM32G4xx_HAL_Driver/Src/stm32g4xx_hal_dac.o
                0x0800514c                HAL_DAC_SetValue
 .text.HAL_DAC_ConfigChannel
                0x08005178      0x1d0 ./Drivers/STM32G4xx_HAL_Driver/Src/stm32g4xx_hal_dac.o
                0x08005178                HAL_DAC_ConfigChannel
 .text.DMA_SetConfig
                0x08005348       0x34 ./Drivers/STM32G4xx_HAL_Driver/Src/stm32g4xx_hal_dma.o
 .text.DMA_CalcDMAMUXChannelBaseAndMask
                0x0800537c       0x48 ./Drivers/STM32G4xx_HAL_Driver/Src/stm32g4xx_hal_dma.o
 .text.HAL_DMA_Init
                0x080053c4       0xe0 ./Drivers/STM32G4xx_HAL_Driver/Src/stm32g4xx_hal_dma.o
                0x080053c4                HAL_DMA_Init
 .text.HAL_DMA_Start_IT
                0x080054a4       0x80 ./Drivers/STM32G4xx_HAL_Driver/Src/stm32g4xx_hal_dma.o
                0x080054a4                HAL_DMA_Start_IT
 .text.HAL_DMA_IRQHandler
                0x08005524       0x94 ./Drivers/STM32G4xx_HAL_Driver/Src/stm32g4xx_hal_dma.o
                0x08005524                HAL_DMA_IRQHandler
 .text.HAL_GPIO_Init
                0x080055b8      0x194 ./Drivers/STM32G4xx_HAL_Driver/Src/stm32g4xx_hal_gpio.o
                0x080055b8                HAL_GPIO_Init
 .text.HAL_GPIO_WritePin
                0x0800574c        0xa ./Drivers/STM32G4xx_HAL_Driver/Src/stm32g4xx_hal_gpio.o
                0x0800574c                HAL_GPIO_WritePin
 .text.HAL_GPIO_TogglePin
                0x08005756       0x12 ./Drivers/STM32G4xx_HAL_Driver/Src/stm32g4xx_hal_gpio.o
                0x08005756                HAL_GPIO_TogglePin
 .text.I2C_Flush_TXDR
                0x08005768       0x1c ./Drivers/STM32G4xx_HAL_Driver/Src/stm32g4xx_hal_i2c.o
 .text.I2C_TransferConfig
                0x08005784       0x2c ./Drivers/STM32G4xx_HAL_Driver/Src/stm32g4xx_hal_i2c.o
 .text.I2C_IsErrorOccurred
                0x080057b0      0x100 ./Drivers/STM32G4xx_HAL_Driver/Src/stm32g4xx_hal_i2c.o
 .text.I2C_WaitOnTXISFlagUntilTimeout
                0x080058b0       0x56 ./Drivers/STM32G4xx_HAL_Driver/Src/stm32g4xx_hal_i2c.o
 .text.I2C_WaitOnFlagUntilTimeout
                0x08005906       0x76 ./Drivers/STM32G4xx_HAL_Driver/Src/stm32g4xx_hal_i2c.o
 .text.I2C_WaitOnSTOPFlagUntilTimeout
                0x0800597c       0x52 ./Drivers/STM32G4xx_HAL_Driver/Src/stm32g4xx_hal_i2c.o
 .text.HAL_I2C_Init
                0x080059ce       0xaa ./Drivers/STM32G4xx_HAL_Driver/Src/stm32g4xx_hal_i2c.o
                0x080059ce                HAL_I2C_Init
 .text.HAL_I2C_Mem_Write
                0x08005a78      0x1b4 ./Drivers/STM32G4xx_HAL_Driver/Src/stm32g4xx_hal_i2c.o
                0x08005a78                HAL_I2C_Mem_Write
 .text.HAL_I2CEx_ConfigAnalogFilter
                0x08005c2c       0x4c ./Drivers/STM32G4xx_HAL_Driver/Src/stm32g4xx_hal_i2c_ex.o
                0x08005c2c                HAL_I2CEx_ConfigAnalogFilter
 .text.HAL_I2CEx_ConfigDigitalFilter
                0x08005c78       0x4a ./Drivers/STM32G4xx_HAL_Driver/Src/stm32g4xx_hal_i2c_ex.o
                0x08005c78                HAL_I2CEx_ConfigDigitalFilter
 *fill*         0x08005cc2        0x2 
 .text.HAL_PWREx_ControlVoltageScaling
                0x08005cc4       0xb0 ./Drivers/STM32G4xx_HAL_Driver/Src/stm32g4xx_hal_pwr_ex.o
                0x08005cc4                HAL_PWREx_ControlVoltageScaling
 .text.HAL_PWREx_DisableUCPDDeadBattery
                0x08005d74       0x10 ./Drivers/STM32G4xx_HAL_Driver/Src/stm32g4xx_hal_pwr_ex.o
                0x08005d74                HAL_PWREx_DisableUCPDDeadBattery
 .text.HAL_RCC_OscConfig
                0x08005d84      0x418 ./Drivers/STM32G4xx_HAL_Driver/Src/stm32g4xx_hal_rcc.o
                0x08005d84                HAL_RCC_OscConfig
 .text.HAL_RCC_GetSysClockFreq
                0x0800619c       0x58 ./Drivers/STM32G4xx_HAL_Driver/Src/stm32g4xx_hal_rcc.o
                0x0800619c                HAL_RCC_GetSysClockFreq
 .text.HAL_RCC_ClockConfig
                0x080061f4      0x1d8 ./Drivers/STM32G4xx_HAL_Driver/Src/stm32g4xx_hal_rcc.o
                0x080061f4                HAL_RCC_ClockConfig
 .text.HAL_RCC_GetHCLKFreq
                0x080063cc        0xc ./Drivers/STM32G4xx_HAL_Driver/Src/stm32g4xx_hal_rcc.o
                0x080063cc                HAL_RCC_GetHCLKFreq
 .text.HAL_RCC_GetPCLK1Freq
                0x080063d8       0x24 ./Drivers/STM32G4xx_HAL_Driver/Src/stm32g4xx_hal_rcc.o
                0x080063d8                HAL_RCC_GetPCLK1Freq
 .text.HAL_RCC_GetPCLK2Freq
                0x080063fc       0x24 ./Drivers/STM32G4xx_HAL_Driver/Src/stm32g4xx_hal_rcc.o
                0x080063fc                HAL_RCC_GetPCLK2Freq
 .text.HAL_RCCEx_PeriphCLKConfig
                0x08006420      0x2f0 ./Drivers/STM32G4xx_HAL_Driver/Src/stm32g4xx_hal_rcc_ex.o
                0x08006420                HAL_RCCEx_PeriphCLKConfig
 .text.SPI_WaitFlagStateUntilTimeout.constprop.0
                0x08006710       0xa4 ./Drivers/STM32G4xx_HAL_Driver/Src/stm32g4xx_hal_spi.o
 .text.SPI_WaitFifoStateUntilTimeout.constprop.0
                0x080067b4       0xc8 ./Drivers/STM32G4xx_HAL_Driver/Src/stm32g4xx_hal_spi.o
 .text.SPI_EndRxTransaction
                0x0800687c       0x6e ./Drivers/STM32G4xx_HAL_Driver/Src/stm32g4xx_hal_spi.o
 .text.SPI_EndRxTxTransaction
                0x080068ea       0x44 ./Drivers/STM32G4xx_HAL_Driver/Src/stm32g4xx_hal_spi.o
 .text.HAL_SPI_Init
                0x0800692e       0xdc ./Drivers/STM32G4xx_HAL_Driver/Src/stm32g4xx_hal_spi.o
                0x0800692e                HAL_SPI_Init
 .text.HAL_SPI_Transmit
                0x08006a0a      0x18c ./Drivers/STM32G4xx_HAL_Driver/Src/stm32g4xx_hal_spi.o
                0x08006a0a                HAL_SPI_Transmit
 .text.HAL_SPI_TransmitReceive
                0x08006b96      0x266 ./Drivers/STM32G4xx_HAL_Driver/Src/stm32g4xx_hal_spi.o
                0x08006b96                HAL_SPI_TransmitReceive
 .text.HAL_SPI_Receive
                0x08006dfc      0x16a ./Drivers/STM32G4xx_HAL_Driver/Src/stm32g4xx_hal_spi.o
                0x08006dfc                HAL_SPI_Receive
 .text.UART_EndTxTransfer
                0x08006f66       0x34 ./Drivers/STM32G4xx_HAL_Driver/Src/stm32g4xx_hal_uart.o
 *fill*         0x08006f9a        0x2 
 .text.UART_EndRxTransfer
                0x08006f9c       0x58 ./Drivers/STM32G4xx_HAL_Driver/Src/stm32g4xx_hal_uart.o
 .text.HAL_UART_RxCpltCallback
                0x08006ff4        0x2 ./Drivers/STM32G4xx_HAL_Driver/Src/stm32g4xx_hal_uart.o
                0x08006ff4                HAL_UART_RxCpltCallback
 .text.HAL_UART_RxHalfCpltCallback
                0x08006ff6        0x2 ./Drivers/STM32G4xx_HAL_Driver/Src/stm32g4xx_hal_uart.o
                0x08006ff6                HAL_UART_RxHalfCpltCallback
 .text.HAL_UART_ErrorCallback
                0x08006ff8        0x2 ./Drivers/STM32G4xx_HAL_Driver/Src/stm32g4xx_hal_uart.o
                0x08006ff8                HAL_UART_ErrorCallback
 .text.UART_DMAError
                0x08006ffa       0x48 ./Drivers/STM32G4xx_HAL_Driver/Src/stm32g4xx_hal_uart.o
 .text.HAL_UARTEx_RxEventCallback
                0x08007042        0x2 ./Drivers/STM32G4xx_HAL_Driver/Src/stm32g4xx_hal_uart.o
                0x08007042                HAL_UARTEx_RxEventCallback
 .text.UART_DMARxHalfCplt
                0x08007044       0x20 ./Drivers/STM32G4xx_HAL_Driver/Src/stm32g4xx_hal_uart.o
 .text.UART_DMAReceiveCplt
                0x08007064       0x8e ./Drivers/STM32G4xx_HAL_Driver/Src/stm32g4xx_hal_uart.o
 *fill*         0x080070f2        0x2 
 .text.UART_SetConfig
                0x080070f4      0x280 ./Drivers/STM32G4xx_HAL_Driver/Src/stm32g4xx_hal_uart.o
                0x080070f4                UART_SetConfig
 .text.UART_AdvFeatureConfig
                0x08007374       0xa8 ./Drivers/STM32G4xx_HAL_Driver/Src/stm32g4xx_hal_uart.o
                0x08007374                UART_AdvFeatureConfig
 .text.UART_WaitOnFlagUntilTimeout
                0x0800741c       0x90 ./Drivers/STM32G4xx_HAL_Driver/Src/stm32g4xx_hal_uart.o
                0x0800741c                UART_WaitOnFlagUntilTimeout
 .text.HAL_UART_Transmit
                0x080074ac       0xaa ./Drivers/STM32G4xx_HAL_Driver/Src/stm32g4xx_hal_uart.o
                0x080074ac                HAL_UART_Transmit
 .text.UART_CheckIdleState
                0x08007556       0xb6 ./Drivers/STM32G4xx_HAL_Driver/Src/stm32g4xx_hal_uart.o
                0x08007556                UART_CheckIdleState
 .text.HAL_UART_Init
                0x0800760c       0x60 ./Drivers/STM32G4xx_HAL_Driver/Src/stm32g4xx_hal_uart.o
                0x0800760c                HAL_UART_Init
 .text.UART_Start_Receive_DMA
                0x0800766c       0xa0 ./Drivers/STM32G4xx_HAL_Driver/Src/stm32g4xx_hal_uart.o
                0x0800766c                UART_Start_Receive_DMA
 .text.HAL_UART_Receive_DMA
                0x0800770c       0x44 ./Drivers/STM32G4xx_HAL_Driver/Src/stm32g4xx_hal_uart.o
                0x0800770c                HAL_UART_Receive_DMA
 .text.UARTEx_SetNbDataToProcess
                0x08007750       0x44 ./Drivers/STM32G4xx_HAL_Driver/Src/stm32g4xx_hal_uart_ex.o
 .text.HAL_UARTEx_DisableFifoMode
                0x08007794       0x36 ./Drivers/STM32G4xx_HAL_Driver/Src/stm32g4xx_hal_uart_ex.o
                0x08007794                HAL_UARTEx_DisableFifoMode
 .text.HAL_UARTEx_SetTxFifoThreshold
                0x080077ca       0x40 ./Drivers/STM32G4xx_HAL_Driver/Src/stm32g4xx_hal_uart_ex.o
                0x080077ca                HAL_UARTEx_SetTxFifoThreshold
 .text.HAL_UARTEx_SetRxFifoThreshold
                0x0800780a       0x40 ./Drivers/STM32G4xx_HAL_Driver/Src/stm32g4xx_hal_uart_ex.o
                0x0800780a                HAL_UARTEx_SetRxFifoThreshold
 .text.atoi     0x0800784a        0x8 /opt/st/stm32cubeide_1.17.0/plugins/com.st.stm32cube.ide.mcu.externaltools.gnu-tools-for-stm32.12.3.rel1.linux64_1.1.0.202410170702/tools/bin/../lib/gcc/arm-none-eabi/12.3.1/../../../../arm-none-eabi/lib/thumb/v7e-m+fp/hard/libc_nano.a(libc_a-atoi.o)
                0x0800784a                atoi
 *fill*         0x08007852        0x2 
 .text._strtol_l.constprop.0
                0x08007854       0xf4 /opt/st/stm32cubeide_1.17.0/plugins/com.st.stm32cube.ide.mcu.externaltools.gnu-tools-for-stm32.12.3.rel1.linux64_1.1.0.202410170702/tools/bin/../lib/gcc/arm-none-eabi/12.3.1/../../../../arm-none-eabi/lib/thumb/v7e-m+fp/hard/libc_nano.a(libc_a-strtol.o)
 .text.strtol   0x08007948       0x14 /opt/st/stm32cubeide_1.17.0/plugins/com.st.stm32cube.ide.mcu.externaltools.gnu-tools-for-stm32.12.3.rel1.linux64_1.1.0.202410170702/tools/bin/../lib/gcc/arm-none-eabi/12.3.1/../../../../arm-none-eabi/lib/thumb/v7e-m+fp/hard/libc_nano.a(libc_a-strtol.o)
                0x08007948                strtol
 .text.__cvt    0x0800795c       0xca /opt/st/stm32cubeide_1.17.0/plugins/com.st.stm32cube.ide.mcu.externaltools.gnu-tools-for-stm32.12.3.rel1.linux64_1.1.0.202410170702/tools/bin/../lib/gcc/arm-none-eabi/12.3.1/../../../../arm-none-eabi/lib/thumb/v7e-m+fp/hard/libc_nano.a(libc_a-nano-vfprintf_float.o)
                0x0800795c                __cvt
 .text.__exponent
                0x08007a26       0x74 /opt/st/stm32cubeide_1.17.0/plugins/com.st.stm32cube.ide.mcu.externaltools.gnu-tools-for-stm32.12.3.rel1.linux64_1.1.0.202410170702/tools/bin/../lib/gcc/arm-none-eabi/12.3.1/../../../../arm-none-eabi/lib/thumb/v7e-m+fp/hard/libc_nano.a(libc_a-nano-vfprintf_float.o)
                0x08007a26                __exponent
 *fill*         0x08007a9a        0x2 
 .text._printf_float
                0x08007a9c      0x454 /opt/st/stm32cubeide_1.17.0/plugins/com.st.stm32cube.ide.mcu.externaltools.gnu-tools-for-stm32.12.3.rel1.linux64_1.1.0.202410170702/tools/bin/../lib/gcc/arm-none-eabi/12.3.1/../../../../arm-none-eabi/lib/thumb/v7e-m+fp/hard/libc_nano.a(libc_a-nano-vfprintf_float.o)
                0x08007a9c                _printf_float
 .text._printf_common
                0x08007ef0       0xda /opt/st/stm32cubeide_1.17.0/plugins/com.st.stm32cube.ide.mcu.externaltools.gnu-tools-for-stm32.12.3.rel1.linux64_1.1.0.202410170702/tools/bin/../lib/gcc/arm-none-eabi/12.3.1/../../../../arm-none-eabi/lib/thumb/v7e-m+fp/hard/libc_nano.a(libc_a-nano-vfprintf_i.o)
                0x08007ef0                _printf_common
 *fill*         0x08007fca        0x2 
 .text._printf_i
                0x08007fcc      0x240 /opt/st/stm32cubeide_1.17.0/plugins/com.st.stm32cube.ide.mcu.externaltools.gnu-tools-for-stm32.12.3.rel1.linux64_1.1.0.202410170702/tools/bin/../lib/gcc/arm-none-eabi/12.3.1/../../../../arm-none-eabi/lib/thumb/v7e-m+fp/hard/libc_nano.a(libc_a-nano-vfprintf_i.o)
                0x08007fcc                _printf_i
 .text.std      0x0800820c       0x6c /opt/st/stm32cubeide_1.17.0/plugins/com.st.stm32cube.ide.mcu.externaltools.gnu-tools-for-stm32.12.3.rel1.linux64_1.1.0.202410170702/tools/bin/../lib/gcc/arm-none-eabi/12.3.1/../../../../arm-none-eabi/lib/thumb/v7e-m+fp/hard/libc_nano.a(libc_a-findfp.o)
 .text.stdio_exit_handler
                0x08008278       0x18 /opt/st/stm32cubeide_1.17.0/plugins/com.st.stm32cube.ide.mcu.externaltools.gnu-tools-for-stm32.12.3.rel1.linux64_1.1.0.202410170702/tools/bin/../lib/gcc/arm-none-eabi/12.3.1/../../../../arm-none-eabi/lib/thumb/v7e-m+fp/hard/libc_nano.a(libc_a-findfp.o)
 .text.cleanup_stdio
                0x08008290       0x40 /opt/st/stm32cubeide_1.17.0/plugins/com.st.stm32cube.ide.mcu.externaltools.gnu-tools-for-stm32.12.3.rel1.linux64_1.1.0.202410170702/tools/bin/../lib/gcc/arm-none-eabi/12.3.1/../../../../arm-none-eabi/lib/thumb/v7e-m+fp/hard/libc_nano.a(libc_a-findfp.o)
 .text.global_stdio_init.part.0
                0x080082d0       0x3c /opt/st/stm32cubeide_1.17.0/plugins/com.st.stm32cube.ide.mcu.externaltools.gnu-tools-for-stm32.12.3.rel1.linux64_1.1.0.202410170702/tools/bin/../lib/gcc/arm-none-eabi/12.3.1/../../../../arm-none-eabi/lib/thumb/v7e-m+fp/hard/libc_nano.a(libc_a-findfp.o)
 .text.__sfp_lock_acquire
                0x0800830c        0xc /opt/st/stm32cubeide_1.17.0/plugins/com.st.stm32cube.ide.mcu.externaltools.gnu-tools-for-stm32.12.3.rel1.linux64_1.1.0.202410170702/tools/bin/../lib/gcc/arm-none-eabi/12.3.1/../../../../arm-none-eabi/lib/thumb/v7e-m+fp/hard/libc_nano.a(libc_a-findfp.o)
                0x0800830c                __sfp_lock_acquire
 .text.__sfp_lock_release
                0x08008318        0xc /opt/st/stm32cubeide_1.17.0/plugins/com.st.stm32cube.ide.mcu.externaltools.gnu-tools-for-stm32.12.3.rel1.linux64_1.1.0.202410170702/tools/bin/../lib/gcc/arm-none-eabi/12.3.1/../../../../arm-none-eabi/lib/thumb/v7e-m+fp/hard/libc_nano.a(libc_a-findfp.o)
                0x08008318                __sfp_lock_release
 .text.__sinit  0x08008324       0x30 /opt/st/stm32cubeide_1.17.0/plugins/com.st.stm32cube.ide.mcu.externaltools.gnu-tools-for-stm32.12.3.rel1.linux64_1.1.0.202410170702/tools/bin/../lib/gcc/arm-none-eabi/12.3.1/../../../../arm-none-eabi/lib/thumb/v7e-m+fp/hard/libc_nano.a(libc_a-findfp.o)
                0x08008324                __sinit
 .text._fwalk_sglue
                0x08008354       0x3c /opt/st/stm32cubeide_1.17.0/plugins/com.st.stm32cube.ide.mcu.externaltools.gnu-tools-for-stm32.12.3.rel1.linux64_1.1.0.202410170702/tools/bin/../lib/gcc/arm-none-eabi/12.3.1/../../../../arm-none-eabi/lib/thumb/v7e-m+fp/hard/libc_nano.a(libc_a-fwalk.o)
                0x08008354                _fwalk_sglue
 .text.sprintf  0x08008390       0x40 /opt/st/stm32cubeide_1.17.0/plugins/com.st.stm32cube.ide.mcu.externaltools.gnu-tools-for-stm32.12.3.rel1.linux64_1.1.0.202410170702/tools/bin/../lib/gcc/arm-none-eabi/12.3.1/../../../../arm-none-eabi/lib/thumb/v7e-m+fp/hard/libc_nano.a(libc_a-sprintf.o)
                0x08008390                sprintf
                0x08008390                siprintf
 .text.__sread  0x080083d0       0x22 /opt/st/stm32cubeide_1.17.0/plugins/com.st.stm32cube.ide.mcu.externaltools.gnu-tools-for-stm32.12.3.rel1.linux64_1.1.0.202410170702/tools/bin/../lib/gcc/arm-none-eabi/12.3.1/../../../../arm-none-eabi/lib/thumb/v7e-m+fp/hard/libc_nano.a(libc_a-stdio.o)
                0x080083d0                __sread
 .text.__swrite
                0x080083f2       0x38 /opt/st/stm32cubeide_1.17.0/plugins/com.st.stm32cube.ide.mcu.externaltools.gnu-tools-for-stm32.12.3.rel1.linux64_1.1.0.202410170702/tools/bin/../lib/gcc/arm-none-eabi/12.3.1/../../../../arm-none-eabi/lib/thumb/v7e-m+fp/hard/libc_nano.a(libc_a-stdio.o)
                0x080083f2                __swrite
 .text.__sseek  0x0800842a       0x24 /opt/st/stm32cubeide_1.17.0/plugins/com.st.stm32cube.ide.mcu.externaltools.gnu-tools-for-stm32.12.3.rel1.linux64_1.1.0.202410170702/tools/bin/../lib/gcc/arm-none-eabi/12.3.1/../../../../arm-none-eabi/lib/thumb/v7e-m+fp/hard/libc_nano.a(libc_a-stdio.o)
                0x0800842a                __sseek
 .text.__sclose
                0x0800844e        0x8 /opt/st/stm32cubeide_1.17.0/plugins/com.st.stm32cube.ide.mcu.externaltools.gnu-tools-for-stm32.12.3.rel1.linux64_1.1.0.202410170702/tools/bin/../lib/gcc/arm-none-eabi/12.3.1/../../../../arm-none-eabi/lib/thumb/v7e-m+fp/hard/libc_nano.a(libc_a-stdio.o)
                0x0800844e                __sclose
 .text._vsnprintf_r
                0x08008456       0x56 /opt/st/stm32cubeide_1.17.0/plugins/com.st.stm32cube.ide.mcu.externaltools.gnu-tools-for-stm32.12.3.rel1.linux64_1.1.0.202410170702/tools/bin/../lib/gcc/arm-none-eabi/12.3.1/../../../../arm-none-eabi/lib/thumb/v7e-m+fp/hard/libc_nano.a(libc_a-vsnprintf.o)
                0x08008456                _vsnprintf_r
                0x08008456                _vsniprintf_r
 .text.vsnprintf
                0x080084ac       0x1c /opt/st/stm32cubeide_1.17.0/plugins/com.st.stm32cube.ide.mcu.externaltools.gnu-tools-for-stm32.12.3.rel1.linux64_1.1.0.202410170702/tools/bin/../lib/gcc/arm-none-eabi/12.3.1/../../../../arm-none-eabi/lib/thumb/v7e-m+fp/hard/libc_nano.a(libc_a-vsnprintf.o)
                0x080084ac                vsnprintf
                0x080084ac                vsniprintf
 .text.memset   0x080084c8       0x10 /opt/st/stm32cubeide_1.17.0/plugins/com.st.stm32cube.ide.mcu.externaltools.gnu-tools-for-stm32.12.3.rel1.linux64_1.1.0.202410170702/tools/bin/../lib/gcc/arm-none-eabi/12.3.1/../../../../arm-none-eabi/lib/thumb/v7e-m+fp/hard/libc_nano.a(libc_a-memset.o)
                0x080084c8                memset
 .text.strchr   0x080084d8       0x1a /opt/st/stm32cubeide_1.17.0/plugins/com.st.stm32cube.ide.mcu.externaltools.gnu-tools-for-stm32.12.3.rel1.linux64_1.1.0.202410170702/tools/bin/../lib/gcc/arm-none-eabi/12.3.1/../../../../arm-none-eabi/lib/thumb/v7e-m+fp/hard/libc_nano.a(libc_a-strchr.o)
                0x080084d8                strchr
 .text.strncmp  0x080084f2       0x24 /opt/st/stm32cubeide_1.17.0/plugins/com.st.stm32cube.ide.mcu.externaltools.gnu-tools-for-stm32.12.3.rel1.linux64_1.1.0.202410170702/tools/bin/../lib/gcc/arm-none-eabi/12.3.1/../../../../arm-none-eabi/lib/thumb/v7e-m+fp/hard/libc_nano.a(libc_a-strncmp.o)
                0x080084f2                strncmp
 .text.strncpy  0x08008516       0x26 /opt/st/stm32cubeide_1.17.0/plugins/com.st.stm32cube.ide.mcu.externaltools.gnu-tools-for-stm32.12.3.rel1.linux64_1.1.0.202410170702/tools/bin/../lib/gcc/arm-none-eabi/12.3.1/../../../../arm-none-eabi/lib/thumb/v7e-m+fp/hard/libc_nano.a(libc_a-strncpy.o)
                0x08008516                strncpy
 .text._localeconv_r
                0x0800853c        0x8 /opt/st/stm32cubeide_1.17.0/plugins/com.st.stm32cube.ide.mcu.externaltools.gnu-tools-for-stm32.12.3.rel1.linux64_1.1.0.202410170702/tools/bin/../lib/gcc/arm-none-eabi/12.3.1/../../../../arm-none-eabi/lib/thumb/v7e-m+fp/hard/libc_nano.a(libc_a-localeconv.o)
                0x0800853c                _localeconv_r
 .text._close_r
                0x08008544       0x20 /opt/st/stm32cubeide_1.17.0/plugins/com.st.stm32cube.ide.mcu.externaltools.gnu-tools-for-stm32.12.3.rel1.linux64_1.1.0.202410170702/tools/bin/../lib/gcc/arm-none-eabi/12.3.1/../../../../arm-none-eabi/lib/thumb/v7e-m+fp/hard/libc_nano.a(libc_a-closer.o)
                0x08008544                _close_r
 .text._lseek_r
                0x08008564       0x24 /opt/st/stm32cubeide_1.17.0/plugins/com.st.stm32cube.ide.mcu.externaltools.gnu-tools-for-stm32.12.3.rel1.linux64_1.1.0.202410170702/tools/bin/../lib/gcc/arm-none-eabi/12.3.1/../../../../arm-none-eabi/lib/thumb/v7e-m+fp/hard/libc_nano.a(libc_a-lseekr.o)
                0x08008564                _lseek_r
 .text._read_r  0x08008588       0x24 /opt/st/stm32cubeide_1.17.0/plugins/com.st.stm32cube.ide.mcu.externaltools.gnu-tools-for-stm32.12.3.rel1.linux64_1.1.0.202410170702/tools/bin/../lib/gcc/arm-none-eabi/12.3.1/../../../../arm-none-eabi/lib/thumb/v7e-m+fp/hard/libc_nano.a(libc_a-readr.o)
                0x08008588                _read_r
 .text._write_r
                0x080085ac       0x24 /opt/st/stm32cubeide_1.17.0/plugins/com.st.stm32cube.ide.mcu.externaltools.gnu-tools-for-stm32.12.3.rel1.linux64_1.1.0.202410170702/tools/bin/../lib/gcc/arm-none-eabi/12.3.1/../../../../arm-none-eabi/lib/thumb/v7e-m+fp/hard/libc_nano.a(libc_a-writer.o)
                0x080085ac                _write_r
 .text.__errno  0x080085d0        0xc /opt/st/stm32cubeide_1.17.0/plugins/com.st.stm32cube.ide.mcu.externaltools.gnu-tools-for-stm32.12.3.rel1.linux64_1.1.0.202410170702/tools/bin/../lib/gcc/arm-none-eabi/12.3.1/../../../../arm-none-eabi/lib/thumb/v7e-m+fp/hard/libc_nano.a(libc_a-errno.o)
                0x080085d0                __errno
 .text.__libc_init_array
                0x080085dc       0x48 /opt/st/stm32cubeide_1.17.0/plugins/com.st.stm32cube.ide.mcu.externaltools.gnu-tools-for-stm32.12.3.rel1.linux64_1.1.0.202410170702/tools/bin/../lib/gcc/arm-none-eabi/12.3.1/../../../../arm-none-eabi/lib/thumb/v7e-m+fp/hard/libc_nano.a(libc_a-init.o)
                0x080085dc                __libc_init_array
 .text.__retarget_lock_init_recursive
                0x08008624        0x2 /opt/st/stm32cubeide_1.17.0/plugins/com.st.stm32cube.ide.mcu.externaltools.gnu-tools-for-stm32.12.3.rel1.linux64_1.1.0.202410170702/tools/bin/../lib/gcc/arm-none-eabi/12.3.1/../../../../arm-none-eabi/lib/thumb/v7e-m+fp/hard/libc_nano.a(libc_a-lock.o)
                0x08008624                __retarget_lock_init_recursive
 .text.__retarget_lock_acquire_recursive
                0x08008626        0x2 /opt/st/stm32cubeide_1.17.0/plugins/com.st.stm32cube.ide.mcu.externaltools.gnu-tools-for-stm32.12.3.rel1.linux64_1.1.0.202410170702/tools/bin/../lib/gcc/arm-none-eabi/12.3.1/../../../../arm-none-eabi/lib/thumb/v7e-m+fp/hard/libc_nano.a(libc_a-lock.o)
                0x08008626                __retarget_lock_acquire_recursive
 .text.__retarget_lock_release_recursive
                0x08008628        0x2 /opt/st/stm32cubeide_1.17.0/plugins/com.st.stm32cube.ide.mcu.externaltools.gnu-tools-for-stm32.12.3.rel1.linux64_1.1.0.202410170702/tools/bin/../lib/gcc/arm-none-eabi/12.3.1/../../../../arm-none-eabi/lib/thumb/v7e-m+fp/hard/libc_nano.a(libc_a-lock.o)
                0x08008628                __retarget_lock_release_recursive
 .text.strcpy   0x0800862a       0x10 /opt/st/stm32cubeide_1.17.0/plugins/com.st.stm32cube.ide.mcu.externaltools.gnu-tools-for-stm32.12.3.rel1.linux64_1.1.0.202410170702/tools/bin/../lib/gcc/arm-none-eabi/12.3.1/../../../../arm-none-eabi/lib/thumb/v7e-m+fp/hard/libc_nano.a(libc_a-strcpy.o)
                0x0800862a                strcpy
 .text.memcpy   0x0800863a       0x1c /opt/st/stm32cubeide_1.17.0/plugins/com.st.stm32cube.ide.mcu.externaltools.gnu-tools-for-stm32.12.3.rel1.linux64_1.1.0.202410170702/tools/bin/../lib/gcc/arm-none-eabi/12.3.1/../../../../arm-none-eabi/lib/thumb/v7e-m+fp/hard/libc_nano.a(libc_a-memcpy-stub.o)
                0x0800863a                memcpy
 .text.quorem   0x08008656      0x110 /opt/st/stm32cubeide_1.17.0/plugins/com.st.stm32cube.ide.mcu.externaltools.gnu-tools-for-stm32.12.3.rel1.linux64_1.1.0.202410170702/tools/bin/../lib/gcc/arm-none-eabi/12.3.1/../../../../arm-none-eabi/lib/thumb/v7e-m+fp/hard/libc_nano.a(libc_a-dtoa.o)
 *fill*         0x08008766        0x2 
 .text._dtoa_r  0x08008768      0xb88 /opt/st/stm32cubeide_1.17.0/plugins/com.st.stm32cube.ide.mcu.externaltools.gnu-tools-for-stm32.12.3.rel1.linux64_1.1.0.202410170702/tools/bin/../lib/gcc/arm-none-eabi/12.3.1/../../../../arm-none-eabi/lib/thumb/v7e-m+fp/hard/libc_nano.a(libc_a-dtoa.o)
                0x08008768                _dtoa_r
 .text._free_r  0x080092f0       0x94 /opt/st/stm32cubeide_1.17.0/plugins/com.st.stm32cube.ide.mcu.externaltools.gnu-tools-for-stm32.12.3.rel1.linux64_1.1.0.202410170702/tools/bin/../lib/gcc/arm-none-eabi/12.3.1/../../../../arm-none-eabi/lib/thumb/v7e-m+fp/hard/libc_nano.a(libc_a-freer.o)
                0x080092f0                _free_r
 .text.malloc   0x08009384       0x10 /opt/st/stm32cubeide_1.17.0/plugins/com.st.stm32cube.ide.mcu.externaltools.gnu-tools-for-stm32.12.3.rel1.linux64_1.1.0.202410170702/tools/bin/../lib/gcc/arm-none-eabi/12.3.1/../../../../arm-none-eabi/lib/thumb/v7e-m+fp/hard/libc_nano.a(libc_a-malloc.o)
                0x08009384                malloc
 .text.sbrk_aligned
                0x08009394       0x44 /opt/st/stm32cubeide_1.17.0/plugins/com.st.stm32cube.ide.mcu.externaltools.gnu-tools-for-stm32.12.3.rel1.linux64_1.1.0.202410170702/tools/bin/../lib/gcc/arm-none-eabi/12.3.1/../../../../arm-none-eabi/lib/thumb/v7e-m+fp/hard/libc_nano.a(libc_a-mallocr.o)
 .text._malloc_r
                0x080093d8      0x100 /opt/st/stm32cubeide_1.17.0/plugins/com.st.stm32cube.ide.mcu.externaltools.gnu-tools-for-stm32.12.3.rel1.linux64_1.1.0.202410170702/tools/bin/../lib/gcc/arm-none-eabi/12.3.1/../../../../arm-none-eabi/lib/thumb/v7e-m+fp/hard/libc_nano.a(libc_a-mallocr.o)
                0x080093d8                _malloc_r
 .text.__malloc_lock
                0x080094d8        0xc /opt/st/stm32cubeide_1.17.0/plugins/com.st.stm32cube.ide.mcu.externaltools.gnu-tools-for-stm32.12.3.rel1.linux64_1.1.0.202410170702/tools/bin/../lib/gcc/arm-none-eabi/12.3.1/../../../../arm-none-eabi/lib/thumb/v7e-m+fp/hard/libc_nano.a(libc_a-mlock.o)
                0x080094d8                __malloc_lock
 .text.__malloc_unlock
                0x080094e4        0xc /opt/st/stm32cubeide_1.17.0/plugins/com.st.stm32cube.ide.mcu.externaltools.gnu-tools-for-stm32.12.3.rel1.linux64_1.1.0.202410170702/tools/bin/../lib/gcc/arm-none-eabi/12.3.1/../../../../arm-none-eabi/lib/thumb/v7e-m+fp/hard/libc_nano.a(libc_a-mlock.o)
                0x080094e4                __malloc_unlock
 .text._Balloc  0x080094f0       0x80 /opt/st/stm32cubeide_1.17.0/plugins/com.st.stm32cube.ide.mcu.externaltools.gnu-tools-for-stm32.12.3.rel1.linux64_1.1.0.202410170702/tools/bin/../lib/gcc/arm-none-eabi/12.3.1/../../../../arm-none-eabi/lib/thumb/v7e-m+fp/hard/libc_nano.a(libc_a-mprec.o)
                0x080094f0                _Balloc
 .text._Bfree   0x08009570       0x44 /opt/st/stm32cubeide_1.17.0/plugins/com.st.stm32cube.ide.mcu.externaltools.gnu-tools-for-stm32.12.3.rel1.linux64_1.1.0.202410170702/tools/bin/../lib/gcc/arm-none-eabi/12.3.1/../../../../arm-none-eabi/lib/thumb/v7e-m+fp/hard/libc_nano.a(libc_a-mprec.o)
                0x08009570                _Bfree
 .text.__multadd
                0x080095b4       0x8c /opt/st/stm32cubeide_1.17.0/plugins/com.st.stm32cube.ide.mcu.externaltools.gnu-tools-for-stm32.12.3.rel1.linux64_1.1.0.202410170702/tools/bin/../lib/gcc/arm-none-eabi/12.3.1/../../../../arm-none-eabi/lib/thumb/v7e-m+fp/hard/libc_nano.a(libc_a-mprec.o)
                0x080095b4                __multadd
 .text.__hi0bits
                0x08009640       0x3e /opt/st/stm32cubeide_1.17.0/plugins/com.st.stm32cube.ide.mcu.externaltools.gnu-tools-for-stm32.12.3.rel1.linux64_1.1.0.202410170702/tools/bin/../lib/gcc/arm-none-eabi/12.3.1/../../../../arm-none-eabi/lib/thumb/v7e-m+fp/hard/libc_nano.a(libc_a-mprec.o)
                0x08009640                __hi0bits
 .text.__lo0bits
                0x0800967e       0x5a /opt/st/stm32cubeide_1.17.0/plugins/com.st.stm32cube.ide.mcu.externaltools.gnu-tools-for-stm32.12.3.rel1.linux64_1.1.0.202410170702/tools/bin/../lib/gcc/arm-none-eabi/12.3.1/../../../../arm-none-eabi/lib/thumb/v7e-m+fp/hard/libc_nano.a(libc_a-mprec.o)
                0x0800967e                __lo0bits
 .text.__i2b    0x080096d8       0x2c /opt/st/stm32cubeide_1.17.0/plugins/com.st.stm32cube.ide.mcu.externaltools.gnu-tools-for-stm32.12.3.rel1.linux64_1.1.0.202410170702/tools/bin/../lib/gcc/arm-none-eabi/12.3.1/../../../../arm-none-eabi/lib/thumb/v7e-m+fp/hard/libc_nano.a(libc_a-mprec.o)
                0x080096d8                __i2b
 .text.__multiply
                0x08009704      0x154 /opt/st/stm32cubeide_1.17.0/plugins/com.st.stm32cube.ide.mcu.externaltools.gnu-tools-for-stm32.12.3.rel1.linux64_1.1.0.202410170702/tools/bin/../lib/gcc/arm-none-eabi/12.3.1/../../../../arm-none-eabi/lib/thumb/v7e-m+fp/hard/libc_nano.a(libc_a-mprec.o)
                0x08009704                __multiply
 .text.__pow5mult
                0x08009858       0xb4 /opt/st/stm32cubeide_1.17.0/plugins/com.st.stm32cube.ide.mcu.externaltools.gnu-tools-for-stm32.12.3.rel1.linux64_1.1.0.202410170702/tools/bin/../lib/gcc/arm-none-eabi/12.3.1/../../../../arm-none-eabi/lib/thumb/v7e-m+fp/hard/libc_nano.a(libc_a-mprec.o)
                0x08009858                __pow5mult
 .text.__lshift
                0x0800990c       0xd8 /opt/st/stm32cubeide_1.17.0/plugins/com.st.stm32cube.ide.mcu.externaltools.gnu-tools-for-stm32.12.3.rel1.linux64_1.1.0.202410170702/tools/bin/../lib/gcc/arm-none-eabi/12.3.1/../../../../arm-none-eabi/lib/thumb/v7e-m+fp/hard/libc_nano.a(libc_a-mprec.o)
                0x0800990c                __lshift
 .text.__mcmp   0x080099e4       0x36 /opt/st/stm32cubeide_1.17.0/plugins/com.st.stm32cube.ide.mcu.externaltools.gnu-tools-for-stm32.12.3.rel1.linux64_1.1.0.202410170702/tools/bin/../lib/gcc/arm-none-eabi/12.3.1/../../../../arm-none-eabi/lib/thumb/v7e-m+fp/hard/libc_nano.a(libc_a-mprec.o)
                0x080099e4                __mcmp
 *fill*         0x08009a1a        0x2 
 .text.__mdiff  0x08009a1c      0x128 /opt/st/stm32cubeide_1.17.0/plugins/com.st.stm32cube.ide.mcu.externaltools.gnu-tools-for-stm32.12.3.rel1.linux64_1.1.0.202410170702/tools/bin/../lib/gcc/arm-none-eabi/12.3.1/../../../../arm-none-eabi/lib/thumb/v7e-m+fp/hard/libc_nano.a(libc_a-mprec.o)
                0x08009a1c                __mdiff
 .text.__d2b    0x08009b44       0xb0 /opt/st/stm32cubeide_1.17.0/plugins/com.st.stm32cube.ide.mcu.externaltools.gnu-tools-for-stm32.12.3.rel1.linux64_1.1.0.202410170702/tools/bin/../lib/gcc/arm-none-eabi/12.3.1/../../../../arm-none-eabi/lib/thumb/v7e-m+fp/hard/libc_nano.a(libc_a-mprec.o)
                0x08009b44                __d2b
 .text.__ssputs_r
                0x08009bf4       0xb6 /opt/st/stm32cubeide_1.17.0/plugins/com.st.stm32cube.ide.mcu.externaltools.gnu-tools-for-stm32.12.3.rel1.linux64_1.1.0.202410170702/tools/bin/../lib/gcc/arm-none-eabi/12.3.1/../../../../arm-none-eabi/lib/thumb/v7e-m+fp/hard/libc_nano.a(libc_a-nano-svfprintf.o)
                0x08009bf4                __ssputs_r
 *fill*         0x08009caa        0x2 
 .text._svfprintf_r
                0x08009cac      0x1f8 /opt/st/stm32cubeide_1.17.0/plugins/com.st.stm32cube.ide.mcu.externaltools.gnu-tools-for-stm32.12.3.rel1.linux64_1.1.0.202410170702/tools/bin/../lib/gcc/arm-none-eabi/12.3.1/../../../../arm-none-eabi/lib/thumb/v7e-m+fp/hard/libc_nano.a(libc_a-nano-svfprintf.o)
                0x08009cac                _svfprintf_r
                0x08009cac                _svfiprintf_r
 .text.__sflush_r
                0x08009ea4      0x108 /opt/st/stm32cubeide_1.17.0/plugins/com.st.stm32cube.ide.mcu.externaltools.gnu-tools-for-stm32.12.3.rel1.linux64_1.1.0.202410170702/tools/bin/../lib/gcc/arm-none-eabi/12.3.1/../../../../arm-none-eabi/lib/thumb/v7e-m+fp/hard/libc_nano.a(libc_a-fflush.o)
                0x08009ea4                __sflush_r
 .text._fflush_r
                0x08009fac       0x50 /opt/st/stm32cubeide_1.17.0/plugins/com.st.stm32cube.ide.mcu.externaltools.gnu-tools-for-stm32.12.3.rel1.linux64_1.1.0.202410170702/tools/bin/../lib/gcc/arm-none-eabi/12.3.1/../../../../arm-none-eabi/lib/thumb/v7e-m+fp/hard/libc_nano.a(libc_a-fflush.o)
                0x08009fac                _fflush_r
 .text.memmove  0x08009ffc       0x34 /opt/st/stm32cubeide_1.17.0/plugins/com.st.stm32cube.ide.mcu.externaltools.gnu-tools-for-stm32.12.3.rel1.linux64_1.1.0.202410170702/tools/bin/../lib/gcc/arm-none-eabi/12.3.1/../../../../arm-none-eabi/lib/thumb/v7e-m+fp/hard/libc_nano.a(libc_a-memmove.o)
                0x08009ffc                memmove
 .text._sbrk_r  0x0800a030       0x20 /opt/st/stm32cubeide_1.17.0/plugins/com.st.stm32cube.ide.mcu.externaltools.gnu-tools-for-stm32.12.3.rel1.linux64_1.1.0.202410170702/tools/bin/../lib/gcc/arm-none-eabi/12.3.1/../../../../arm-none-eabi/lib/thumb/v7e-m+fp/hard/libc_nano.a(libc_a-sbrkr.o)
                0x0800a030                _sbrk_r
 .text.__assert_func
                0x0800a050       0x3c /opt/st/stm32cubeide_1.17.0/plugins/com.st.stm32cube.ide.mcu.externaltools.gnu-tools-for-stm32.12.3.rel1.linux64_1.1.0.202410170702/tools/bin/../lib/gcc/arm-none-eabi/12.3.1/../../../../arm-none-eabi/lib/thumb/v7e-m+fp/hard/libc_nano.a(libc_a-assert.o)
                0x0800a050                __assert_func
 .text._calloc_r
                0x0800a08c       0x28 /opt/st/stm32cubeide_1.17.0/plugins/com.st.stm32cube.ide.mcu.externaltools.gnu-tools-for-stm32.12.3.rel1.linux64_1.1.0.202410170702/tools/bin/../lib/gcc/arm-none-eabi/12.3.1/../../../../arm-none-eabi/lib/thumb/v7e-m+fp/hard/libc_nano.a(libc_a-callocr.o)
                0x0800a08c                _calloc_r
 .text.__ascii_mbtowc
                0x0800a0b4       0x24 /opt/st/stm32cubeide_1.17.0/plugins/com.st.stm32cube.ide.mcu.externaltools.gnu-tools-for-stm32.12.3.rel1.linux64_1.1.0.202410170702/tools/bin/../lib/gcc/arm-none-eabi/12.3.1/../../../../arm-none-eabi/lib/thumb/v7e-m+fp/hard/libc_nano.a(libc_a-mbtowc_r.o)
                0x0800a0b4                __ascii_mbtowc
 .text._realloc_r
                0x0800a0d8       0x5c /opt/st/stm32cubeide_1.17.0/plugins/com.st.stm32cube.ide.mcu.externaltools.gnu-tools-for-stm32.12.3.rel1.linux64_1.1.0.202410170702/tools/bin/../lib/gcc/arm-none-eabi/12.3.1/../../../../arm-none-eabi/lib/thumb/v7e-m+fp/hard/libc_nano.a(libc_a-reallocr.o)
                0x0800a0d8                _realloc_r
 .text.__ascii_wctomb
                0x0800a134       0x1a /opt/st/stm32cubeide_1.17.0/plugins/com.st.stm32cube.ide.mcu.externaltools.gnu-tools-for-stm32.12.3.rel1.linux64_1.1.0.202410170702/tools/bin/../lib/gcc/arm-none-eabi/12.3.1/../../../../arm-none-eabi/lib/thumb/v7e-m+fp/hard/libc_nano.a(libc_a-wctomb_r.o)
                0x0800a134                __ascii_wctomb
 *fill*         0x0800a14e        0x2 
 .text.fprintf  0x0800a150       0x24 /opt/st/stm32cubeide_1.17.0/plugins/com.st.stm32cube.ide.mcu.externaltools.gnu-tools-for-stm32.12.3.rel1.linux64_1.1.0.202410170702/tools/bin/../lib/gcc/arm-none-eabi/12.3.1/../../../../arm-none-eabi/lib/thumb/v7e-m+fp/hard/libc_nano.a(libc_a-fprintf.o)
                0x0800a150                fprintf
                0x0800a150                fiprintf
 .text.abort    0x0800a174        0xe /opt/st/stm32cubeide_1.17.0/plugins/com.st.stm32cube.ide.mcu.externaltools.gnu-tools-for-stm32.12.3.rel1.linux64_1.1.0.202410170702/tools/bin/../lib/gcc/arm-none-eabi/12.3.1/../../../../arm-none-eabi/lib/thumb/v7e-m+fp/hard/libc_nano.a(libc_a-abort.o)
                0x0800a174                abort
 .text._malloc_usable_size_r
                0x0800a182       0x10 /opt/st/stm32cubeide_1.17.0/plugins/com.st.stm32cube.ide.mcu.externaltools.gnu-tools-for-stm32.12.3.rel1.linux64_1.1.0.202410170702/tools/bin/../lib/gcc/arm-none-eabi/12.3.1/../../../../arm-none-eabi/lib/thumb/v7e-m+fp/hard/libc_nano.a(libc_a-msizer.o)
                0x0800a182                _malloc_usable_size_r
 .text.__sfputc_r
                0x0800a192       0x2e /opt/st/stm32cubeide_1.17.0/plugins/com.st.stm32cube.ide.mcu.externaltools.gnu-tools-for-stm32.12.3.rel1.linux64_1.1.0.202410170702/tools/bin/../lib/gcc/arm-none-eabi/12.3.1/../../../../arm-none-eabi/lib/thumb/v7e-m+fp/hard/libc_nano.a(libc_a-nano-vfprintf.o)
 .text.__sfputs_r
                0x0800a1c0       0x24 /opt/st/stm32cubeide_1.17.0/plugins/com.st.stm32cube.ide.mcu.externaltools.gnu-tools-for-stm32.12.3.rel1.linux64_1.1.0.202410170702/tools/bin/../lib/gcc/arm-none-eabi/12.3.1/../../../../arm-none-eabi/lib/thumb/v7e-m+fp/hard/libc_nano.a(libc_a-nano-vfprintf.o)
                0x0800a1c0                __sfputs_r
 .text._vfprintf_r
                0x0800a1e4      0x230 /opt/st/stm32cubeide_1.17.0/plugins/com.st.stm32cube.ide.mcu.externaltools.gnu-tools-for-stm32.12.3.rel1.linux64_1.1.0.202410170702/tools/bin/../lib/gcc/arm-none-eabi/12.3.1/../../../../arm-none-eabi/lib/thumb/v7e-m+fp/hard/libc_nano.a(libc_a-nano-vfprintf.o)
                0x0800a1e4                _vfiprintf_r
                0x0800a1e4                _vfprintf_r
 .text.__swbuf_r
                0x0800a414       0x7c /opt/st/stm32cubeide_1.17.0/plugins/com.st.stm32cube.ide.mcu.externaltools.gnu-tools-for-stm32.12.3.rel1.linux64_1.1.0.202410170702/tools/bin/../lib/gcc/arm-none-eabi/12.3.1/../../../../arm-none-eabi/lib/thumb/v7e-m+fp/hard/libc_nano.a(libc_a-wbuf.o)
                0x0800a414                __swbuf_r
 .text.__swsetup_r
                0x0800a490       0xac /opt/st/stm32cubeide_1.17.0/plugins/com.st.stm32cube.ide.mcu.externaltools.gnu-tools-for-stm32.12.3.rel1.linux64_1.1.0.202410170702/tools/bin/../lib/gcc/arm-none-eabi/12.3.1/../../../../arm-none-eabi/lib/thumb/v7e-m+fp/hard/libc_nano.a(libc_a-wsetup.o)
                0x0800a490                __swsetup_r
 .text._raise_r
                0x0800a53c       0x50 /opt/st/stm32cubeide_1.17.0/plugins/com.st.stm32cube.ide.mcu.externaltools.gnu-tools-for-stm32.12.3.rel1.linux64_1.1.0.202410170702/tools/bin/../lib/gcc/arm-none-eabi/12.3.1/../../../../arm-none-eabi/lib/thumb/v7e-m+fp/hard/libc_nano.a(libc_a-signal.o)
                0x0800a53c                _raise_r
 .text.raise    0x0800a58c       0x10 /opt/st/stm32cubeide_1.17.0/plugins/com.st.stm32cube.ide.mcu.externaltools.gnu-tools-for-stm32.12.3.rel1.linux64_1.1.0.202410170702/tools/bin/../lib/gcc/arm-none-eabi/12.3.1/../../../../arm-none-eabi/lib/thumb/v7e-m+fp/hard/libc_nano.a(libc_a-signal.o)
                0x0800a58c                raise
 .text._kill_r  0x0800a59c       0x24 /opt/st/stm32cubeide_1.17.0/plugins/com.st.stm32cube.ide.mcu.externaltools.gnu-tools-for-stm32.12.3.rel1.linux64_1.1.0.202410170702/tools/bin/../lib/gcc/arm-none-eabi/12.3.1/../../../../arm-none-eabi/lib/thumb/v7e-m+fp/hard/libc_nano.a(libc_a-signalr.o)
                0x0800a59c                _kill_r
 .text._getpid_r
                0x0800a5c0        0x4 /opt/st/stm32cubeide_1.17.0/plugins/com.st.stm32cube.ide.mcu.externaltools.gnu-tools-for-stm32.12.3.rel1.linux64_1.1.0.202410170702/tools/bin/../lib/gcc/arm-none-eabi/12.3.1/../../../../arm-none-eabi/lib/thumb/v7e-m+fp/hard/libc_nano.a(libc_a-signalr.o)
                0x0800a5c0                _getpid_r
 .text.__swhatbuf_r
                0x0800a5c4       0x4c /opt/st/stm32cubeide_1.17.0/plugins/com.st.stm32cube.ide.mcu.externaltools.gnu-tools-for-stm32.12.3.rel1.linux64_1.1.0.202410170702/tools/bin/../lib/gcc/arm-none-eabi/12.3.1/../../../../arm-none-eabi/lib/thumb/v7e-m+fp/hard/libc_nano.a(libc_a-makebuf.o)
                0x0800a5c4                __swhatbuf_r
 .text.__smakebuf_r
                0x0800a610       0x78 /opt/st/stm32cubeide_1.17.0/plugins/com.st.stm32cube.ide.mcu.externaltools.gnu-tools-for-stm32.12.3.rel1.linux64_1.1.0.202410170702/tools/bin/../lib/gcc/arm-none-eabi/12.3.1/../../../../arm-none-eabi/lib/thumb/v7e-m+fp/hard/libc_nano.a(libc_a-makebuf.o)
                0x0800a610                __smakebuf_r
 .text._fstat_r
                0x0800a688       0x24 /opt/st/stm32cubeide_1.17.0/plugins/com.st.stm32cube.ide.mcu.externaltools.gnu-tools-for-stm32.12.3.rel1.linux64_1.1.0.202410170702/tools/bin/../lib/gcc/arm-none-eabi/12.3.1/../../../../arm-none-eabi/lib/thumb/v7e-m+fp/hard/libc_nano.a(libc_a-fstatr.o)
                0x0800a688                _fstat_r
 .text._isatty_r
                0x0800a6ac       0x20 /opt/st/stm32cubeide_1.17.0/plugins/com.st.stm32cube.ide.mcu.externaltools.gnu-tools-for-stm32.12.3.rel1.linux64_1.1.0.202410170702/tools/bin/../lib/gcc/arm-none-eabi/12.3.1/../../../../arm-none-eabi/lib/thumb/v7e-m+fp/hard/libc_nano.a(libc_a-isattyr.o)
                0x0800a6ac                _isatty_r
 *(.glue_7)
 .glue_7        0x0800a6cc        0x0 linker stubs
 *(.glue_7t)
 .glue_7t       0x0800a6cc        0x0 linker stubs
 *(.eh_frame)
 .eh_frame      0x0800a6cc        0x0 /opt/st/stm32cubeide_1.17.0/plugins/com.st.stm32cube.ide.mcu.externaltools.gnu-tools-for-stm32.12.3.rel1.linux64_1.1.0.202410170702/tools/bin/../lib/gcc/arm-none-eabi/12.3.1/thumb/v7e-m+fp/hard/crtbegin.o
 *(.init)
 .init          0x0800a6cc        0x4 /opt/st/stm32cubeide_1.17.0/plugins/com.st.stm32cube.ide.mcu.externaltools.gnu-tools-for-stm32.12.3.rel1.linux64_1.1.0.202410170702/tools/bin/../lib/gcc/arm-none-eabi/12.3.1/thumb/v7e-m+fp/hard/crti.o
                0x0800a6cc                _init
 .init          0x0800a6d0        0x8 /opt/st/stm32cubeide_1.17.0/plugins/com.st.stm32cube.ide.mcu.externaltools.gnu-tools-for-stm32.12.3.rel1.linux64_1.1.0.202410170702/tools/bin/../lib/gcc/arm-none-eabi/12.3.1/thumb/v7e-m+fp/hard/crtn.o
 *(.fini)
 .fini          0x0800a6d8        0x4 /opt/st/stm32cubeide_1.17.0/plugins/com.st.stm32cube.ide.mcu.externaltools.gnu-tools-for-stm32.12.3.rel1.linux64_1.1.0.202410170702/tools/bin/../lib/gcc/arm-none-eabi/12.3.1/thumb/v7e-m+fp/hard/crti.o
                0x0800a6d8                _fini
 .fini          0x0800a6dc        0x8 /opt/st/stm32cubeide_1.17.0/plugins/com.st.stm32cube.ide.mcu.externaltools.gnu-tools-for-stm32.12.3.rel1.linux64_1.1.0.202410170702/tools/bin/../lib/gcc/arm-none-eabi/12.3.1/thumb/v7e-m+fp/hard/crtn.o
                0x0800a6e4                        . = ALIGN (0x4)
                0x0800a6e4                        _etext = .

.vfp11_veneer   0x0800a6e4        0x0
 .vfp11_veneer  0x0800a6e4        0x0 linker stubs

.v4_bx          0x0800a6e4        0x0
 .v4_bx         0x0800a6e4        0x0 linker stubs

.iplt           0x0800a6e4        0x0
 .iplt          0x0800a6e4        0x0 /opt/st/stm32cubeide_1.17.0/plugins/com.st.stm32cube.ide.mcu.externaltools.gnu-tools-for-stm32.12.3.rel1.linux64_1.1.0.202410170702/tools/bin/../lib/gcc/arm-none-eabi/12.3.1/thumb/v7e-m+fp/hard/crtbegin.o

.rodata         0x0800a6e8     0x39f0
                0x0800a6e8                        . = ALIGN (0x4)
 *(.rodata)
 .rodata        0x0800a6e8        0xb ./Core/Src/network_int.o
 .rodata        0x0800a6f3       0x17 ./Core/Src/ssd1306.o
 *(.rodata*)
 .rodata.check_DHCP_leasedIP.str1.1
                0x0800a70a       0x12 ./Core/Src/dhcp.o
 .rodata.main.str1.1
                0x0800a71c      0x1db ./Core/Src/main.o
                                0x1df (size before relaxing)
 .rodata.Callback_IPAssigned.str1.1
                0x0800a8f7       0x2d ./Core/Src/network_int.o
 .rodata.Callback_IPConflict.str1.1
                0x0800a924       0x19 ./Core/Src/network_int.o
 .rodata.linsten_tcp_socket.str1.1
                0x0800a93d     0x2cb0 ./Core/Src/network_int.o
                               0x2cc5 (size before relaxing)
 .rodata.init_w5500.str1.1
                0x0800d5ed      0x14a ./Core/Src/network_int.o
 *fill*         0x0800d737        0x1 
 .rodata.Font6x8
                0x0800d738      0x5f0 ./Core/Src/ssd1306_fonts.o
 .rodata.APBPrescTable
                0x0800dd28        0x8 ./Core/Src/system_stm32g4xx.o
                0x0800dd28                APBPrescTable
 .rodata.AHBPrescTable
                0x0800dd30       0x10 ./Core/Src/system_stm32g4xx.o
                0x0800dd30                AHBPrescTable
 .rodata.UARTPrescTable
                0x0800dd40       0x18 ./Drivers/STM32G4xx_HAL_Driver/Src/stm32g4xx_hal_uart.o
                0x0800dd40                UARTPrescTable
 .rodata.denominator.0
                0x0800dd58        0x8 ./Drivers/STM32G4xx_HAL_Driver/Src/stm32g4xx_hal_uart_ex.o
 .rodata.numerator.1
                0x0800dd60        0x8 ./Drivers/STM32G4xx_HAL_Driver/Src/stm32g4xx_hal_uart_ex.o
 .rodata._ctype_
                0x0800dd68      0x101 /opt/st/stm32cubeide_1.17.0/plugins/com.st.stm32cube.ide.mcu.externaltools.gnu-tools-for-stm32.12.3.rel1.linux64_1.1.0.202410170702/tools/bin/../lib/gcc/arm-none-eabi/12.3.1/../../../../arm-none-eabi/lib/thumb/v7e-m+fp/hard/libc_nano.a(libc_a-ctype_.o)
                0x0800dd68                _ctype_
 .rodata._printf_float.str1.1
                0x0800de69       0x12 /opt/st/stm32cubeide_1.17.0/plugins/com.st.stm32cube.ide.mcu.externaltools.gnu-tools-for-stm32.12.3.rel1.linux64_1.1.0.202410170702/tools/bin/../lib/gcc/arm-none-eabi/12.3.1/../../../../arm-none-eabi/lib/thumb/v7e-m+fp/hard/libc_nano.a(libc_a-nano-vfprintf_float.o)
 .rodata._printf_i.str1.1
                0x0800de7b       0x22 /opt/st/stm32cubeide_1.17.0/plugins/com.st.stm32cube.ide.mcu.externaltools.gnu-tools-for-stm32.12.3.rel1.linux64_1.1.0.202410170702/tools/bin/../lib/gcc/arm-none-eabi/12.3.1/../../../../arm-none-eabi/lib/thumb/v7e-m+fp/hard/libc_nano.a(libc_a-nano-vfprintf_i.o)
 .rodata._dtoa_r.str1.1
                0x0800de9d       0x8d /opt/st/stm32cubeide_1.17.0/plugins/com.st.stm32cube.ide.mcu.externaltools.gnu-tools-for-stm32.12.3.rel1.linux64_1.1.0.202410170702/tools/bin/../lib/gcc/arm-none-eabi/12.3.1/../../../../arm-none-eabi/lib/thumb/v7e-m+fp/hard/libc_nano.a(libc_a-dtoa.o)
                                 0x8f (size before relaxing)
 .rodata._Balloc.str1.1
                0x0800df2a       0x59 /opt/st/stm32cubeide_1.17.0/plugins/com.st.stm32cube.ide.mcu.externaltools.gnu-tools-for-stm32.12.3.rel1.linux64_1.1.0.202410170702/tools/bin/../lib/gcc/arm-none-eabi/12.3.1/../../../../arm-none-eabi/lib/thumb/v7e-m+fp/hard/libc_nano.a(libc_a-mprec.o)
                                 0x70 (size before relaxing)
 .rodata.__multadd.str1.1
                0x0800df83       0x11 /opt/st/stm32cubeide_1.17.0/plugins/com.st.stm32cube.ide.mcu.externaltools.gnu-tools-for-stm32.12.3.rel1.linux64_1.1.0.202410170702/tools/bin/../lib/gcc/arm-none-eabi/12.3.1/../../../../arm-none-eabi/lib/thumb/v7e-m+fp/hard/libc_nano.a(libc_a-mprec.o)
 *fill*         0x0800df83        0x1 
 .rodata.p05.0  0x0800df84        0xc /opt/st/stm32cubeide_1.17.0/plugins/com.st.stm32cube.ide.mcu.externaltools.gnu-tools-for-stm32.12.3.rel1.linux64_1.1.0.202410170702/tools/bin/../lib/gcc/arm-none-eabi/12.3.1/../../../../arm-none-eabi/lib/thumb/v7e-m+fp/hard/libc_nano.a(libc_a-mprec.o)
 .rodata.__mprec_bigtens
                0x0800df90       0x28 /opt/st/stm32cubeide_1.17.0/plugins/com.st.stm32cube.ide.mcu.externaltools.gnu-tools-for-stm32.12.3.rel1.linux64_1.1.0.202410170702/tools/bin/../lib/gcc/arm-none-eabi/12.3.1/../../../../arm-none-eabi/lib/thumb/v7e-m+fp/hard/libc_nano.a(libc_a-mprec.o)
                0x0800df90                __mprec_bigtens
 .rodata.__mprec_tens
                0x0800dfb8       0xc8 /opt/st/stm32cubeide_1.17.0/plugins/com.st.stm32cube.ide.mcu.externaltools.gnu-tools-for-stm32.12.3.rel1.linux64_1.1.0.202410170702/tools/bin/../lib/gcc/arm-none-eabi/12.3.1/../../../../arm-none-eabi/lib/thumb/v7e-m+fp/hard/libc_nano.a(libc_a-mprec.o)
                0x0800dfb8                __mprec_tens
 .rodata._svfprintf_r.str1.1
                0x0800e080       0x11 /opt/st/stm32cubeide_1.17.0/plugins/com.st.stm32cube.ide.mcu.externaltools.gnu-tools-for-stm32.12.3.rel1.linux64_1.1.0.202410170702/tools/bin/../lib/gcc/arm-none-eabi/12.3.1/../../../../arm-none-eabi/lib/thumb/v7e-m+fp/hard/libc_nano.a(libc_a-nano-svfprintf.o)
 .rodata._setlocale_r.str1.1
                0x0800e091        0x8 /opt/st/stm32cubeide_1.17.0/plugins/com.st.stm32cube.ide.mcu.externaltools.gnu-tools-for-stm32.12.3.rel1.linux64_1.1.0.202410170702/tools/bin/../lib/gcc/arm-none-eabi/12.3.1/../../../../arm-none-eabi/lib/thumb/v7e-m+fp/hard/libc_nano.a(libc_a-locale.o)
                                  0x9 (size before relaxing)
 .rodata.str1.1
                0x0800e099        0x8 /opt/st/stm32cubeide_1.17.0/plugins/com.st.stm32cube.ide.mcu.externaltools.gnu-tools-for-stm32.12.3.rel1.linux64_1.1.0.202410170702/tools/bin/../lib/gcc/arm-none-eabi/12.3.1/../../../../arm-none-eabi/lib/thumb/v7e-m+fp/hard/libc_nano.a(libc_a-locale.o)
                                  0x2 (size before relaxing)
 .rodata.__assert_func.str1.1
                0x0800e099       0x3c /opt/st/stm32cubeide_1.17.0/plugins/com.st.stm32cube.ide.mcu.externaltools.gnu-tools-for-stm32.12.3.rel1.linux64_1.1.0.202410170702/tools/bin/../lib/gcc/arm-none-eabi/12.3.1/../../../../arm-none-eabi/lib/thumb/v7e-m+fp/hard/libc_nano.a(libc_a-assert.o)
                                 0x3d (size before relaxing)
 .rodata._vfprintf_r.str1.1
                0x0800e0d5       0x11 /opt/st/stm32cubeide_1.17.0/plugins/com.st.stm32cube.ide.mcu.externaltools.gnu-tools-for-stm32.12.3.rel1.linux64_1.1.0.202410170702/tools/bin/../lib/gcc/arm-none-eabi/12.3.1/../../../../arm-none-eabi/lib/thumb/v7e-m+fp/hard/libc_nano.a(libc_a-nano-vfprintf.o)
                0x0800e0e8                        . = ALIGN (0x4)
 *fill*         0x0800e0d5        0x3 

.ARM.extab      0x0800e0d8        0x0
                0x0800e0d8                        . = ALIGN (0x4)
 *(.ARM.extab* .gnu.linkonce.armextab.*)
                0x0800e0d8                        . = ALIGN (0x4)

.ARM            0x0800e0d8        0x8
                0x0800e0d8                        . = ALIGN (0x4)
                0x0800e0d8                        __exidx_start = .
 *(.ARM.exidx*)
 .ARM.exidx     0x0800e0d8        0x8 /opt/st/stm32cubeide_1.17.0/plugins/com.st.stm32cube.ide.mcu.externaltools.gnu-tools-for-stm32.12.3.rel1.linux64_1.1.0.202410170702/tools/bin/../lib/gcc/arm-none-eabi/12.3.1/../../../../arm-none-eabi/lib/thumb/v7e-m+fp/hard/libc_nano.a(libc_a-strcmp.o)
 .ARM.exidx     0x0800e0e0        0x0 /opt/st/stm32cubeide_1.17.0/plugins/com.st.stm32cube.ide.mcu.externaltools.gnu-tools-for-stm32.12.3.rel1.linux64_1.1.0.202410170702/tools/bin/../lib/gcc/arm-none-eabi/12.3.1/../../../../arm-none-eabi/lib/thumb/v7e-m+fp/hard/libc_nano.a(libc_a-memchr.o)
                                  0x8 (size before relaxing)
 .ARM.exidx     0x0800e0e0        0x0 /opt/st/stm32cubeide_1.17.0/plugins/com.st.stm32cube.ide.mcu.externaltools.gnu-tools-for-stm32.12.3.rel1.linux64_1.1.0.202410170702/tools/bin/../lib/gcc/arm-none-eabi/12.3.1/../../../../arm-none-eabi/lib/thumb/v7e-m+fp/hard/libc_nano.a(libc_a-strlen.o)
                                  0x8 (size before relaxing)
 .ARM.exidx     0x0800e0e0        0x0 /opt/st/stm32cubeide_1.17.0/plugins/com.st.stm32cube.ide.mcu.externaltools.gnu-tools-for-stm32.12.3.rel1.linux64_1.1.0.202410170702/tools/bin/../lib/gcc/arm-none-eabi/12.3.1/thumb/v7e-m+fp/hard/libgcc.a(_udivmoddi4.o)
                                  0x8 (size before relaxing)
                0x0800e0e0                        __exidx_end = .
                0x0800e0e0                        . = ALIGN (0x4)

.preinit_array  0x0800e0e0        0x0
                0x0800e0e0                        . = ALIGN (0x4)
                0x0800e0e0                        PROVIDE (__preinit_array_start = .)
 *(.preinit_array*)
                0x0800e0e0                        PROVIDE (__preinit_array_end = .)
                0x0800e0e0                        . = ALIGN (0x4)

.init_array     0x0800e0e0        0x4
                0x0800e0e0                        . = ALIGN (0x4)
                0x0800e0e0                        PROVIDE (__init_array_start = .)
 *(SORT_BY_NAME(.init_array.*))
 *(.init_array*)
 .init_array    0x0800e0e0        0x4 /opt/st/stm32cubeide_1.17.0/plugins/com.st.stm32cube.ide.mcu.externaltools.gnu-tools-for-stm32.12.3.rel1.linux64_1.1.0.202410170702/tools/bin/../lib/gcc/arm-none-eabi/12.3.1/thumb/v7e-m+fp/hard/crtbegin.o
                0x0800e0e4                        PROVIDE (__init_array_end = .)
                0x0800e0e4                        . = ALIGN (0x4)

.fini_array     0x0800e0e4        0x4
                0x0800e0e4                        . = ALIGN (0x4)
                [!provide]                        PROVIDE (__fini_array_start = .)
 *(SORT_BY_NAME(.fini_array.*))
 *(.fini_array*)
 .fini_array    0x0800e0e4        0x4 /opt/st/stm32cubeide_1.17.0/plugins/com.st.stm32cube.ide.mcu.externaltools.gnu-tools-for-stm32.12.3.rel1.linux64_1.1.0.202410170702/tools/bin/../lib/gcc/arm-none-eabi/12.3.1/thumb/v7e-m+fp/hard/crtbegin.o
                [!provide]                        PROVIDE (__fini_array_end = .)
                0x0800e0e8                        . = ALIGN (0x4)
                0x0800e0e8                        _sidata = LOADADDR (.data)

.rel.dyn        0x0800e0e8        0x0
 .rel.iplt      0x0800e0e8        0x0 /opt/st/stm32cubeide_1.17.0/plugins/com.st.stm32cube.ide.mcu.externaltools.gnu-tools-for-stm32.12.3.rel1.linux64_1.1.0.202410170702/tools/bin/../lib/gcc/arm-none-eabi/12.3.1/thumb/v7e-m+fp/hard/crtbegin.o

.data           0x20000000      0x34c load address 0x0800e0e8
                0x20000000                        . = ALIGN (0x4)
                0x20000000                        _sdata = .
 *(.data)
 *(.data*)
 .data.dhcp_ip_conflict
                0x20000000        0x4 ./Core/Src/dhcp.o
                0x20000000                dhcp_ip_conflict
 .data.dhcp_ip_update
                0x20000004        0x4 ./Core/Src/dhcp.o
                0x20000004                dhcp_ip_update
 .data.dhcp_ip_assign
                0x20000008        0x4 ./Core/Src/dhcp.o
                0x20000008                dhcp_ip_assign
 .data.HOST_NAME
                0x2000000c        0x8 ./Core/Src/dhcp.o
                0x2000000c                HOST_NAME
 .data.dhcp_tick_next
                0x20000014        0x4 ./Core/Src/dhcp.o
                0x20000014                dhcp_tick_next
 .data.dhcp_lease_time
                0x20000018        0x4 ./Core/Src/dhcp.o
                0x20000018                dhcp_lease_time
 .data.ampLevel
                0x2000001c        0x1 ./Core/Src/main.o
                0x2000001c                ampLevel
 *fill*         0x2000001d        0x1 
 .data.COMPLevel
                0x2000001e        0x2 ./Core/Src/main.o
                0x2000001e                COMPLevel
 .data.HVLevel  0x20000020        0x2 ./Core/Src/main.o
                0x20000020                HVLevel
 .data.wait_connect_flag
                0x20000022        0x1 ./Core/Src/network_int.o
                0x20000022                wait_connect_flag
 .data.net_info